Archive member included to satisfy reference by file (symbol)

C:/Users/Marius/Documents/DWM1001/Source_Code/DWM1001_on_board_package/DWM1001_on_board_package_R2.0/dwm/examples/dwm-twr-ranges/../../lib/libdwm.a(ble-server.o)
                              C:/Users/Marius/Documents/DWM1001/Source_Code/DWM1001_on_board_package/DWM1001_on_board_package_R2.0/dwm/examples/dwm-twr-ranges/../../lib/dwm.o (ble_add_shell_cmds)
C:/Users/Marius/Documents/DWM1001/Source_Code/DWM1001_on_board_package/DWM1001_on_board_package_R2.0/dwm/examples/dwm-twr-ranges/../../lib/libdwm.a(ble_srv_common.o)
                              C:/Users/Marius/Documents/DWM1001/Source_Code/DWM1001_on_board_package/DWM1001_on_board_package_R2.0/dwm/examples/dwm-twr-ranges/../../lib/libdwm.a(ble-server.o) (ble_srv_is_notification_enabled)
C:/Users/Marius/Documents/DWM1001/Source_Code/DWM1001_on_board_package/DWM1001_on_board_package_R2.0/dwm/examples/dwm-twr-ranges/../../lib/libdwm.a(dw1000.o)
                              C:/Users/Marius/Documents/DWM1001/Source_Code/DWM1001_on_board_package/DWM1001_on_board_package_R2.0/dwm/examples/dwm-twr-ranges/../../lib/libdwm.a(ble-server.o) (dw_rand)
C:/Users/Marius/Documents/DWM1001/Source_Code/DWM1001_on_board_package/DWM1001_on_board_package_R2.0/dwm/examples/dwm-twr-ranges/../../lib/libdwm.a(dwm-math.o)
                              C:/Users/Marius/Documents/DWM1001/Source_Code/DWM1001_on_board_package/DWM1001_on_board_package_R2.0/dwm/examples/dwm-twr-ranges/../../lib/libdwm.a(dw1000.o) (flog10)
C:/Users/Marius/Documents/DWM1001/Source_Code/DWM1001_on_board_package/DWM1001_on_board_package_R2.0/dwm/examples/dwm-twr-ranges/../../lib/libdwm.a(dwm.o)
                              C:/Users/Marius/Documents/DWM1001/Source_Code/DWM1001_on_board_package/DWM1001_on_board_package_R2.0/dwm/examples/dwm-twr-ranges/output/compiler/dwm-simple.o (dwm_thread_create)
C:/Users/Marius/Documents/DWM1001/Source_Code/DWM1001_on_board_package/DWM1001_on_board_package_R2.0/dwm/examples/dwm-twr-ranges/../../lib/libdwm.a(env-tlv.o)
                              C:/Users/Marius/Documents/DWM1001/Source_Code/DWM1001_on_board_package/DWM1001_on_board_package_R2.0/dwm/examples/dwm-twr-ranges/../../lib/dwm.o (env_load)
C:/Users/Marius/Documents/DWM1001/Source_Code/DWM1001_on_board_package/DWM1001_on_board_package_R2.0/dwm/examples/dwm-twr-ranges/../../lib/libdwm.a(fwup.o)
                              C:/Users/Marius/Documents/DWM1001/Source_Code/DWM1001_on_board_package/DWM1001_on_board_package_R2.0/dwm/examples/dwm-twr-ranges/../../lib/libdwm.a(ble-server.o) (fwup_rcvr_in_progress)
C:/Users/Marius/Documents/DWM1001/Source_Code/DWM1001_on_board_package/DWM1001_on_board_package_R2.0/dwm/examples/dwm-twr-ranges/../../lib/libdwm.a(hal.o)
                              C:/Users/Marius/Documents/DWM1001/Source_Code/DWM1001_on_board_package/DWM1001_on_board_package_R2.0/dwm/examples/dwm-twr-ranges/../../lib/libdwm.a(dwm.o) (hal_factory_reset)
C:/Users/Marius/Documents/DWM1001/Source_Code/DWM1001_on_board_package/DWM1001_on_board_package_R2.0/dwm/examples/dwm-twr-ranges/../../lib/libdwm.a(nrf_drv_rng.o)
                              C:/Users/Marius/Documents/DWM1001/Source_Code/DWM1001_on_board_package/DWM1001_on_board_package_R2.0/dwm/examples/dwm-twr-ranges/../../lib/libdwm.a(hal.o) (nrf_drv_rng_init)
C:/Users/Marius/Documents/DWM1001/Source_Code/DWM1001_on_board_package/DWM1001_on_board_package_R2.0/dwm/examples/dwm-twr-ranges/../../lib/libdwm.a(pm.o)
                              C:/Users/Marius/Documents/DWM1001/Source_Code/DWM1001_on_board_package/DWM1001_on_board_package_R2.0/dwm/examples/dwm-twr-ranges/../../lib/libdwm.a(ble-server.o) (pm_sched_signal)
C:/Users/Marius/Documents/DWM1001/Source_Code/DWM1001_on_board_package/DWM1001_on_board_package_R2.0/dwm/examples/dwm-twr-ranges/../../lib/libdwm.a(process-api.o)
                              C:/Users/Marius/Documents/DWM1001/Source_Code/DWM1001_on_board_package/DWM1001_on_board_package_R2.0/dwm/examples/dwm-twr-ranges/../../lib/dwm.o (api_thread_start)
C:/Users/Marius/Documents/DWM1001/Source_Code/DWM1001_on_board_package/DWM1001_on_board_package_R2.0/dwm/examples/dwm-twr-ranges/../../lib/libdwm.a(process-ble.o)
                              C:/Users/Marius/Documents/DWM1001/Source_Code/DWM1001_on_board_package/DWM1001_on_board_package_R2.0/dwm/examples/dwm-twr-ranges/../../lib/libdwm.a(ble-server.o) (ble_server_evt_put)
C:/Users/Marius/Documents/DWM1001/Source_Code/DWM1001_on_board_package/DWM1001_on_board_package_R2.0/dwm/examples/dwm-twr-ranges/../../lib/libdwm.a(process-le.o)
                              C:/Users/Marius/Documents/DWM1001/Source_Code/DWM1001_on_board_package/DWM1001_on_board_package_R2.0/dwm/examples/dwm-twr-ranges/../../lib/dwm.o (le_init)
C:/Users/Marius/Documents/DWM1001/Source_Code/DWM1001_on_board_package/DWM1001_on_board_package_R2.0/dwm/examples/dwm-twr-ranges/../../lib/libdwm.a(process-pm.o)
[...]
Memory Configuration

Name             Origin             Length             Attributes
sram             0x200035e0         0x0000ba20
flash            0x00044000         0x0003c000
*default*        0x00000000         0xffffffff

Linker script and memory map

LOAD C:/Users/Marius/Documents/DWM1001/Source_Code/DWM1001_on_board_package/DWM1001_on_board_package_R2.0/dwm/examples/dwm-twr-ranges/../../lib\vectors.o
LOAD C:/Users/Marius/Documents/DWM1001/Source_Code/DWM1001_on_board_package/DWM1001_on_board_package_R2.0/dwm/examples/dwm-twr-ranges/output/compiler/dwm-simple.o
LOAD C:/Users/Marius/Documents/DWM1001/Source_Code/DWM1001_on_board_package/DWM1001_on_board_package_R2.0/dwm/examples/dwm-twr-ranges/../../lib/dwm.o
LOAD C:/Users/Marius/Documents/DWM1001/Source_Code/DWM1001_on_board_package/DWM1001_on_board_package_R2.0/dwm/examples/dwm-twr-ranges/../../lib/libdwm.a
LOAD c:/program files (x86)/gnu tools arm embedded/5.4 2016q3/bin/../lib/gcc/arm-none-eabi/5.4.1/../../../../arm-none-eabi/lib/armv7e-m/fpu\libm.a
LOAD c:/program files (x86)/gnu tools arm embedded/5.4 2016q3/bin/../lib/gcc/arm-none-eabi/5.4.1/armv7e-m/fpu\libgcc.a
LOAD c:/program files (x86)/gnu tools arm embedded/5.4 2016q3/bin/../lib/gcc/arm-none-eabi/5.4.1/../../../../arm-none-eabi/lib/armv7e-m/fpu\libc.a
LOAD c:/program files (x86)/gnu tools arm embedded/5.4 2016q3/bin/../lib/gcc/arm-none-eabi/5.4.1/../../../../arm-none-eabi/lib/armv7e-m/fpu\libnosys.a
LOAD C:/Users/Marius/Documents/DWM1001/Source_Code/DWM1001_on_board_package/DWM1001_on_board_package_R2.0/dwm/examples/dwm-twr-ranges/../../lib\extras.o
START GROUP
LOAD C:/Users/Marius/Documents/DWM1001/Source_Code/DWM1001_on_board_package/DWM1001_on_board_package_R2.0/dwm/examples/dwm-twr-ranges/../../lib\libtarget.a
LOAD c:/program files (x86)/gnu tools arm embedded/5.4 2016q3/bin/../lib/gcc/arm-none-eabi/5.4.1/armv7e-m/fpu\libgcc.a
LOAD c:/program files (x86)/gnu tools arm embedded/5.4 2016q3/bin/../lib/gcc/arm-none-eabi/5.4.1/../../../../arm-none-eabi/lib/armv7e-m/fpu\libsupc++.a
END GROUP

.debug_aranges  0x00000000       0x30
 *(.debug_aranges)
 .debug_aranges
                0x00000000       0x30 C:/Users/Marius/Documents/DWM1001/Source_Code/DWM1001_on_board_package/DWM1001_on_board_package_R2.0/dwm/examples/dwm-twr-ranges/output/compiler/dwm-simple.o

.debug_pubnames
 *(.debug_pubnames)

.debug_info     0x00000000      0x5da
 *(.debug_info)
 .debug_info    0x00000000      0x5da C:/Users/Marius/Documents/DWM1001/Source_Code/DWM1001_on_board_package/DWM1001_on_board_package_R2.0/dwm/examples/dwm-twr-ranges/output/compiler/dwm-simple.o

.debug_abbrev   0x00000000      0x18e
 *(.debug_abbrev)
 .debug_abbrev  0x00000000      0x18e C:/Users/Marius/Documents/DWM1001/Source_Code/DWM1001_on_board_package/DWM1001_on_board_package_R2.0/dwm/examples/dwm-twr-ranges/output/compiler/dwm-simple.o

.debug_line     0x00000000      0x18e
 *(.debug_line)
 .debug_line    0x00000000      0x18e C:/Users/Marius/Documents/DWM1001/Source_Code/DWM1001_on_board_package/DWM1001_on_board_package_R2.0/dwm/examples/dwm-twr-ranges/output/compiler/dwm-simple.o

.debug_frame    0x00000000     0x17e8
 *(.debug_frame)
 .debug_frame   0x00000000       0x78 C:/Users/Marius/Documents/DWM1001/Source_Code/DWM1001_on_board_package/DWM1001_on_board_package_R2.0/dwm/examples/dwm-twr-ranges/output/compiler/dwm-simple.o
 .debug_frame   0x00000078       0x30 c:/program files (x86)/gnu tools arm embedded/5.4 2016q3/bin/../lib/gcc/arm-none-eabi/5.4.1/../../../../arm-none-eabi/lib/armv7e-m/fpu\libm.a(lib_a-s_ceil.o)
 .debug_frame   0x000000a8       0x30 c:/program files (x86)/gnu tools arm embedded/5.4 2016q3/bin/../lib/gcc/arm-none-eabi/5.4.1/../../../../arm-none-eabi/lib/armv7e-m/fpu\libm.a(lib_a-s_floor.o)
 .debug_frame   0x000000d8       0x58 c:/program files (x86)/gnu tools arm embedded/5.4 2016q3/bin/../lib/gcc/arm-none-eabi/5.4.1/../../../../arm-none-eabi/lib/armv7e-m/fpu\libm.a(lib_a-w_sqrt.o)
 .debug_frame   0x00000130       0x30 c:/program files (x86)/gnu tools arm embedded/5.4 2016q3/bin/../lib/gcc/arm-none-eabi/5.4.1/../../../../arm-none-eabi/lib/armv7e-m/fpu\libm.a(lib_a-e_sqrt.o)
 .debug_frame   0x00000160       0x20 c:/program files (x86)/gnu tools arm embedded/5.4 2016q3/bin/../lib/gcc/arm-none-eabi/5.4.1/../../../../arm-none-eabi/lib/armv7e-m/fpu\libm.a(lib_a-s_matherr.o)
 .debug_frame   0x00000180       0x44 c:/program files (x86)/gnu tools arm embedded/5.4 2016q3/bin/../lib/gcc/arm-none-eabi/5.4.1/armv7e-m/fpu\libgcc.a(_aeabi_ldivmod.o)
 .debug_frame   0x000001c4       0x2c c:/program files (x86)/gnu tools arm embedded/5.4 2016q3/bin/../lib/gcc/arm-none-eabi/5.4.1/armv7e-m/fpu\libgcc.a(_aeabi_uldivmod.o)
 .debug_frame   0x000001f0       0x2c c:/program files (x86)/gnu tools arm embedded/5.4 2016q3/bin/../lib/gcc/arm-none-eabi/5.4.1/armv7e-m/fpu\libgcc.a(_fixunssfdi.o)
 .debug_frame   0x0000021c       0x2c c:/program files (x86)/gnu tools arm embedded/5.4 2016q3/bin/../lib/gcc/arm-none-eabi/5.4.1/armv7e-m/fpu\libgcc.a(_fixunsdfdi.o)
 .debug_frame   0x00000248       0x34 c:/program files (x86)/gnu tools arm embedded/5.4 2016q3/bin/../lib/gcc/arm-none-eabi/5.4.1/armv7e-m/fpu\libgcc.a(_udivmoddi4.o)
 .debug_frame   0x0000027c       0x30 c:/program files (x86)/gnu tools arm embedded/5.4 2016q3/bin/../lib/gcc/arm-none-eabi/5.4.1/../../../../arm-none-eabi/lib/armv7e-m/fpu\libc.a(lib_a-atoi.o)
 .debug_frame   0x000002ac       0x20 c:/program files (x86)/gnu tools arm embedded/5.4 2016q3/bin/../lib/gcc/arm-none-eabi/5.4.1/../../../../arm-none-eabi/lib/armv7e-m/fpu\libc.a(lib_a-calloc.o)
 .debug_frame   0x000002cc       0x28 c:/program files (x86)/gnu tools arm embedded/5.4 2016q3/bin/../lib/gcc/arm-none-eabi/5.4.1/../../../../arm-none-eabi/lib/armv7e-m/fpu\libc.a(lib_a-callocr.o)
 .debug_frame   0x000002f4       0x20 c:/program files (x86)/gnu tools arm embedded/5.4 2016q3/bin/../lib/gcc/arm-none-eabi/5.4.1/../../../../arm-none-eabi/lib/armv7e-m/fpu\libc.a(lib_a-errno.o)
 .debug_frame   0x00000314       0x6c c:/program files (x86)/gnu tools arm embedded/5.4 2016q3/bin/../lib/gcc/arm-none-eabi/5.4.1/../../../../arm-none-eabi/lib/armv7e-m/fpu\libc.a(lib_a-fflush.o)
 .debug_frame   0x00000380      0x124 c:/program files (x86)/gnu tools arm embedded/5.4 2016q3/bin/../lib/gcc/arm-none-eabi/5.4.1/../../../../arm-none-eabi/lib/armv7e-m/fpu\libc.a(lib_a-findfp.o)
 .debug_frame   0x000004a4       0x74 c:/program files (x86)/gnu tools arm embedded/5.4 2016q3/bin/../lib/gcc/arm-none-eabi/5.4.1/../../../../arm-none-eabi/lib/armv7e-m/fpu\libc.a(lib_a-freer.o)
 .debug_frame   0x00000518       0x54 c:/program files (x86)/gnu tools arm embedded/5.4 2016q3/bin/../lib/gcc/arm-none-eabi/5.4.1/../../../../arm-none-eabi/lib/armv7e-m/fpu\libc.a(lib_a-fwalk.o)
 .debug_frame   0x0000056c       0x30 c:/program files (x86)/gnu tools arm embedded/5.4 2016q3/bin/../lib/gcc/arm-none-eabi/5.4.1/../../../../arm-none-eabi/lib/armv7e-m/fpu\libc.a(lib_a-malloc.o)
 .debug_frame   0x0000059c       0x58 c:/program files (x86)/gnu tools arm embedded/5.4 2016q3/bin/../lib/gcc/arm-none-eabi/5.4.1/../../../../arm-none-eabi/lib/armv7e-m/fpu\libc.a(lib_a-mallocr.o)
 .debug_frame   0x000005f4       0x38 c:/program files (x86)/gnu tools arm embedded/5.4 2016q3/bin/../lib/gcc/arm-none-eabi/5.4.1/../../../../arm-none-eabi/lib/armv7e-m/fpu\libc.a(lib_a-memcmp.o)
 .debug_frame   0x0000062c       0x34 c:/program files (x86)/gnu tools arm embedded/5.4 2016q3/bin/../lib/gcc/arm-none-eabi/5.4.1/../../../../arm-none-eabi/lib/armv7e-m/fpu\libc.a(lib_a-memset.o)
 .debug_frame   0x00000660       0x30 c:/program files (x86)/gnu tools arm embedded/5.4 2016q3/bin/../lib/gcc/arm-none-eabi/5.4.1/../../../../arm-none-eabi/lib/armv7e-m/fpu\libc.a(lib_a-mlock.o)
 .debug_frame   0x00000690       0x80 c:/program files (x86)/gnu tools arm embedded/5.4 2016q3/bin/../lib/gcc/arm-none-eabi/5.4.1/../../../../arm-none-eabi/lib/armv7e-m/fpu\libc.a(lib_a-mstats.o)
 .debug_frame   0x00000710       0x74 c:/program files (x86)/gnu tools arm embedded/5.4 2016q3/bin/../lib/gcc/arm-none-eabi/5.4.1/../../../../arm-none-eabi/lib/armv7e-m/fpu\libc.a(lib_a-printf.o)
 .debug_frame   0x00000784       0x30 c:/program files (x86)/gnu tools arm embedded/5.4 2016q3/bin/../lib/gcc/arm-none-eabi/5.4.1/../../../../arm-none-eabi/lib/armv7e-m/fpu\libc.a(lib_a-putchar.o)
 .debug_frame   0x000007b4       0x48 c:/program files (x86)/gnu tools arm embedded/5.4 2016q3/bin/../lib/gcc/arm-none-eabi/5.4.1/../../../../arm-none-eabi/lib/armv7e-m/fpu\libc.a(lib_a-puts.o)
 .debug_frame   0x000007fc       0x2c c:/program files (x86)/gnu tools arm embedded/5.4 2016q3/bin/../lib/gcc/arm-none-eabi/5.4.1/../../../../arm-none-eabi/lib/armv7e-m/fpu\libc.a(lib_a-sbrkr.o)
 .debug_frame   0x00000828       0xd0 c:/program files (x86)/gnu tools arm embedded/5.4 2016q3/bin/../lib/gcc/arm-none-eabi/5.4.1/../../../../arm-none-eabi/lib/armv7e-m/fpu\libc.a(lib_a-snprintf.o)
 .debug_frame   0x000008f8       0x88 c:/program files (x86)/gnu tools arm embedded/5.4 2016q3/bin/../lib/gcc/arm-none-eabi/5.4.1/../../../../arm-none-eabi/lib/armv7e-m/fpu\libc.a(lib_a-stdio.o)
 .debug_frame   0x00000980       0x68 c:/program files (x86)/gnu tools arm embedded/5.4 2016q3/bin/../lib/gcc/arm-none-eabi/5.4.1/../../../../arm-none-eabi/lib/armv7e-m/fpu\libc.a(lib_a-strcmp.o)
 .debug_frame   0x000009e8       0x54 c:/program files (x86)/gnu tools arm embedded/5.4 2016q3/bin/../lib/gcc/arm-none-eabi/5.4.1/../../../../arm-none-eabi/lib/armv7e-m/fpu\libc.a(lib_a-strncmp.o)
 .debug_frame   0x00000a3c       0x30 c:/program files (x86)/gnu tools arm embedded/5.4 2016q3/bin/../lib/gcc/arm-none-eabi/5.4.1/../../../../arm-none-eabi/lib/armv7e-m/fpu\libc.a(lib_a-strnlen.o)
 .debug_frame   0x00000a6c       0x20 c:/program files (x86)/gnu tools arm embedded/5.4 2016q3/bin/../lib/gcc/arm-none-eabi/5.4.1/../../../../arm-none-eabi/lib/armv7e-m/fpu\libc.a(lib_a-strtok.o)
 .debug_frame   0x00000a8c       0x48 c:/program files (x86)/gnu tools arm embedded/5.4 2016q3/bin/../lib/gcc/arm-none-eabi/5.4.1/../../../../arm-none-eabi/lib/armv7e-m/fpu\libc.a(lib_a-strtok_r.o)
 .debug_frame   0x00000ad4       0x98 c:/program files (x86)/gnu tools arm embedded/5.4 2016q3/bin/../lib/gcc/arm-none-eabi/5.4.1/../../../../arm-none-eabi/lib/armv7e-m/fpu\libc.a(lib_a-strtol.o)
 .debug_frame   0x00000b6c       0x98 c:/program files (x86)/gnu tools arm embedded/5.4 2016q3/bin/../lib/gcc/arm-none-eabi/5.4.1/../../../../arm-none-eabi/lib/armv7e-m/fpu\libc.a(lib_a-strtoul.o)
 .debug_frame   0x00000c04       0x44 c:/program files (x86)/gnu tools arm embedded/5.4 2016q3/bin/../lib/gcc/arm-none-eabi/5.4.1/../../../../arm-none-eabi/lib/armv7e-m/fpu\libc.a(lib_a-svfprintf.o)
 .debug_frame   0x00000c48       0x88 c:/program files (x86)/gnu tools arm embedded/5.4 2016q3/bin/../lib/gcc/arm-none-eabi/5.4.1/../../../../arm-none-eabi/lib/armv7e-m/fpu\libc.a(lib_a-vfprintf.o)
 .debug_frame   0x00000cd0       0x2c c:/program files (x86)/gnu tools arm embedded/5.4 2016q3/bin/../lib/gcc/arm-none-eabi/5.4.1/../../../../arm-none-eabi/lib/armv7e-m/fpu\libc.a(lib_a-writer.o)
 .debug_frame   0x00000cfc       0x2c c:/program files (x86)/gnu tools arm embedded/5.4 2016q3/bin/../lib/gcc/arm-none-eabi/5.4.1/../../../../arm-none-eabi/lib/armv7e-m/fpu\libc.a(lib_a-wsetup.o)
 .debug_frame   0x00000d28       0x2c c:/program files (x86)/gnu tools arm embedded/5.4 2016q3/bin/../lib/gcc/arm-none-eabi/5.4.1/../../../../arm-none-eabi/lib/armv7e-m/fpu\libc.a(lib_a-closer.o)
 .debug_frame   0x00000d54       0x88 c:/program files (x86)/gnu tools arm embedded/5.4 2016q3/bin/../lib/gcc/arm-none-eabi/5.4.1/../../../../arm-none-eabi/lib/armv7e-m/fpu\libc.a(lib_a-dtoa.o)
 .debug_frame   0x00000ddc       0x44 c:/program files (x86)/gnu tools arm embedded/5.4 2016q3/bin/../lib/gcc/arm-none-eabi/5.4.1/../../../../arm-none-eabi/lib/armv7e-m/fpu\libc.a(lib_a-fclose.o)
 .debug_frame   0x00000e20       0x68 c:/program files (x86)/gnu tools arm embedded/5.4 2016q3/bin/../lib/gcc/arm-none-eabi/5.4.1/../../../../arm-none-eabi/lib/armv7e-m/fpu\libc.a(lib_a-fvwrite.o)
 .debug_frame   0x00000e88       0x84 c:/program files (x86)/gnu tools arm embedded/5.4 2016q3/bin/../lib/gcc/arm-none-eabi/5.4.1/../../../../arm-none-eabi/lib/armv7e-m/fpu\libc.a(lib_a-locale.o)
 .debug_frame   0x00000f0c       0x40 c:/program files (x86)/gnu tools arm embedded/5.4 2016q3/bin/../lib/gcc/arm-none-eabi/5.4.1/../../../../arm-none-eabi/lib/armv7e-m/fpu\libc.a(lib_a-localeconv.o)
 .debug_frame   0x00000f4c       0x2c c:/program files (x86)/gnu tools arm embedded/5.4 2016q3/bin/../lib/gcc/arm-none-eabi/5.4.1/../../../../arm-none-eabi/lib/armv7e-m/fpu\libc.a(lib_a-lseekr.o)
 .debug_frame   0x00000f78       0x68 c:/program files (x86)/gnu tools arm embedded/5.4 2016q3/bin/../lib/gcc/arm-none-eabi/5.4.1/../../../../arm-none-eabi/lib/armv7e-m/fpu\libc.a(lib_a-makebuf.o)
 .debug_frame   0x00000fe0       0x50 c:/program files (x86)/gnu tools arm embedded/5.4 2016q3/bin/../lib/gcc/arm-none-eabi/5.4.1/../../../../arm-none-eabi/lib/armv7e-m/fpu\libc.a(lib_a-mallinfor.o)
 .debug_frame   0x00001030       0x4c c:/program files (x86)/gnu tools arm embedded/5.4 2016q3/bin/../lib/gcc/arm-none-eabi/5.4.1/../../../../arm-none-eabi/lib/armv7e-m/fpu\libc.a(lib_a-mbtowc_r.o)
 .debug_frame   0x0000107c       0x30 c:/program files (x86)/gnu tools arm embedded/5.4 2016q3/bin/../lib/gcc/arm-none-eabi/5.4.1/../../../../arm-none-eabi/lib/armv7e-m/fpu\libc.a(lib_a-memmove.o)
 .debug_frame   0x000010ac      0x264 c:/program files (x86)/gnu tools arm embedded/5.4 2016q3/bin/../lib/gcc/arm-none-eabi/5.4.1/../../../../arm-none-eabi/lib/armv7e-m/fpu\libc.a(lib_a-mprec.o)
 .debug_frame   0x00001310       0x58 c:/program files (x86)/gnu tools arm embedded/5.4 2016q3/bin/../lib/gcc/arm-none-eabi/5.4.1/../../../../arm-none-eabi/lib/armv7e-m/fpu\libc.a(lib_a-putc.o)
 .debug_frame   0x00001368       0x2c c:/program files (x86)/gnu tools arm embedded/5.4 2016q3/bin/../lib/gcc/arm-none-eabi/5.4.1/../../../../arm-none-eabi/lib/armv7e-m/fpu\libc.a(lib_a-readr.o)
 .debug_frame   0x00001394       0x60 c:/program files (x86)/gnu tools arm embedded/5.4 2016q3/bin/../lib/gcc/arm-none-eabi/5.4.1/../../../../arm-none-eabi/lib/armv7e-m/fpu\libc.a(lib_a-reallocr.o)
 .debug_frame   0x000013f4       0x58 c:/program files (x86)/gnu tools arm embedded/5.4 2016q3/bin/../lib/gcc/arm-none-eabi/5.4.1/../../../../arm-none-eabi/lib/armv7e-m/fpu\libc.a(lib_a-reent.o)
 .debug_frame   0x0000144c       0x78 c:/program files (x86)/gnu tools arm embedded/5.4 2016q3/bin/../lib/gcc/arm-none-eabi/5.4.1/../../../../arm-none-eabi/lib/armv7e-m/fpu\libc.a(lib_a-svfiprintf.o)
 .debug_frame   0x000014c4       0xc8 c:/program files (x86)/gnu tools arm embedded/5.4 2016q3/bin/../lib/gcc/arm-none-eabi/5.4.1/../../../../arm-none-eabi/lib/armv7e-m/fpu\libc.a(lib_a-vfiprintf.o)
 .debug_frame   0x0000158c       0x40 c:/program files (x86)/gnu tools arm embedded/5.4 2016q3/bin/../lib/gcc/arm-none-eabi/5.4.1/../../../../arm-none-eabi/lib/armv7e-m/fpu\libc.a(lib_a-wbuf.o)
 .debug_frame   0x000015cc       0x3c c:/program files (x86)/gnu tools arm embedded/5.4 2016q3/bin/../lib/gcc/arm-none-eabi/5.4.1/../../../../arm-none-eabi/lib/armv7e-m/fpu\libc.a(lib_a-wctomb_r.o)
 .debug_frame   0x00001608       0x8c c:/program files (x86)/gnu tools arm embedded/5.4 2016q3/bin/../lib/gcc/arm-none-eabi/5.4.1/../../../../arm-none-eabi/lib/armv7e-m/fpu\libc.a(lib_a-fputwc.o)
 .debug_frame   0x00001694       0x2c c:/program files (x86)/gnu tools arm embedded/5.4 2016q3/bin/../lib/gcc/arm-none-eabi/5.4.1/../../../../arm-none-eabi/lib/armv7e-m/fpu\libc.a(lib_a-fstatr.o)
 .debug_frame   0x000016c0       0x2c c:/program files (x86)/gnu tools arm embedded/5.4 2016q3/bin/../lib/gcc/arm-none-eabi/5.4.1/../../../../arm-none-eabi/lib/armv7e-m/fpu\libc.a(lib_a-isattyr.o)
 .debug_frame   0x000016ec       0x5c c:/program files (x86)/gnu tools arm embedded/5.4 2016q3/bin/../lib/gcc/arm-none-eabi/5.4.1/../../../../arm-none-eabi/lib/armv7e-m/fpu\libc.a(lib_a-wcrtomb.o)
 .debug_frame   0x00001748       0x20 c:/program files (x86)/gnu tools arm embedded/5.4 2016q3/bin/../lib/gcc/arm-none-eabi/5.4.1/../../../../arm-none-eabi/lib/armv7e-m/fpu\libnosys.a(close.o)
 .debug_frame   0x00001768       0x20 c:/program files (x86)/gnu tools arm embedded/5.4 2016q3/bin/../lib/gcc/arm-none-eabi/5.4.1/../../../../arm-none-eabi/lib/armv7e-m/fpu\libnosys.a(fstat.o)
 .debug_frame   0x00001788       0x20 c:/program files (x86)/gnu tools arm embedded/5.4 2016q3/bin/../lib/gcc/arm-none-eabi/5.4.1/../../../../arm-none-eabi/lib/armv7e-m/fpu\libnosys.a(isatty.o)
 .debug_frame   0x000017a8       0x20 c:/program files (x86)/gnu tools arm embedded/5.4 2016q3/bin/../lib/gcc/arm-none-eabi/5.4.1/../../../../arm-none-eabi/lib/armv7e-m/fpu\libnosys.a(lseek.o)
 .debug_frame   0x000017c8       0x20 c:/program files (x86)/gnu tools arm embedded/5.4 2016q3/bin/../lib/gcc/arm-none-eabi/5.4.1/../../../../arm-none-eabi/lib/armv7e-m/fpu\libsupc++.a(atexit_arm.o)

.debug_str      0x00000000      0x53e
 *(.debug_str)
 .debug_str     0x00000000      0x53e C:/Users/Marius/Documents/DWM1001/Source_Code/DWM1001_on_board_package/DWM1001_on_board_package_R2.0/dwm/examples/dwm-twr-ranges/output/compiler/dwm-simple.o
                                0x5b1 (size before relaxing)

.debug_loc
 *(.debug_loc)

.debug_macinfo
 *(.debug_macinfo)

.note.arm.ident
 *(.note.arm.ident)

/DISCARD/
 *(.fini_array*)

.rom_vectors    0x00044000        0x8
                0x00044000                __rom_vectors_vma = ABSOLUTE (.)
                0x00044000                . = .
 *(.vectors)
 .vectors       0x00044000        0x8 C:/Users/Marius/Documents/DWM1001/Source_Code/DWM1001_on_board_package/DWM1001_on_board_package_R2.0/dwm/examples/dwm-twr-ranges/../../lib\vectors.o
                0x00044000                __rom_vectors_lma = LOADADDR (.rom_vectors)

.rel.text
 *(.rel.text)
 *(.rel.text.*)
 *(.rel.gnu.linkonce.t*)

.rela.text
 *(.rela.text)
 *(.rela.text.*)
 *(.rela.gnu.linkonce.t*)

.rel.data
 *(.rel.data)
 *(.rel.data.*)
 *(.rel.gnu.linkonce.d*)

.rela.data
 *(.rela.data)
 *(.rela.data.*)
 *(.rela.gnu.linkonce.d*)

.rel.rodata
 *(.rel.rodata)
 *(.rel.rodata.*)
 *(.rel.gnu.linkonce.r*)

.rela.rodata
 *(.rela.rodata)
 *(.rela.rodata.*)
 *(.rela.gnu.linkonce.r*)

.rel.got
 *(.rel.got)

.rela.got
 *(.rela.got)

.rel.ctors
 *(.rel.ctors)

.rela.ctors
 *(.rela.ctors)

.rel.dtors
 *(.rel.dtors)

.rela.dtors
 *(.rela.dtors)

.rel.init
 *(.rel.init)

.rela.init
 *(.rela.init)

.rel.fini
 *(.rel.fini)

.rela.fini
 *(.rela.fini)

.rel.bss
 *(.rel.bss)

.rela.bss
 *(.rela.bss)

.rel.plt
 *(.rel.plt)

.rela.plt
 *(.rela.plt)

.rel.dyn        0x00044008        0x0
 *(.rel.dyn)
 .rel.iplt      0x00044008        0x0 C:/Users/Marius/Documents/DWM1001/Source_Code/DWM1001_on_board_package/DWM1001_on_board_package_R2.0/dwm/examples/dwm-twr-ranges/../../lib\vectors.o

.ARM.extab      0x00044008        0x0
                [!provide]                PROVIDE (__stext, ABSOLUTE (.))
                0x00044008                _stext = ABSOLUTE (.)
                0x00044008                . = .
 *(.ARM.extab* .gnu.linkonce.armextab.*)
                0x00044008                . = ALIGN (0x8)
                0x00044008                __exidx_start = ABSOLUTE (.)

.ARM.exidx      0x00044008        0x8
 *(.ARM.exidx* .gnu.linkonce.armexidx.*)
 .ARM.exidx     0x00044008        0x8 c:/program files (x86)/gnu tools arm embedded/5.4 2016q3/bin/../lib/gcc/arm-none-eabi/5.4.1/armv7e-m/fpu\libgcc.a(_udivmoddi4.o)
 .ARM.exidx.text.__aeabi_atexit
                0x00044010        0x0 c:/program files (x86)/gnu tools arm embedded/5.4 2016q3/bin/../lib/gcc/arm-none-eabi/5.4.1/../../../../arm-none-eabi/lib/armv7e-m/fpu\libsupc++.a(atexit_arm.o)
                                  0x8 (size before relaxing)
                0x00044010                . = .
                0x00044010                __exidx_end = ABSOLUTE (.)

.text           0x00044010    0x29b64
 *(.text*)
 .text          0x00044010       0xec C:/Users/Marius/Documents/DWM1001/Source_Code/DWM1001_on_board_package/DWM1001_on_board_package_R2.0/dwm/examples/dwm-twr-ranges/../../lib\vectors.o
                0x00044010                reset_vector
                0x0004401c                hal_switch_state_vsr
                0x0004403c                hal_default_exception_vsr
                0x0004406e                hal_default_interrupt_vsr
                0x00044082                hal_pendable_svc_vsr
                0x000440a8                hal_interrupt_end_done
                0x000440ac                hal_interrupt_end_vsr
                0x000440ba                hal_call_dsrs_vsr
                0x000440be                hal_default_svc_vsr
                0x000440cc                hal_usagefault_exception_vsr
                0x000440f4                hal_boot_jump_asm
 .text.on_dwm_evt
                0x000440fc       0xb0 C:/Users/Marius/Documents/DWM1001/Source_Code/DWM1001_on_board_package/DWM1001_on_board_package_R2.0/dwm/examples/dwm-twr-ranges/output/compiler/dwm-simple.o
                0x000440fc                on_dwm_evt
 .text.app_thread_entry
                0x000441ac       0xa0 C:/Users/Marius/Documents/DWM1001/Source_Code/DWM1001_on_board_package/DWM1001_on_board_package_R2.0/dwm/examples/dwm-twr-ranges/output/compiler/dwm-simple.o
                0x000441ac                app_thread_entry
 .text.dwm_user_start
                0x0004424c       0x58 C:/Users/Marius/Documents/DWM1001/Source_Code/DWM1001_on_board_package/DWM1001_on_board_package_R2.0/dwm/examples/dwm-twr-ranges/output/compiler/dwm-simple.o
                0x0004424c                dwm_user_start
 .text.user_thread_create
                0x000442a4       0x84 C:/Users/Marius/Documents/DWM1001/Source_Code/DWM1001_on_board_package/DWM1001_on_board_package_R2.0/dwm/examples/dwm-twr-ranges/../../lib/dwm.o
                0x000442a4                user_thread_create
 .text.user_thread_resume
                0x00044328       0x38 C:/Users/Marius/Documents/DWM1001/Source_Code/DWM1001_on_board_package/DWM1001_on_board_package_R2.0/dwm/examples/dwm-twr-ranges/../../lib/dwm.o
                0x00044328                user_thread_resume
 .text.dwm_shell_add_commands
                0x00044360       0x6c C:/Users/Marius/Documents/DWM1001/Source_Code/DWM1001_on_board_package/DWM1001_on_board_package_R2.0/dwm/examples/dwm-twr-ranges/../../lib/dwm.o
                0x00044360                dwm_shell_add_commands
 .text.cyg_user_start
                0x000443cc      0x13c C:/Users/Marius/Documents/DWM1001/Source_Code/DWM1001_on_board_package/DWM1001_on_board_package_R2.0/dwm/examples/dwm-twr-ranges/../../lib/dwm.o
                0x000443cc                cyg_user_start
 .text.ble_adv_is_enabled
                0x00044508        0xc C:/Users/Marius/Documents/DWM1001/Source_Code/DWM1001_on_board_package/DWM1001_on_board_package_R2.0/dwm/examples/dwm-twr-ranges/../../lib/libdwm.a(ble-server.o)
                0x00044508                ble_adv_is_enabled
 .text.ble_add_shell_cmds
                0x00044514       0x10 C:/Users/Marius/Documents/DWM1001/Source_Code/DWM1001_on_board_package/DWM1001_on_board_package_R2.0/dwm/examples/dwm-twr-ranges/../../lib/libdwm.a(ble-server.o)
                0x00044514                ble_add_shell_cmds
 .text.ble_start
                0x00044524       0x10 C:/Users/Marius/Documents/DWM1001/Source_Code/DWM1001_on_board_package/DWM1001_on_board_package_R2.0/dwm/examples/dwm-twr-ranges/../../lib/libdwm.a(ble-server.o)
                0x00044524                ble_start
 .text.ble_stop
                0x00044534       0x10 C:/Users/Marius/Documents/DWM1001/Source_Code/DWM1001_on_board_package/DWM1001_on_board_package_R2.0/dwm/examples/dwm-twr-ranges/../../lib/libdwm.a(ble-server.o)
                0x00044534                ble_stop
 .text.ble_req_stop
                0x00044544       0x10 C:/Users/Marius/Documents/DWM1001/Source_Code/DWM1001_on_board_package/DWM1001_on_board_package_R2.0/dwm/examples/dwm-twr-ranges/../../lib/libdwm.a(ble-server.o)
                0x00044544                ble_req_stop
 .text.ble_stop_is_needed
                0x00044554        0xc C:/Users/Marius/Documents/DWM1001/Source_Code/DWM1001_on_board_package/DWM1001_on_board_package_R2.0/dwm/examples/dwm-twr-ranges/../../lib/libdwm.a(ble-server.o)
                0x00044554                ble_stop_is_needed
 .text.ble_autosuspend_disable
                0x00044560        0xc C:/Users/Marius/Documents/DWM1001/Source_Code/DWM1001_on_board_package/DWM1001_on_board_package_R2.0/dwm/examples/dwm-twr-ranges/../../lib/libdwm.a(ble-server.o)
                0x00044560                ble_autosuspend_disable
 .text.ble_autosuspend_enable
                0x0004456c        0xc C:/Users/Marius/Documents/DWM1001/Source_Code/DWM1001_on_board_package/DWM1001_on_board_package_R2.0/dwm/examples/dwm-twr-ranges/../../lib/libdwm.a(ble-server.o)
                0x0004456c                ble_autosuspend_enable
 .text.ble_label_set
                0x00044578       0x10 C:/Users/Marius/Documents/DWM1001/Source_Code/DWM1001_on_board_package/DWM1001_on_board_package_R2.0/dwm/examples/dwm-twr-ranges/../../lib/libdwm.a(ble-server.o)
                0x00044578                ble_label_set
 .text.ble_ur_set
                0x00044588       0x10 C:/Users/Marius/Documents/DWM1001/Source_Code/DWM1001_on_board_package/DWM1001_on_board_package_R2.0/dwm/examples/dwm-twr-ranges/../../lib/libdwm.a(ble-server.o)
                0x00044588                ble_ur_set
 .text.ble_pan_id_set
                0x00044598       0x10 C:/Users/Marius/Documents/DWM1001/Source_Code/DWM1001_on_board_package/DWM1001_on_board_package_R2.0/dwm/examples/dwm-twr-ranges/../../lib/libdwm.a(ble-server.o)
                0x00044598                ble_pan_id_set
 .text.ble_addr_set
                0x000445a8       0x14 C:/Users/Marius/Documents/DWM1001/Source_Code/DWM1001_on_board_package/DWM1001_on_board_package_R2.0/dwm/examples/dwm-twr-ranges/../../lib/libdwm.a(ble-server.o)
                0x000445a8                ble_addr_set
 .text.ble_addr_get
                0x000445bc       0x14 C:/Users/Marius/Documents/DWM1001/Source_Code/DWM1001_on_board_package/DWM1001_on_board_package_R2.0/dwm/examples/dwm-twr-ranges/../../lib/libdwm.a(ble-server.o)
                0x000445bc                ble_addr_get
 .text.ble_an_list_set
                0x000445d0       0x10 C:/Users/Marius/Documents/DWM1001/Source_Code/DWM1001_on_board_package/DWM1001_on_board_package_R2.0/dwm/examples/dwm-twr-ranges/../../lib/libdwm.a(ble-server.o)
                0x000445d0                ble_an_list_set
 .text.ble_mac_cl_info_set
                0x000445e0       0x10 C:/Users/Marius/Documents/DWM1001/Source_Code/DWM1001_on_board_package/DWM1001_on_board_package_R2.0/dwm/examples/dwm-twr-ranges/../../lib/libdwm.a(ble-server.o)
                0x000445e0                ble_mac_cl_info_set
 .text.ble_mac_stat_set
                0x000445f0       0x10 C:/Users/Marius/Documents/DWM1001/Source_Code/DWM1001_on_board_package/DWM1001_on_board_package_R2.0/dwm/examples/dwm-twr-ranges/../../lib/libdwm.a(ble-server.o)
                0x000445f0                ble_mac_stat_set
 .text.ble_proxy_set
                0x00044600       0x14 C:/Users/Marius/Documents/DWM1001/Source_Code/DWM1001_on_board_package/DWM1001_on_board_package_R2.0/dwm/examples/dwm-twr-ranges/../../lib/libdwm.a(ble-server.o)
                0x00044600                ble_proxy_set
 .text.ble_sys_info
                0x00044614       0x10 C:/Users/Marius/Documents/DWM1001/Source_Code/DWM1001_on_board_package/DWM1001_on_board_package_R2.0/dwm/examples/dwm-twr-ranges/../../lib/libdwm.a(ble-server.o)
                0x00044614                ble_sys_info
 *fill*         0x00044624        0x4 
 .text.dw_usec_to_devt
                0x00044628       0x20 C:/Users/Marius/Documents/DWM1001/Source_Code/DWM1001_on_board_package/DWM1001_on_board_package_R2.0/dwm/examples/dwm-twr-ranges/../../lib/libdwm.a(dw1000.o)
                0x00044628                dw_usec_to_devt
 .text.dw_read_sys_time
                0x00044648       0x40 C:/Users/Marius/Documents/DWM1001/Source_Code/DWM1001_on_board_package/DWM1001_on_board_package_R2.0/dwm/examples/dwm-twr-ranges/../../lib/libdwm.a(dw1000.o)
                0x00044648                dw_read_sys_time
 .text.dw_rand  0x00044688       0x18 C:/Users/Marius/Documents/DWM1001/Source_Code/DWM1001_on_board_package/DWM1001_on_board_package_R2.0/dwm/examples/dwm-twr-ranges/../../lib/libdwm.a(dw1000.o)
                0x00044688                dw_rand
 .text.dw_near_timeout
                0x000446a0       0x50 C:/Users/Marius/Documents/DWM1001/Source_Code/DWM1001_on_board_package/DWM1001_on_board_package_R2.0/dwm/examples/dwm-twr-ranges/../../lib/libdwm.a(dw1000.o)
                0x000446a0                dw_near_timeout
 .text.dw_tx_reset
                0x000446f0       0x3a C:/Users/Marius/Documents/DWM1001/Source_Code/DWM1001_on_board_package/DWM1001_on_board_package_R2.0/dwm/examples/dwm-twr-ranges/../../lib/libdwm.a(dw1000.o)
                0x000446f0                dw_tx_reset
 .text.dw_buf_write
                0x0004472a       0xd4 C:/Users/Marius/Documents/DWM1001/Source_Code/DWM1001_on_board_package/DWM1001_on_board_package_R2.0/dwm/examples/dwm-twr-ranges/../../lib/libdwm.a(dw1000.o)
                0x0004472a                dw_buf_write
 .text.dw_buf_start
                0x000447fe       0x90 C:/Users/Marius/Documents/DWM1001/Source_Code/DWM1001_on_board_package/DWM1001_on_board_package_R2.0/dwm/examples/dwm-twr-ranges/../../lib/libdwm.a(dw1000.o)
                0x000447fe                dw_buf_start
 .text.dw_buf_await_send
                0x0004488e       0x54 C:/Users/Marius/Documents/DWM1001/Source_Code/DWM1001_on_board_package/DWM1001_on_board_package_R2.0/dwm/examples/dwm-twr-ranges/../../lib/libdwm.a(dw1000.o)
                0x0004488e                dw_buf_await_send
 .text.dw_buf_send
                0x000448e2       0x1e C:/Users/Marius/Documents/DWM1001/Source_Code/DWM1001_on_board_package/DWM1001_on_board_package_R2.0/dwm/examples/dwm-twr-ranges/../../lib/libdwm.a(dw1000.o)
                0x000448e2                dw_buf_send
 .text.dw_rx_on
                0x00044900       0x20 C:/Users/Marius/Documents/DWM1001/Source_Code/DWM1001_on_board_package/DWM1001_on_board_package_R2.0/dwm/examples/dwm-twr-ranges/../../lib/libdwm.a(dw1000.o)
                0x00044900                dw_rx_on
 .text.dw_rxto_on
                0x00044920       0x40 C:/Users/Marius/Documents/DWM1001/Source_Code/DWM1001_on_board_package/DWM1001_on_board_package_R2.0/dwm/examples/dwm-twr-ranges/../../lib/libdwm.a(dw1000.o)
                0x00044920                dw_rxto_on
 .text.dw_get_preamble_len
                0x00044960       0x18 C:/Users/Marius/Documents/DWM1001/Source_Code/DWM1001_on_board_package/DWM1001_on_board_package_R2.0/dwm/examples/dwm-twr-ranges/../../lib/libdwm.a(dw1000.o)
                0x00044960                dw_get_preamble_len
 .text.dw_get_frame_len
                0x00044978      0x124 C:/Users/Marius/Documents/DWM1001/Source_Code/DWM1001_on_board_package/DWM1001_on_board_package_R2.0/dwm/examples/dwm-twr-ranges/../../lib/libdwm.a(dw1000.o)
                0x00044978                dw_get_frame_len
 *fill*         0x00044a9c        0x4 
 .text.dw_get_qf
                0x00044aa0      0x16c C:/Users/Marius/Documents/DWM1001/Source_Code/DWM1001_on_board_package/DWM1001_on_board_package_R2.0/dwm/examples/dwm-twr-ranges/../../lib/libdwm.a(dw1000.o)
                0x00044aa0                dw_get_qf
 *fill*         0x00044c0c        0x4 
 .text.dw_get_rssi
                0x00044c10       0xb8 C:/Users/Marius/Documents/DWM1001/Source_Code/DWM1001_on_board_package/DWM1001_on_board_package_R2.0/dwm/examples/dwm-twr-ranges/../../lib/libdwm.a(dw1000.o)
                0x00044c10                dw_get_rssi
 .text.dw_set_ch_cfg
                0x00044cc8        0xa C:/Users/Marius/Documents/DWM1001/Source_Code/DWM1001_on_board_package/DWM1001_on_board_package_R2.0/dwm/examples/dwm-twr-ranges/../../lib/libdwm.a(dw1000.o)
                0x00044cc8                dw_set_ch_cfg
 .text.dw_set_tx_cfg
                0x00044cd2       0x1a C:/Users/Marius/Documents/DWM1001/Source_Code/DWM1001_on_board_package/DWM1001_on_board_package_R2.0/dwm/examples/dwm-twr-ranges/../../lib/libdwm.a(dw1000.o)
                0x00044cd2                dw_set_tx_cfg
 .text.dw_set_ant_tx_delay
                0x00044cec        0x8 C:/Users/Marius/Documents/DWM1001/Source_Code/DWM1001_on_board_package/DWM1001_on_board_package_R2.0/dwm/examples/dwm-twr-ranges/../../lib/libdwm.a(dw1000.o)
                0x00044cec                dw_set_ant_tx_delay
 .text.dw_get_temp
                0x00044cf4       0x36 C:/Users/Marius/Documents/DWM1001/Source_Code/DWM1001_on_board_package/DWM1001_on_board_package_R2.0/dwm/examples/dwm-twr-ranges/../../lib/libdwm.a(dw1000.o)
                0x00044cf4                dw_get_temp
 .text.dw_rsl_workaround
                0x00044d2a       0x1c C:/Users/Marius/Documents/DWM1001/Source_Code/DWM1001_on_board_package/DWM1001_on_board_package_R2.0/dwm/examples/dwm-twr-ranges/../../lib/libdwm.a(dw1000.o)
                0x00044d2a                dw_rsl_workaround
 *fill*         0x00044d46        0x2 
 .text.dw_bw_txpwr_comp
                0x00044d48      0x1f8 C:/Users/Marius/Documents/DWM1001/Source_Code/DWM1001_on_board_package/DWM1001_on_board_package_R2.0/dwm/examples/dwm-twr-ranges/../../lib/libdwm.a(dw1000.o)
                0x00044d48                dw_bw_txpwr_comp
 .text.dw_tx_cb
                0x00044f40       0x7c C:/Users/Marius/Documents/DWM1001/Source_Code/DWM1001_on_board_package/DWM1001_on_board_package_R2.0/dwm/examples/dwm-twr-ranges/../../lib/libdwm.a(dw1000.o)
                0x00044f40                dw_tx_cb
 .text.dw_rx_cb
                0x00044fbc      0x18a C:/Users/Marius/Documents/DWM1001/Source_Code/DWM1001_on_board_package/DWM1001_on_board_package_R2.0/dwm/examples/dwm-twr-ranges/../../lib/libdwm.a(dw1000.o)
                0x00044fbc                dw_rx_cb
 .text.dw_sleep
                0x00045146       0x54 C:/Users/Marius/Documents/DWM1001/Source_Code/DWM1001_on_board_package/DWM1001_on_board_package_R2.0/dwm/examples/dwm-twr-ranges/../../lib/libdwm.a(dw1000.o)
                0x00045146                dw_sleep
 .text.dw_rxdata_read
                0x0004519a       0x10 C:/Users/Marius/Documents/DWM1001/Source_Code/DWM1001_on_board_package/DWM1001_on_board_package_R2.0/dwm/examples/dwm-twr-ranges/../../lib/libdwm.a(dw1000.o)
                0x0004519a                dw_rxdata_read
 *fill*         0x000451aa        0x2 
 .text.dw_init  0x000451ac       0xac C:/Users/Marius/Documents/DWM1001/Source_Code/DWM1001_on_board_package/DWM1001_on_board_package_R2.0/dwm/examples/dwm-twr-ranges/../../lib/libdwm.a(dw1000.o)
                0x000451ac                dw_init
 .text.dw_set_src_addr
                0x00045258       0x7a C:/Users/Marius/Documents/DWM1001/Source_Code/DWM1001_on_board_package/DWM1001_on_board_package_R2.0/dwm/examples/dwm-twr-ranges/../../lib/libdwm.a(dw1000.o)
                0x00045258                dw_set_src_addr
 .text.dw_get_src_addr
                0x000452d2        0xc C:/Users/Marius/Documents/DWM1001/Source_Code/DWM1001_on_board_package/DWM1001_on_board_package_R2.0/dwm/examples/dwm-twr-ranges/../../lib/libdwm.a(dw1000.o)
                0x000452d2                dw_get_src_addr
 .text.dw_get_event
                0x000452de       0x70 C:/Users/Marius/Documents/DWM1001/Source_Code/DWM1001_on_board_package/DWM1001_on_board_package_R2.0/dwm/examples/dwm-twr-ranges/../../lib/libdwm.a(dw1000.o)
                0x000452de                dw_get_event
 *fill*         0x0004534e        0x2 
 .text.uwb_get_if
                0x00045350       0x10 C:/Users/Marius/Documents/DWM1001/Source_Code/DWM1001_on_board_package/DWM1001_on_board_package_R2.0/dwm/examples/dwm-twr-ranges/../../lib/libdwm.a(dw1000.o)
                0x00045350                uwb_get_if
 .text.dw1000_init
                0x00045360       0xd8 C:/Users/Marius/Documents/DWM1001/Source_Code/DWM1001_on_board_package/DWM1001_on_board_package_R2.0/dwm/examples/dwm-twr-ranges/../../lib/libdwm.a(dw1000.o)
                0x00045360                dw1000_init
 .text.dw_dump_cfg
                0x00045438      0x278 C:/Users/Marius/Documents/DWM1001/Source_Code/DWM1001_on_board_package/DWM1001_on_board_package_R2.0/dwm/examples/dwm-twr-ranges/../../lib/libdwm.a(dw1000.o)
                0x00045438                dw_dump_cfg
 .text.uwb_sys_info
                0x000456b0      0x100 C:/Users/Marius/Documents/DWM1001/Source_Code/DWM1001_on_board_package/DWM1001_on_board_package_R2.0/dwm/examples/dwm-twr-ranges/../../lib/libdwm.a(dw1000.o)
                0x000456b0                uwb_sys_info
 .text.fact     0x000457b0       0x12 C:/Users/Marius/Documents/DWM1001/Source_Code/DWM1001_on_board_package/DWM1001_on_board_package_R2.0/dwm/examples/dwm-twr-ranges/../../lib/libdwm.a(dwm-math.o)
                0x000457b0                fact
 *fill*         0x000457c2        0x2 
 .text.flog10   0x000457c4       0x28 C:/Users/Marius/Documents/DWM1001/Source_Code/DWM1001_on_board_package/DWM1001_on_board_package_R2.0/dwm/examples/dwm-twr-ranges/../../lib/libdwm.a(dwm-math.o)
                0x000457c4                flog10
 .text.get_dist
                0x000457ec       0xc4 C:/Users/Marius/Documents/DWM1001/Source_Code/DWM1001_on_board_package/DWM1001_on_board_package_R2.0/dwm/examples/dwm-twr-ranges/../../lib/libdwm.a(dwm-math.o)
                0x000457ec                get_dist
 .text.dwm_pm_init
                0x000458b0       0x34 C:/Users/Marius/Documents/DWM1001/Source_Code/DWM1001_on_board_package/DWM1001_on_board_package_R2.0/dwm/examples/dwm-twr-ranges/../../lib/libdwm.a(dwm.o)
 .text.uwbmac_cb
                0x000458e4      0x204 C:/Users/Marius/Documents/DWM1001/Source_Code/DWM1001_on_board_package/DWM1001_on_board_package_R2.0/dwm/examples/dwm-twr-ranges/../../lib/libdwm.a(dwm.o)
 .text.dwm_pm_lock
                0x00045ae8       0x20 C:/Users/Marius/Documents/DWM1001/Source_Code/DWM1001_on_board_package/DWM1001_on_board_package_R2.0/dwm/examples/dwm-twr-ranges/../../lib/libdwm.a(dwm.o)
 .text.dwm_thread_create
                0x00045b08       0x20 C:/Users/Marius/Documents/DWM1001/Source_Code/DWM1001_on_board_package/DWM1001_on_board_package_R2.0/dwm/examples/dwm-twr-ranges/../../lib/libdwm.a(dwm.o)
                0x00045b08                dwm_thread_create
 .text.dwm_thread_resume
                0x00045b28       0x10 C:/Users/Marius/Documents/DWM1001/Source_Code/DWM1001_on_board_package/DWM1001_on_board_package_R2.0/dwm/examples/dwm-twr-ranges/../../lib/libdwm.a(dwm.o)
                0x00045b28                dwm_thread_resume
 .text.dwm_cfg_anchor_set
                0x00045b38       0x52 C:/Users/Marius/Documents/DWM1001/Source_Code/DWM1001_on_board_package/DWM1001_on_board_package_R2.0/dwm/examples/dwm-twr-ranges/../../lib/libdwm.a(dwm.o)
                0x00045b38                dwm_cfg_anchor_set
 .text.dwm_cfg_tag_set
                0x00045b8a       0x66 C:/Users/Marius/Documents/DWM1001/Source_Code/DWM1001_on_board_package/DWM1001_on_board_package_R2.0/dwm/examples/dwm-twr-ranges/../../lib/libdwm.a(dwm.o)
                0x00045b8a                dwm_cfg_tag_set
 .text.dwm_cfg_get
                0x00045bf0       0x72 C:/Users/Marius/Documents/DWM1001/Source_Code/DWM1001_on_board_package/DWM1001_on_board_package_R2.0/dwm/examples/dwm-twr-ranges/../../lib/libdwm.a(dwm.o)
                0x00045bf0                dwm_cfg_get
 .text.dwm_stnry_cfg_set
                0x00045c62       0x1c C:/Users/Marius/Documents/DWM1001/Source_Code/DWM1001_on_board_package/DWM1001_on_board_package_R2.0/dwm/examples/dwm-twr-ranges/../../lib/libdwm.a(dwm.o)
                0x00045c62                dwm_stnry_cfg_set
 .text.dwm_pos_set
                0x00045c7e       0x2e C:/Users/Marius/Documents/DWM1001/Source_Code/DWM1001_on_board_package/DWM1001_on_board_package_R2.0/dwm/examples/dwm-twr-ranges/../../lib/libdwm.a(dwm.o)
                0x00045c7e                dwm_pos_set
 .text.dwm_pos_get
                0x00045cac       0x36 C:/Users/Marius/Documents/DWM1001/Source_Code/DWM1001_on_board_package/DWM1001_on_board_package_R2.0/dwm/examples/dwm-twr-ranges/../../lib/libdwm.a(dwm.o)
                0x00045cac                dwm_pos_get
 .text.dwm_upd_rate_set
                0x00045ce2       0x20 C:/Users/Marius/Documents/DWM1001/Source_Code/DWM1001_on_board_package/DWM1001_on_board_package_R2.0/dwm/examples/dwm-twr-ranges/../../lib/libdwm.a(dwm.o)
                0x00045ce2                dwm_upd_rate_set
 .text.dwm_upd_rate_get
                0x00045d02       0x34 C:/Users/Marius/Documents/DWM1001/Source_Code/DWM1001_on_board_package/DWM1001_on_board_package_R2.0/dwm/examples/dwm-twr-ranges/../../lib/libdwm.a(dwm.o)
                0x00045d02                dwm_upd_rate_get
 .text.dwm_nvm_usr_data_get
                0x00045d36       0x2c C:/Users/Marius/Documents/DWM1001/Source_Code/DWM1001_on_board_package/DWM1001_on_board_package_R2.0/dwm/examples/dwm-twr-ranges/../../lib/libdwm.a(dwm.o)
                0x00045d36                dwm_nvm_usr_data_get
 .text.dwm_nvm_usr_data_set
                0x00045d62       0x22 C:/Users/Marius/Documents/DWM1001/Source_Code/DWM1001_on_board_package/DWM1001_on_board_package_R2.0/dwm/examples/dwm-twr-ranges/../../lib/libdwm.a(dwm.o)
                0x00045d62                dwm_nvm_usr_data_set
 .text.dwm_evt_listener_register
                0x00045d84       0x20 C:/Users/Marius/Documents/DWM1001/Source_Code/DWM1001_on_board_package/DWM1001_on_board_package_R2.0/dwm/examples/dwm-twr-ranges/../../lib/libdwm.a(dwm.o)
                0x00045d84                dwm_evt_listener_register
 .text.dwm_evt_wait
                0x00045da4       0x78 C:/Users/Marius/Documents/DWM1001/Source_Code/DWM1001_on_board_package/DWM1001_on_board_package_R2.0/dwm/examples/dwm-twr-ranges/../../lib/libdwm.a(dwm.o)
                0x00045da4                dwm_evt_wait
 .text.dwm_le_compile
                0x00045e1c        0x4 C:/Users/Marius/Documents/DWM1001/Source_Code/DWM1001_on_board_package/DWM1001_on_board_package_R2.0/dwm/examples/dwm-twr-ranges/../../lib/libdwm.a(dwm.o)
                0x00045e1c                dwm_le_compile
 .text.dwm_serial_spi_compile
                0x00045e20        0x4 C:/Users/Marius/Documents/DWM1001/Source_Code/DWM1001_on_board_package/DWM1001_on_board_package_R2.0/dwm/examples/dwm-twr-ranges/../../lib/libdwm.a(dwm.o)
                0x00045e20                dwm_serial_spi_compile
 .text.dwm_shell_compile
                0x00045e24        0x4 C:/Users/Marius/Documents/DWM1001/Source_Code/DWM1001_on_board_package/DWM1001_on_board_package_R2.0/dwm/examples/dwm-twr-ranges/../../lib/libdwm.a(dwm.o)
                0x00045e24                dwm_shell_compile
 .text.env_get_end
                0x00045e28       0x28 C:/Users/Marius/Documents/DWM1001/Source_Code/DWM1001_on_board_package/DWM1001_on_board_package_R2.0/dwm/examples/dwm-twr-ranges/../../lib/libdwm.a(env-tlv.o)
 .text.env_save
                0x00045e50       0x60 C:/Users/Marius/Documents/DWM1001/Source_Code/DWM1001_on_board_package/DWM1001_on_board_package_R2.0/dwm/examples/dwm-twr-ranges/../../lib/libdwm.a(env-tlv.o)
                0x00045e50                env_save
 .text.env_load
                0x00045eb0       0xe4 C:/Users/Marius/Documents/DWM1001/Source_Code/DWM1001_on_board_package/DWM1001_on_board_package_R2.0/dwm/examples/dwm-twr-ranges/../../lib/libdwm.a(env-tlv.o)
                0x00045eb0                env_load
 .text.env_clear
                0x00045f94       0x48 C:/Users/Marius/Documents/DWM1001/Source_Code/DWM1001_on_board_package/DWM1001_on_board_package_R2.0/dwm/examples/dwm-twr-ranges/../../lib/libdwm.a(env-tlv.o)
                0x00045f94                env_clear
 .text.env_get  0x00045fdc       0x30 C:/Users/Marius/Documents/DWM1001/Source_Code/DWM1001_on_board_package/DWM1001_on_board_package_R2.0/dwm/examples/dwm-twr-ranges/../../lib/libdwm.a(env-tlv.o)
                0x00045fdc                env_get
 .text.env_set  0x0004600c       0xa8 C:/Users/Marius/Documents/DWM1001/Source_Code/DWM1001_on_board_package/DWM1001_on_board_package_R2.0/dwm/examples/dwm-twr-ranges/../../lib/libdwm.a(env-tlv.o)
                0x0004600c                env_set
 .text.fwup_reset
                0x000460b4        0x8 C:/Users/Marius/Documents/DWM1001/Source_Code/DWM1001_on_board_package/DWM1001_on_board_package_R2.0/dwm/examples/dwm-twr-ranges/../../lib/libdwm.a(fwup.o)
                0x000460b4                fwup_reset
 .text.fwup_sndr_init
                0x000460bc       0x6a C:/Users/Marius/Documents/DWM1001/Source_Code/DWM1001_on_board_package/DWM1001_on_board_package_R2.0/dwm/examples/dwm-twr-ranges/../../lib/libdwm.a(fwup.o)
                0x000460bc                fwup_sndr_init
 .text.fwup_rcvr_in_progress
                0x00046126       0x1a C:/Users/Marius/Documents/DWM1001/Source_Code/DWM1001_on_board_package/DWM1001_on_board_package_R2.0/dwm/examples/dwm-twr-ranges/../../lib/libdwm.a(fwup.o)
                0x00046126                fwup_rcvr_in_progress
 .text.fwup_rcvr_stop
                0x00046140       0x16 C:/Users/Marius/Documents/DWM1001/Source_Code/DWM1001_on_board_package/DWM1001_on_board_package_R2.0/dwm/examples/dwm-twr-ranges/../../lib/libdwm.a(fwup.o)
                0x00046140                fwup_rcvr_stop
 .text.fwup_rcvr_start
                0x00046156       0x4c C:/Users/Marius/Documents/DWM1001/Source_Code/DWM1001_on_board_package/DWM1001_on_board_package_R2.0/dwm/examples/dwm-twr-ranges/../../lib/libdwm.a(fwup.o)
                0x00046156                fwup_rcvr_start
 .text.fwup_rcvr_rxbuf_space
                0x000461a2       0x12 C:/Users/Marius/Documents/DWM1001/Source_Code/DWM1001_on_board_package/DWM1001_on_board_package_R2.0/dwm/examples/dwm-twr-ranges/../../lib/libdwm.a(fwup.o)
                0x000461a2                fwup_rcvr_rxbuf_space
 .text.fwup_rcvr_data_handler
                0x000461b4       0x60 C:/Users/Marius/Documents/DWM1001/Source_Code/DWM1001_on_board_package/DWM1001_on_board_package_R2.0/dwm/examples/dwm-twr-ranges/../../lib/libdwm.a(fwup.o)
                0x000461b4                fwup_rcvr_data_handler
 .text.fwup_rcvr_data_write
                0x00046214      0x160 C:/Users/Marius/Documents/DWM1001/Source_Code/DWM1001_on_board_package/DWM1001_on_board_package_R2.0/dwm/examples/dwm-twr-ranges/../../lib/libdwm.a(fwup.o)
                0x00046214                fwup_rcvr_data_write
 .text.fwup_rcvr_is_finished
                0x00046374       0x36 C:/Users/Marius/Documents/DWM1001/Source_Code/DWM1001_on_board_package/DWM1001_on_board_package_R2.0/dwm/examples/dwm-twr-ranges/../../lib/libdwm.a(fwup.o)
                0x00046374                fwup_rcvr_is_finished
 .text.nrf_gpio_pins_toggle
                0x000463aa       0x18 C:/Users/Marius/Documents/DWM1001/Source_Code/DWM1001_on_board_package/DWM1001_on_board_package_R2.0/dwm/examples/dwm-twr-ranges/../../lib/libdwm.a(hal.o)
 .text.sd_rand_application_bytes_available_get
                0x000463c2        0x4 C:/Users/Marius/Documents/DWM1001/Source_Code/DWM1001_on_board_package/DWM1001_on_board_package_R2.0/dwm/examples/dwm-twr-ranges/../../lib/libdwm.a(hal.o)
 .text.sd_rand_application_vector_get
                0x000463c6        0x4 C:/Users/Marius/Documents/DWM1001/Source_Code/DWM1001_on_board_package/DWM1001_on_board_package_R2.0/dwm/examples/dwm-twr-ranges/../../lib/libdwm.a(hal.o)
 .text.sd_clock_hfclk_request
                0x000463ca        0x4 C:/Users/Marius/Documents/DWM1001/Source_Code/DWM1001_on_board_package/DWM1001_on_board_package_R2.0/dwm/examples/dwm-twr-ranges/../../lib/libdwm.a(hal.o)
 .text.sd_clock_hfclk_release
                0x000463ce        0x4 C:/Users/Marius/Documents/DWM1001/Source_Code/DWM1001_on_board_package/DWM1001_on_board_package_R2.0/dwm/examples/dwm-twr-ranges/../../lib/libdwm.a(hal.o)
 .text.sd_app_evt_wait
                0x000463d2        0x4 C:/Users/Marius/Documents/DWM1001/Source_Code/DWM1001_on_board_package/DWM1001_on_board_package_R2.0/dwm/examples/dwm-twr-ranges/../../lib/libdwm.a(hal.o)
 .text.sd_ecb_block_encrypt
                0x000463d6        0x4 C:/Users/Marius/Documents/DWM1001/Source_Code/DWM1001_on_board_package/DWM1001_on_board_package_R2.0/dwm/examples/dwm-twr-ranges/../../lib/libdwm.a(hal.o)
 .text.sd_temp_get
                0x000463da        0x4 C:/Users/Marius/Documents/DWM1001/Source_Code/DWM1001_on_board_package/DWM1001_on_board_package_R2.0/dwm/examples/dwm-twr-ranges/../../lib/libdwm.a(hal.o)
 .text._led_dummy
                0x000463de        0x2 C:/Users/Marius/Documents/DWM1001/Source_Code/DWM1001_on_board_package/DWM1001_on_board_package_R2.0/dwm/examples/dwm-twr-ranges/../../lib/libdwm.a(hal.o)
 .text._led_orange_on
                0x000463e0        0xe C:/Users/Marius/Documents/DWM1001/Source_Code/DWM1001_on_board_package/DWM1001_on_board_package_R2.0/dwm/examples/dwm-twr-ranges/../../lib/libdwm.a(hal.o)
 .text._led_orange_off
                0x000463ee        0xe C:/Users/Marius/Documents/DWM1001/Source_Code/DWM1001_on_board_package/DWM1001_on_board_package_R2.0/dwm/examples/dwm-twr-ranges/../../lib/libdwm.a(hal.o)
 .text._led_orange_toggle
                0x000463fc        0x8 C:/Users/Marius/Documents/DWM1001/Source_Code/DWM1001_on_board_package/DWM1001_on_board_package_R2.0/dwm/examples/dwm-twr-ranges/../../lib/libdwm.a(hal.o)
 .text._led_red_on
                0x00046404        0xe C:/Users/Marius/Documents/DWM1001/Source_Code/DWM1001_on_board_package/DWM1001_on_board_package_R2.0/dwm/examples/dwm-twr-ranges/../../lib/libdwm.a(hal.o)
 .text._led_red_off
                0x00046412        0xe C:/Users/Marius/Documents/DWM1001/Source_Code/DWM1001_on_board_package/DWM1001_on_board_package_R2.0/dwm/examples/dwm-twr-ranges/../../lib/libdwm.a(hal.o)
 .text._led_red_toggle
                0x00046420        0x8 C:/Users/Marius/Documents/DWM1001/Source_Code/DWM1001_on_board_package/DWM1001_on_board_package_R2.0/dwm/examples/dwm-twr-ranges/../../lib/libdwm.a(hal.o)
 .text._led_green_on
                0x00046428        0xe C:/Users/Marius/Documents/DWM1001/Source_Code/DWM1001_on_board_package/DWM1001_on_board_package_R2.0/dwm/examples/dwm-twr-ranges/../../lib/libdwm.a(hal.o)
 .text._led_green_off
                0x00046436        0xe C:/Users/Marius/Documents/DWM1001/Source_Code/DWM1001_on_board_package/DWM1001_on_board_package_R2.0/dwm/examples/dwm-twr-ranges/../../lib/libdwm.a(hal.o)
 .text._led_green_toggle
                0x00046444        0x8 C:/Users/Marius/Documents/DWM1001/Source_Code/DWM1001_on_board_package/DWM1001_on_board_package_R2.0/dwm/examples/dwm-twr-ranges/../../lib/libdwm.a(hal.o)
 .text.wdt_handler
                0x0004644c        0x2 C:/Users/Marius/Documents/DWM1001/Source_Code/DWM1001_on_board_package/DWM1001_on_board_package_R2.0/dwm/examples/dwm-twr-ranges/../../lib/libdwm.a(hal.o)
 *fill*         0x0004644e        0x2 
 .text.hal_factory_reset
                0x00046450       0x30 C:/Users/Marius/Documents/DWM1001/Source_Code/DWM1001_on_board_package/DWM1001_on_board_package_R2.0/dwm/examples/dwm-twr-ranges/../../lib/libdwm.a(hal.o)
                0x00046450                hal_factory_reset
 .text.is_user_app_pin
                0x00046480       0x5c C:/Users/Marius/Documents/DWM1001/Source_Code/DWM1001_on_board_package/DWM1001_on_board_package_R2.0/dwm/examples/dwm-twr-ranges/../../lib/libdwm.a(hal.o)
                0x00046480                is_user_app_pin
 .text.hal_sd_enabled
                0x000464dc        0x8 C:/Users/Marius/Documents/DWM1001/Source_Code/DWM1001_on_board_package/DWM1001_on_board_package_R2.0/dwm/examples/dwm-twr-ranges/../../lib/libdwm.a(hal.o)
                0x000464dc                hal_sd_enabled
 .text.hal_flash_erase
                0x000464e4       0x14 C:/Users/Marius/Documents/DWM1001/Source_Code/DWM1001_on_board_package/DWM1001_on_board_package_R2.0/dwm/examples/dwm-twr-ranges/../../lib/libdwm.a(hal.o)
                0x000464e4                hal_flash_erase
 .text.hal_flash_write_page
                0x000464f8        0x6 C:/Users/Marius/Documents/DWM1001/Source_Code/DWM1001_on_board_package/DWM1001_on_board_package_R2.0/dwm/examples/dwm-twr-ranges/../../lib/libdwm.a(hal.o)
                0x000464f8                hal_flash_write_page
 .text.hal_fw_get_chksum
                0x000464fe       0x42 C:/Users/Marius/Documents/DWM1001/Source_Code/DWM1001_on_board_package/DWM1001_on_board_package_R2.0/dwm/examples/dwm-twr-ranges/../../lib/libdwm.a(hal.o)
                0x000464fe                hal_fw_get_chksum
 .text.hal_fw_is_compat
                0x00046540       0x10 C:/Users/Marius/Documents/DWM1001/Source_Code/DWM1001_on_board_package/DWM1001_on_board_package_R2.0/dwm/examples/dwm-twr-ranges/../../lib/libdwm.a(hal.o)
                0x00046540                hal_fw_is_compat
 .text.hal_time_hfclk_start
                0x00046550       0x1a C:/Users/Marius/Documents/DWM1001/Source_Code/DWM1001_on_board_package/DWM1001_on_board_package_R2.0/dwm/examples/dwm-twr-ranges/../../lib/libdwm.a(hal.o)
                0x00046550                hal_time_hfclk_start
 .text.hal_time_hfclk_stop
                0x0004656a       0x1c C:/Users/Marius/Documents/DWM1001/Source_Code/DWM1001_on_board_package/DWM1001_on_board_package_R2.0/dwm/examples/dwm-twr-ranges/../../lib/libdwm.a(hal.o)
                0x0004656a                hal_time_hfclk_stop
 *fill*         0x00046586        0x2 
 .text.hal_wdt_app_init
                0x00046588       0x10 C:/Users/Marius/Documents/DWM1001/Source_Code/DWM1001_on_board_package/DWM1001_on_board_package_R2.0/dwm/examples/dwm-twr-ranges/../../lib/libdwm.a(hal.o)
                0x00046588                hal_wdt_app_init
 .text.hal_wdt_app_reset
                0x00046598        0x4 C:/Users/Marius/Documents/DWM1001/Source_Code/DWM1001_on_board_package/DWM1001_on_board_package_R2.0/dwm/examples/dwm-twr-ranges/../../lib/libdwm.a(hal.o)
                0x00046598                hal_wdt_app_reset
 .text.hal_temp_get
                0x0004659c       0x80 C:/Users/Marius/Documents/DWM1001/Source_Code/DWM1001_on_board_package/DWM1001_on_board_package_R2.0/dwm/examples/dwm-twr-ranges/../../lib/libdwm.a(hal.o)
                0x0004659c                hal_temp_get
 .text.hal_sleep
                0x0004661c       0xe4 C:/Users/Marius/Documents/DWM1001/Source_Code/DWM1001_on_board_package/DWM1001_on_board_package_R2.0/dwm/examples/dwm-twr-ranges/../../lib/libdwm.a(hal.o)
                0x0004661c                hal_sleep
 .text.hal_uptime
                0x00046700       0x20 C:/Users/Marius/Documents/DWM1001/Source_Code/DWM1001_on_board_package/DWM1001_on_board_package_R2.0/dwm/examples/dwm-twr-ranges/../../lib/libdwm.a(hal.o)
                0x00046700                hal_uptime
 .text.hal_print_ps
                0x00046720       0x80 C:/Users/Marius/Documents/DWM1001/Source_Code/DWM1001_on_board_package/DWM1001_on_board_package_R2.0/dwm/examples/dwm-twr-ranges/../../lib/libdwm.a(hal.o)
                0x00046720                hal_print_ps
 .text.hal_print_free
                0x000467a0       0x50 C:/Users/Marius/Documents/DWM1001/Source_Code/DWM1001_on_board_package/DWM1001_on_board_package_R2.0/dwm/examples/dwm-twr-ranges/../../lib/libdwm.a(hal.o)
                0x000467a0                hal_print_free
 .text.hal_print_uptime
                0x000467f0       0xbc C:/Users/Marius/Documents/DWM1001/Source_Code/DWM1001_on_board_package/DWM1001_on_board_package_R2.0/dwm/examples/dwm-twr-ranges/../../lib/libdwm.a(hal.o)
                0x000467f0                hal_print_uptime
 .text.hal_print_sys_info
                0x000468ac      0x130 C:/Users/Marius/Documents/DWM1001/Source_Code/DWM1001_on_board_package/DWM1001_on_board_package_R2.0/dwm/examples/dwm-twr-ranges/../../lib/libdwm.a(hal.o)
                0x000468ac                hal_print_sys_info
 .text.hal_critical_region_enter
                0x000469dc       0x58 C:/Users/Marius/Documents/DWM1001/Source_Code/DWM1001_on_board_package/DWM1001_on_board_package_R2.0/dwm/examples/dwm-twr-ranges/../../lib/libdwm.a(hal.o)
                0x000469dc                hal_critical_region_enter
 .text.hal_critical_region_exit
                0x00046a34       0x38 C:/Users/Marius/Documents/DWM1001/Source_Code/DWM1001_on_board_package/DWM1001_on_board_package_R2.0/dwm/examples/dwm-twr-ranges/../../lib/libdwm.a(hal.o)
                0x00046a34                hal_critical_region_exit
 .text.leds_enable
                0x00046a6c       0xbc C:/Users/Marius/Documents/DWM1001/Source_Code/DWM1001_on_board_package/DWM1001_on_board_package_R2.0/dwm/examples/dwm-twr-ranges/../../lib/libdwm.a(hal.o)
                0x00046a6c                leds_enable
 .text.leds_disable
                0x00046b28       0x74 C:/Users/Marius/Documents/DWM1001/Source_Code/DWM1001_on_board_package/DWM1001_on_board_package_R2.0/dwm/examples/dwm-twr-ranges/../../lib/libdwm.a(hal.o)
                0x00046b28                leds_disable
 .text.hal_crypto_rng_get
                0x00046b9c       0xa8 C:/Users/Marius/Documents/DWM1001/Source_Code/DWM1001_on_board_package/DWM1001_on_board_package_R2.0/dwm/examples/dwm-twr-ranges/../../lib/libdwm.a(hal.o)
                0x00046b9c                hal_crypto_rng_get
 .text.hal_crypto_set_key
                0x00046c44       0x60 C:/Users/Marius/Documents/DWM1001/Source_Code/DWM1001_on_board_package/DWM1001_on_board_package_R2.0/dwm/examples/dwm-twr-ranges/../../lib/libdwm.a(hal.o)
                0x00046c44                hal_crypto_set_key
 .text.hal_crypto_mac_get
                0x00046ca4      0x128 C:/Users/Marius/Documents/DWM1001/Source_Code/DWM1001_on_board_package/DWM1001_on_board_package_R2.0/dwm/examples/dwm-twr-ranges/../../lib/libdwm.a(hal.o)
                0x00046ca4                hal_crypto_mac_get
 .text.hal_crypto_crypt
                0x00046dcc       0xc8 C:/Users/Marius/Documents/DWM1001/Source_Code/DWM1001_on_board_package/DWM1001_on_board_package_R2.0/dwm/examples/dwm-twr-ranges/../../lib/libdwm.a(hal.o)
                0x00046dcc                hal_crypto_crypt
 .text._read    0x00046e94        0x8 C:/Users/Marius/Documents/DWM1001/Source_Code/DWM1001_on_board_package/DWM1001_on_board_package_R2.0/dwm/examples/dwm-twr-ranges/../../lib/libdwm.a(hal.o)
                0x00046e94                _read
 .text._write   0x00046e9c       0x2a C:/Users/Marius/Documents/DWM1001/Source_Code/DWM1001_on_board_package/DWM1001_on_board_package_R2.0/dwm/examples/dwm-twr-ranges/../../lib/libdwm.a(hal.o)
                0x00046e9c                _write
 *fill*         0x00046ec6        0x2 
 .text._sbrk    0x00046ec8       0x2c C:/Users/Marius/Documents/DWM1001/Source_Code/DWM1001_on_board_package/DWM1001_on_board_package_R2.0/dwm/examples/dwm-twr-ranges/../../lib/libdwm.a(hal.o)
                0x00046ec8                _sbrk
 .text.rng_isr  0x00046ef4       0x14 C:/Users/Marius/Documents/DWM1001/Source_Code/DWM1001_on_board_package/DWM1001_on_board_package_R2.0/dwm/examples/dwm-twr-ranges/../../lib/libdwm.a(nrf_drv_rng.o)
 .text.rng_start
                0x00046f08       0x38 C:/Users/Marius/Documents/DWM1001/Source_Code/DWM1001_on_board_package/DWM1001_on_board_package_R2.0/dwm/examples/dwm-twr-ranges/../../lib/libdwm.a(nrf_drv_rng.o)
 .text.nrf_drv_rng_init
                0x00046f40       0x98 C:/Users/Marius/Documents/DWM1001/Source_Code/DWM1001_on_board_package/DWM1001_on_board_package_R2.0/dwm/examples/dwm-twr-ranges/../../lib/libdwm.a(nrf_drv_rng.o)
                0x00046f40                nrf_drv_rng_init
 .text.nrf_drv_rng_bytes_available
                0x00046fd8       0x14 C:/Users/Marius/Documents/DWM1001/Source_Code/DWM1001_on_board_package/DWM1001_on_board_package_R2.0/dwm/examples/dwm-twr-ranges/../../lib/libdwm.a(nrf_drv_rng.o)
                0x00046fd8                nrf_drv_rng_bytes_available
 .text.nrf_drv_rng_rand
                0x00046fec       0x3c C:/Users/Marius/Documents/DWM1001/Source_Code/DWM1001_on_board_package/DWM1001_on_board_package_R2.0/dwm/examples/dwm-twr-ranges/../../lib/libdwm.a(nrf_drv_rng.o)
                0x00046fec                nrf_drv_rng_rand
 .text.RNG_IRQHandler
                0x00047028       0x54 C:/Users/Marius/Documents/DWM1001/Source_Code/DWM1001_on_board_package/DWM1001_on_board_package_R2.0/dwm/examples/dwm-twr-ranges/../../lib/libdwm.a(nrf_drv_rng.o)
                0x00047028                RNG_IRQHandler
 .text.rng_dsr  0x0004707c       0x10 C:/Users/Marius/Documents/DWM1001/Source_Code/DWM1001_on_board_package/DWM1001_on_board_package_R2.0/dwm/examples/dwm-twr-ranges/../../lib/libdwm.a(nrf_drv_rng.o)
 .text.pm_can_sleep
                0x0004708c       0x44 C:/Users/Marius/Documents/DWM1001/Source_Code/DWM1001_on_board_package/DWM1001_on_board_package_R2.0/dwm/examples/dwm-twr-ranges/../../lib/libdwm.a(pm.o)
                0x0004708c                pm_can_sleep
 .text.pm_task_get_next
                0x000470d0       0x54 C:/Users/Marius/Documents/DWM1001/Source_Code/DWM1001_on_board_package/DWM1001_on_board_package_R2.0/dwm/examples/dwm-twr-ranges/../../lib/libdwm.a(pm.o)
                0x000470d0                pm_task_get_next
 .text.pm_sched_signal
                0x00047124        0xc C:/Users/Marius/Documents/DWM1001/Source_Code/DWM1001_on_board_package/DWM1001_on_board_package_R2.0/dwm/examples/dwm-twr-ranges/../../lib/libdwm.a(pm.o)
                0x00047124                pm_sched_signal
 .text.pm_sched_wait
                0x00047130        0xc C:/Users/Marius/Documents/DWM1001/Source_Code/DWM1001_on_board_package/DWM1001_on_board_package_R2.0/dwm/examples/dwm-twr-ranges/../../lib/libdwm.a(pm.o)
                0x00047130                pm_sched_wait
 .text.pm_task_lock
                0x0004713c       0x26 C:/Users/Marius/Documents/DWM1001/Source_Code/DWM1001_on_board_package/DWM1001_on_board_package_R2.0/dwm/examples/dwm-twr-ranges/../../lib/libdwm.a(pm.o)
                0x0004713c                pm_task_lock
 .text.pm_task_unlock
                0x00047162       0x2c C:/Users/Marius/Documents/DWM1001/Source_Code/DWM1001_on_board_package/DWM1001_on_board_package_R2.0/dwm/examples/dwm-twr-ranges/../../lib/libdwm.a(pm.o)
                0x00047162                pm_task_unlock
 *fill*         0x0004718e        0x2 
 .text.pm_task_unlock_set_alarm
                0x00047190       0x98 C:/Users/Marius/Documents/DWM1001/Source_Code/DWM1001_on_board_package/DWM1001_on_board_package_R2.0/dwm/examples/dwm-twr-ranges/../../lib/libdwm.a(pm.o)
                0x00047190                pm_task_unlock_set_alarm
 .text.pm_task_wakeup
                0x00047228        0x4 C:/Users/Marius/Documents/DWM1001/Source_Code/DWM1001_on_board_package/DWM1001_on_board_package_R2.0/dwm/examples/dwm-twr-ranges/../../lib/libdwm.a(pm.o)
                0x00047228                pm_task_wakeup
 .text.pm_task_alloc
                0x0004722c       0x64 C:/Users/Marius/Documents/DWM1001/Source_Code/DWM1001_on_board_package/DWM1001_on_board_package_R2.0/dwm/examples/dwm-twr-ranges/../../lib/libdwm.a(pm.o)
                0x0004722c                pm_task_alloc
 .text.pm_task_free
                0x00047290       0x58 C:/Users/Marius/Documents/DWM1001/Source_Code/DWM1001_on_board_package/DWM1001_on_board_package_R2.0/dwm/examples/dwm-twr-ranges/../../lib/libdwm.a(pm.o)
                0x00047290                pm_task_free
 .text.pm_init  0x000472e8       0x54 C:/Users/Marius/Documents/DWM1001/Source_Code/DWM1001_on_board_package/DWM1001_on_board_package_R2.0/dwm/examples/dwm-twr-ranges/../../lib/libdwm.a(pm.o)
                0x000472e8                pm_init
 .text.pm_dump  0x0004733c       0x84 C:/Users/Marius/Documents/DWM1001/Source_Code/DWM1001_on_board_package/DWM1001_on_board_package_R2.0/dwm/examples/dwm-twr-ranges/../../lib/libdwm.a(pm.o)
                0x0004733c                pm_dump
 .text.api_thread_start
                0x000473c0       0x10 C:/Users/Marius/Documents/DWM1001/Source_Code/DWM1001_on_board_package/DWM1001_on_board_package_R2.0/dwm/examples/dwm-twr-ranges/../../lib/libdwm.a(process-api.o)
                0x000473c0                api_thread_start
 .text.api_thread_init
                0x000473d0       0x3c C:/Users/Marius/Documents/DWM1001/Source_Code/DWM1001_on_board_package/DWM1001_on_board_package_R2.0/dwm/examples/dwm-twr-ranges/../../lib/libdwm.a(process-api.o)
                0x000473d0                api_thread_init
 .text.ble_init_ready
                0x0004740c        0xc C:/Users/Marius/Documents/DWM1001/Source_Code/DWM1001_on_board_package/DWM1001_on_board_package_R2.0/dwm/examples/dwm-twr-ranges/../../lib/libdwm.a(process-ble.o)
                0x0004740c                ble_init_ready
 .text.le_print_disable
                0x00047418       0x10 C:/Users/Marius/Documents/DWM1001/Source_Code/DWM1001_on_board_package/DWM1001_on_board_package_R2.0/dwm/examples/dwm-twr-ranges/../../lib/libdwm.a(process-le.o)
 .text.nole_thread_entry
                0x00047428      0x2a8 C:/Users/Marius/Documents/DWM1001/Source_Code/DWM1001_on_board_package/DWM1001_on_board_package_R2.0/dwm/examples/dwm-twr-ranges/../../lib/libdwm.a(process-le.o)
 .text.le_thread_entry
                0x000476d0      0x48c C:/Users/Marius/Documents/DWM1001/Source_Code/DWM1001_on_board_package/DWM1001_on_board_package_R2.0/dwm/examples/dwm-twr-ranges/../../lib/libdwm.a(process-le.o)
 .text.le_post_loc_data
                0x00047b5c       0x60 C:/Users/Marius/Documents/DWM1001/Source_Code/DWM1001_on_board_package/DWM1001_on_board_package_R2.0/dwm/examples/dwm-twr-ranges/../../lib/libdwm.a(process-le.o)
                0x00047b5c                le_post_loc_data
 .text.le_init  0x00047bbc       0x7c C:/Users/Marius/Documents/DWM1001/Source_Code/DWM1001_on_board_package/DWM1001_on_board_package_R2.0/dwm/examples/dwm-twr-ranges/../../lib/libdwm.a(process-le.o)
                0x00047bbc                le_init
 .text.le_start
                0x00047c38       0x18 C:/Users/Marius/Documents/DWM1001/Source_Code/DWM1001_on_board_package/DWM1001_on_board_package_R2.0/dwm/examples/dwm-twr-ranges/../../lib/libdwm.a(process-le.o)
                0x00047c38                le_start
 .text.le_post_meas
                0x00047c50       0x78 C:/Users/Marius/Documents/DWM1001/Source_Code/DWM1001_on_board_package/DWM1001_on_board_package_R2.0/dwm/examples/dwm-twr-ranges/../../lib/libdwm.a(process-le.o)
                0x00047c50                le_post_meas
 .text.le_pos_get
                0x00047cc8       0x64 C:/Users/Marius/Documents/DWM1001/Source_Code/DWM1001_on_board_package/DWM1001_on_board_package_R2.0/dwm/examples/dwm-twr-ranges/../../lib/libdwm.a(process-le.o)
                0x00047cc8                le_pos_get
 .text.le_loc_get
                0x00047d2c      0x104 C:/Users/Marius/Documents/DWM1001/Source_Code/DWM1001_on_board_package/DWM1001_on_board_package_R2.0/dwm/examples/dwm-twr-ranges/../../lib/libdwm.a(process-le.o)
                0x00047d2c                le_loc_get
 .text.le_loc_print_toggle
                0x00047e30       0x28 C:/Users/Marius/Documents/DWM1001/Source_Code/DWM1001_on_board_package/DWM1001_on_board_package_R2.0/dwm/examples/dwm-twr-ranges/../../lib/libdwm.a(process-le.o)
                0x00047e30                le_loc_print_toggle
 .text.le_loc_ts_print_toggle
                0x00047e58       0x24 C:/Users/Marius/Documents/DWM1001/Source_Code/DWM1001_on_board_package/DWM1001_on_board_package_R2.0/dwm/examples/dwm-twr-ranges/../../lib/libdwm.a(process-le.o)
                0x00047e58                le_loc_ts_print_toggle
 .text.le_loc_csv_print_toggle
                0x00047e7c       0x28 C:/Users/Marius/Documents/DWM1001/Source_Code/DWM1001_on_board_package/DWM1001_on_board_package_R2.0/dwm/examples/dwm-twr-ranges/../../lib/libdwm.a(process-le.o)
                0x00047e7c                le_loc_csv_print_toggle
 .text.le_loc_csv_ts_print_toggle
                0x00047ea4       0x28 C:/Users/Marius/Documents/DWM1001/Source_Code/DWM1001_on_board_package/DWM1001_on_board_package_R2.0/dwm/examples/dwm-twr-ranges/../../lib/libdwm.a(process-le.o)
                0x00047ea4                le_loc_csv_ts_print_toggle
 .text.le_pos_csv_print_toggle
                0x00047ecc       0x24 C:/Users/Marius/Documents/DWM1001/Source_Code/DWM1001_on_board_package/DWM1001_on_board_package_R2.0/dwm/examples/dwm-twr-ranges/../../lib/libdwm.a(process-le.o)
                0x00047ecc                le_pos_csv_print_toggle
 .text.le_compile
                0x00047ef0       0x18 C:/Users/Marius/Documents/DWM1001/Source_Code/DWM1001_on_board_package/DWM1001_on_board_package_R2.0/dwm/examples/dwm-twr-ranges/../../lib/libdwm.a(process-le.o)
                0x00047ef0                le_compile
 .text.pm_thread_entry
                0x00047f08       0x98 C:/Users/Marius/Documents/DWM1001/Source_Code/DWM1001_on_board_package/DWM1001_on_board_package_R2.0/dwm/examples/dwm-twr-ranges/../../lib/libdwm.a(process-pm.o)
 .text.hal_pm_init
                0x00047fa0       0x70 C:/Users/Marius/Documents/DWM1001/Source_Code/DWM1001_on_board_package/DWM1001_on_board_package_R2.0/dwm/examples/dwm-twr-ranges/../../lib/libdwm.a(process-pm.o)
                0x00047fa0                hal_pm_init
 .text.hal_pm_start
                0x00048010        0xc C:/Users/Marius/Documents/DWM1001/Source_Code/DWM1001_on_board_package/DWM1001_on_board_package_R2.0/dwm/examples/dwm-twr-ranges/../../lib/libdwm.a(process-pm.o)
                0x00048010                hal_pm_start
 .text.uwb0_recover.part.0
                0x0004801c       0x1c C:/Users/Marius/Documents/DWM1001/Source_Code/DWM1001_on_board_package/DWM1001_on_board_package_R2.0/dwm/examples/dwm-twr-ranges/../../lib/libdwm.a(process-svc.o)
 .text.svc_thread_entry
                0x00048038      0x2b0 C:/Users/Marius/Documents/DWM1001/Source_Code/DWM1001_on_board_package/DWM1001_on_board_package_R2.0/dwm/examples/dwm-twr-ranges/../../lib/libdwm.a(process-svc.o)
 .text.svc_init
                0x000482e8       0x3c C:/Users/Marius/Documents/DWM1001/Source_Code/DWM1001_on_board_package/DWM1001_on_board_package_R2.0/dwm/examples/dwm-twr-ranges/../../lib/libdwm.a(process-svc.o)
                0x000482e8                svc_init
 .text.svc_start
                0x00048324        0xc C:/Users/Marius/Documents/DWM1001/Source_Code/DWM1001_on_board_package/DWM1001_on_board_package_R2.0/dwm/examples/dwm-twr-ranges/../../lib/libdwm.a(process-svc.o)
                0x00048324                svc_start
 .text.svc_post_event
                0x00048330       0x64 C:/Users/Marius/Documents/DWM1001/Source_Code/DWM1001_on_board_package/DWM1001_on_board_package_R2.0/dwm/examples/dwm-twr-ranges/../../lib/libdwm.a(process-svc.o)
                0x00048330                svc_post_event
 .text.svc_suspend
                0x00048394       0x30 C:/Users/Marius/Documents/DWM1001/Source_Code/DWM1001_on_board_package/DWM1001_on_board_package_R2.0/dwm/examples/dwm-twr-ranges/../../lib/libdwm.a(process-svc.o)
                0x00048394                svc_suspend
 .text.svc_resume
                0x000483c4       0x28 C:/Users/Marius/Documents/DWM1001/Source_Code/DWM1001_on_board_package/DWM1001_on_board_package_R2.0/dwm/examples/dwm-twr-ranges/../../lib/libdwm.a(process-svc.o)
                0x000483c4                svc_resume
 .text.uwbmac_wkr_thread_entry
                0x000483ec       0x1c C:/Users/Marius/Documents/DWM1001/Source_Code/DWM1001_on_board_package/DWM1001_on_board_package_R2.0/dwm/examples/dwm-twr-ranges/../../lib/libdwm.a(process-uwbmac.o)
 .text.uwbmac_thread_entry
                0x00048408      0x12c C:/Users/Marius/Documents/DWM1001/Source_Code/DWM1001_on_board_package/DWM1001_on_board_package_R2.0/dwm/examples/dwm-twr-ranges/../../lib/libdwm.a(process-uwbmac.o)
 .text.uwbmac_init
                0x00048534       0x6c C:/Users/Marius/Documents/DWM1001/Source_Code/DWM1001_on_board_package/DWM1001_on_board_package_R2.0/dwm/examples/dwm-twr-ranges/../../lib/libdwm.a(process-uwbmac.o)
                0x00048534                uwbmac_init
 .text.uwbmac_start
                0x000485a0       0x18 C:/Users/Marius/Documents/DWM1001/Source_Code/DWM1001_on_board_package/DWM1001_on_board_package_R2.0/dwm/examples/dwm-twr-ranges/../../lib/libdwm.a(process-uwbmac.o)
                0x000485a0                uwbmac_start
 .text.dw_intr  0x000485b8        0xc C:/Users/Marius/Documents/DWM1001/Source_Code/DWM1001_on_board_package/DWM1001_on_board_package_R2.0/dwm/examples/dwm-twr-ranges/../../lib/libdwm.a(process-uwb.o)
                0x000485b8                dw_intr
 .text.uwb_init_uwb0
                0x000485c4      0x42c C:/Users/Marius/Documents/DWM1001/Source_Code/DWM1001_on_board_package/DWM1001_on_board_package_R2.0/dwm/examples/dwm-twr-ranges/../../lib/libdwm.a(process-uwb.o)
                0x000485c4                uwb_init_uwb0
 .text.uwb_thread_entry
                0x000489f0       0xac C:/Users/Marius/Documents/DWM1001/Source_Code/DWM1001_on_board_package/DWM1001_on_board_package_R2.0/dwm/examples/dwm-twr-ranges/../../lib/libdwm.a(process-uwb.o)
 .text.uwb_init
                0x00048a9c       0x3c C:/Users/Marius/Documents/DWM1001/Source_Code/DWM1001_on_board_package/DWM1001_on_board_package_R2.0/dwm/examples/dwm-twr-ranges/../../lib/libdwm.a(process-uwb.o)
                0x00048a9c                uwb_init
 .text.uwb_start
                0x00048ad8        0xc C:/Users/Marius/Documents/DWM1001/Source_Code/DWM1001_on_board_package/DWM1001_on_board_package_R2.0/dwm/examples/dwm-twr-ranges/../../lib/libdwm.a(process-uwb.o)
                0x00048ad8                uwb_start
 .text.uwb_init_ready_await
                0x00048ae4       0x18 C:/Users/Marius/Documents/DWM1001/Source_Code/DWM1001_on_board_package/DWM1001_on_board_package_R2.0/dwm/examples/dwm-twr-ranges/../../lib/libdwm.a(process-uwb.o)
                0x00048ae4                uwb_init_ready_await
 .text.uart_timeout_handler
                0x00048afc       0x10 C:/Users/Marius/Documents/DWM1001/Source_Code/DWM1001_on_board_package/DWM1001_on_board_package_R2.0/dwm/examples/dwm-twr-ranges/../../lib/libdwm.a(serial.o)
 .text.uart_init
                0x00048b0c       0x10 C:/Users/Marius/Documents/DWM1001/Source_Code/DWM1001_on_board_package/DWM1001_on_board_package_R2.0/dwm/examples/dwm-twr-ranges/../../lib/libdwm.a(serial.o)
 .text.spis_gpio_set
                0x00048b1c       0x20 C:/Users/Marius/Documents/DWM1001/Source_Code/DWM1001_on_board_package/DWM1001_on_board_package_R2.0/dwm/examples/dwm-twr-ranges/../../lib/libdwm.a(serial.o)
 .text.spis_init
                0x00048b3c       0x10 C:/Users/Marius/Documents/DWM1001/Source_Code/DWM1001_on_board_package/DWM1001_on_board_package_R2.0/dwm/examples/dwm-twr-ranges/../../lib/libdwm.a(serial.o)
 .text.pm_serial_suspend
                0x00048b4c       0x58 C:/Users/Marius/Documents/DWM1001/Source_Code/DWM1001_on_board_package/DWM1001_on_board_package_R2.0/dwm/examples/dwm-twr-ranges/../../lib/libdwm.a(serial.o)
 .text.gpio_wakeup_intr
                0x00048ba4        0xc C:/Users/Marius/Documents/DWM1001/Source_Code/DWM1001_on_board_package/DWM1001_on_board_package_R2.0/dwm/examples/dwm-twr-ranges/../../lib/libdwm.a(serial.o)
 .text._serial_status_change_ntfy
                0x00048bb0       0x3c C:/Users/Marius/Documents/DWM1001/Source_Code/DWM1001_on_board_package/DWM1001_on_board_package_R2.0/dwm/examples/dwm-twr-ranges/../../lib/libdwm.a(serial.o)
 .text._serial_start
                0x00048bec       0x1c C:/Users/Marius/Documents/DWM1001/Source_Code/DWM1001_on_board_package/DWM1001_on_board_package_R2.0/dwm/examples/dwm-twr-ranges/../../lib/libdwm.a(serial.o)
 .text._on_spis_evt
                0x00048c08       0x78 C:/Users/Marius/Documents/DWM1001/Source_Code/DWM1001_on_board_package/DWM1001_on_board_package_R2.0/dwm/examples/dwm-twr-ranges/../../lib/libdwm.a(serial.o)
 .text.spis_api_cb
                0x00048c80       0x60 C:/Users/Marius/Documents/DWM1001/Source_Code/DWM1001_on_board_package/DWM1001_on_board_package_R2.0/dwm/examples/dwm-twr-ranges/../../lib/libdwm.a(serial.o)
 .text._spis_init
                0x00048ce0       0x2c C:/Users/Marius/Documents/DWM1001/Source_Code/DWM1001_on_board_package/DWM1001_on_board_package_R2.0/dwm/examples/dwm-twr-ranges/../../lib/libdwm.a(serial.o)
 .text._serial_sleep
                0x00048d0c       0x1c C:/Users/Marius/Documents/DWM1001/Source_Code/DWM1001_on_board_package/DWM1001_on_board_package_R2.0/dwm/examples/dwm-twr-ranges/../../lib/libdwm.a(serial.o)
 .text.spis_event_handler
                0x00048d28      0x1d0 C:/Users/Marius/Documents/DWM1001/Source_Code/DWM1001_on_board_package/DWM1001_on_board_package_R2.0/dwm/examples/dwm-twr-ranges/../../lib/libdwm.a(serial.o)
 .text.serial_sleep
                0x00048ef8       0x10 C:/Users/Marius/Documents/DWM1001/Source_Code/DWM1001_on_board_package/DWM1001_on_board_package_R2.0/dwm/examples/dwm-twr-ranges/../../lib/libdwm.a(serial.o)
                0x00048ef8                serial_sleep
 .text.serial_uart_reinit
                0x00048f08       0x10 C:/Users/Marius/Documents/DWM1001/Source_Code/DWM1001_on_board_package/DWM1001_on_board_package_R2.0/dwm/examples/dwm-twr-ranges/../../lib/libdwm.a(serial.o)
                0x00048f08                serial_uart_reinit
 .text.serial_status_change_ntfy
                0x00048f18       0x10 C:/Users/Marius/Documents/DWM1001/Source_Code/DWM1001_on_board_package/DWM1001_on_board_package_R2.0/dwm/examples/dwm-twr-ranges/../../lib/libdwm.a(serial.o)
                0x00048f18                serial_status_change_ntfy
 .text.serial_thread_entry
                0x00048f28      0x168 C:/Users/Marius/Documents/DWM1001/Source_Code/DWM1001_on_board_package/DWM1001_on_board_package_R2.0/dwm/examples/dwm-twr-ranges/../../lib/libdwm.a(serial.o)
                0x00048f28                serial_thread_entry
 .text.serial_start
                0x00049090       0x10 C:/Users/Marius/Documents/DWM1001/Source_Code/DWM1001_on_board_package/DWM1001_on_board_package_R2.0/dwm/examples/dwm-twr-ranges/../../lib/libdwm.a(serial.o)
                0x00049090                serial_start
 .text.serial_compile_spi
                0x000490a0       0x58 C:/Users/Marius/Documents/DWM1001/Source_Code/DWM1001_on_board_package/DWM1001_on_board_package_R2.0/dwm/examples/dwm-twr-ranges/../../lib/libdwm.a(serial.o)
                0x000490a0                serial_compile_spi
 .text.serial_is_uart_compiled
                0x000490f8        0xc C:/Users/Marius/Documents/DWM1001/Source_Code/DWM1001_on_board_package/DWM1001_on_board_package_R2.0/dwm/examples/dwm-twr-ranges/../../lib/libdwm.a(serial.o)
                0x000490f8                serial_is_uart_compiled
 .text.serial_is_compiled
                0x00049104        0xc C:/Users/Marius/Documents/DWM1001/Source_Code/DWM1001_on_board_package/DWM1001_on_board_package_R2.0/dwm/examples/dwm-twr-ranges/../../lib/libdwm.a(serial.o)
                0x00049104                serial_is_compiled
 .text.cmd_enc_key_clear
                0x00049110       0x34 C:/Users/Marius/Documents/DWM1001/Source_Code/DWM1001_on_board_package/DWM1001_on_board_package_R2.0/dwm/examples/dwm-twr-ranges/../../lib/libdwm.a(shell-api.o)
                0x00049110                cmd_enc_key_clear
 .text.cmd_nvm_usr_data_clear
                0x00049144       0x38 C:/Users/Marius/Documents/DWM1001/Source_Code/DWM1001_on_board_package/DWM1001_on_board_package_R2.0/dwm/examples/dwm-twr-ranges/../../lib/libdwm.a(shell-api.o)
 .text.cmd_nvm_usr_data_set
                0x0004917c       0xb8 C:/Users/Marius/Documents/DWM1001/Source_Code/DWM1001_on_board_package/DWM1001_on_board_package_R2.0/dwm/examples/dwm-twr-ranges/../../lib/libdwm.a(shell-api.o)
 .text.cmd_tlv  0x00049234       0xb0 C:/Users/Marius/Documents/DWM1001/Source_Code/DWM1001_on_board_package/DWM1001_on_board_package_R2.0/dwm/examples/dwm-twr-ranges/../../lib/libdwm.a(shell-api.o)
 .text.api_cb   0x000492e4       0x44 C:/Users/Marius/Documents/DWM1001/Source_Code/DWM1001_on_board_package/DWM1001_on_board_package_R2.0/dwm/examples/dwm-twr-ranges/../../lib/libdwm.a(shell-api.o)
 .text.cmd_enc_key_set
                0x00049328       0x94 C:/Users/Marius/Documents/DWM1001/Source_Code/DWM1001_on_board_package/DWM1001_on_board_package_R2.0/dwm/examples/dwm-twr-ranges/../../lib/libdwm.a(shell-api.o)
                0x00049328                cmd_enc_key_set
 .text.cmd_nvm_usr_data_get
                0x000493bc       0x64 C:/Users/Marius/Documents/DWM1001/Source_Code/DWM1001_on_board_package/DWM1001_on_board_package_R2.0/dwm/examples/dwm-twr-ranges/../../lib/libdwm.a(shell-api.o)
 .text.cmd_cfg_tn_set
                0x00049420      0x120 C:/Users/Marius/Documents/DWM1001/Source_Code/DWM1001_on_board_package/DWM1001_on_board_package_R2.0/dwm/examples/dwm-twr-ranges/../../lib/libdwm.a(shell-api.o)
 .text.cmd_cfg_an_set
                0x00049540       0xf4 C:/Users/Marius/Documents/DWM1001/Source_Code/DWM1001_on_board_package/DWM1001_on_board_package_R2.0/dwm/examples/dwm-twr-ranges/../../lib/libdwm.a(shell-api.o)
 .text.cmd_pos_set
                0x00049634       0x88 C:/Users/Marius/Documents/DWM1001/Source_Code/DWM1001_on_board_package/DWM1001_on_board_package_R2.0/dwm/examples/dwm-twr-ranges/../../lib/libdwm.a(shell-api.o)
 .text.cmd_pos_get
                0x000496bc       0x48 C:/Users/Marius/Documents/DWM1001/Source_Code/DWM1001_on_board_package/DWM1001_on_board_package_R2.0/dwm/examples/dwm-twr-ranges/../../lib/libdwm.a(shell-api.o)
 .text.cmd_ur_get
                0x00049704       0x4c C:/Users/Marius/Documents/DWM1001/Source_Code/DWM1001_on_board_package/DWM1001_on_board_package_R2.0/dwm/examples/dwm-twr-ranges/../../lib/libdwm.a(shell-api.o)
 .text.cmd_ur_set
                0x00049750       0x7c C:/Users/Marius/Documents/DWM1001/Source_Code/DWM1001_on_board_package/DWM1001_on_board_package_R2.0/dwm/examples/dwm-twr-ranges/../../lib/libdwm.a(shell-api.o)
 .text.cmd_le_show_loc
                0x000497cc       0x2c C:/Users/Marius/Documents/DWM1001/Source_Code/DWM1001_on_board_package/DWM1001_on_board_package_R2.0/dwm/examples/dwm-twr-ranges/../../lib/libdwm.a(shell-le.o)
                0x000497cc                cmd_le_show_loc
 .text.cmd_le_show_loc_csv
                0x000497f8       0x2c C:/Users/Marius/Documents/DWM1001/Source_Code/DWM1001_on_board_package/DWM1001_on_board_package_R2.0/dwm/examples/dwm-twr-ranges/../../lib/libdwm.a(shell-le.o)
                0x000497f8                cmd_le_show_loc_csv
 .text.cmd_le_show_pos_csv
                0x00049824        0x4 C:/Users/Marius/Documents/DWM1001/Source_Code/DWM1001_on_board_package/DWM1001_on_board_package_R2.0/dwm/examples/dwm-twr-ranges/../../lib/libdwm.a(shell-le.o)
                0x00049824                cmd_le_show_pos_csv
 .text._shell_stop
                0x00049828        0xc C:/Users/Marius/Documents/DWM1001/Source_Code/DWM1001_on_board_package/DWM1001_on_board_package_R2.0/dwm/examples/dwm-twr-ranges/../../lib/libdwm.a(shell.o)
 .text._shell_add_cmds
                0x00049834       0x24 C:/Users/Marius/Documents/DWM1001/Source_Code/DWM1001_on_board_package/DWM1001_on_board_package_R2.0/dwm/examples/dwm-twr-ranges/../../lib/libdwm.a(shell.o)
 .text._get_argc
                0x00049858       0x1c C:/Users/Marius/Documents/DWM1001/Source_Code/DWM1001_on_board_package/DWM1001_on_board_package_R2.0/dwm/examples/dwm-twr-ranges/../../lib/libdwm.a(shell.o)
 .text._shell_get_arg
                0x00049874       0x14 C:/Users/Marius/Documents/DWM1001/Source_Code/DWM1001_on_board_package/DWM1001_on_board_package_R2.0/dwm/examples/dwm-twr-ranges/../../lib/libdwm.a(shell.o)
 .text._shell_set_init_print
                0x00049888        0xc C:/Users/Marius/Documents/DWM1001/Source_Code/DWM1001_on_board_package/DWM1001_on_board_package_R2.0/dwm/examples/dwm-twr-ranges/../../lib/libdwm.a(shell.o)
 .text._shell_show_hidden
                0x00049894        0xc C:/Users/Marius/Documents/DWM1001/Source_Code/DWM1001_on_board_package/DWM1001_on_board_package_R2.0/dwm/examples/dwm-twr-ranges/../../lib/libdwm.a(shell.o)
 .text._shell_init_ready_await
                0x000498a0       0x18 C:/Users/Marius/Documents/DWM1001/Source_Code/DWM1001_on_board_package/DWM1001_on_board_package_R2.0/dwm/examples/dwm-twr-ranges/../../lib/libdwm.a(shell.o)
 .text.shell_init_print_fnc
                0x000498b8        0xc C:/Users/Marius/Documents/DWM1001/Source_Code/DWM1001_on_board_package/DWM1001_on_board_package_R2.0/dwm/examples/dwm-twr-ranges/../../lib/libdwm.a(shell.o)
 .text._shell_print_hex
                0x000498c4       0x48 C:/Users/Marius/Documents/DWM1001/Source_Code/DWM1001_on_board_package/DWM1001_on_board_package_R2.0/dwm/examples/dwm-twr-ranges/../../lib/libdwm.a(shell.o)
 .text._shell_get_arg_int
                0x0004990c       0x4c C:/Users/Marius/Documents/DWM1001/Source_Code/DWM1001_on_board_package/DWM1001_on_board_package_R2.0/dwm/examples/dwm-twr-ranges/../../lib/libdwm.a(shell.o)
 .text._shell_start
                0x00049958        0x4 C:/Users/Marius/Documents/DWM1001/Source_Code/DWM1001_on_board_package/DWM1001_on_board_package_R2.0/dwm/examples/dwm-twr-ranges/../../lib/libdwm.a(shell.o)
 .text._shell_uninit
                0x0004995c       0x3c C:/Users/Marius/Documents/DWM1001/Source_Code/DWM1001_on_board_package/DWM1001_on_board_package_R2.0/dwm/examples/dwm-twr-ranges/../../lib/libdwm.a(shell.o)
 .text._shell_init
                0x00049998       0x44 C:/Users/Marius/Documents/DWM1001/Source_Code/DWM1001_on_board_package/DWM1001_on_board_package_R2.0/dwm/examples/dwm-twr-ranges/../../lib/libdwm.a(shell.o)
 .text.shell_fsm_entry
                0x000499dc      0x29c C:/Users/Marius/Documents/DWM1001/Source_Code/DWM1001_on_board_package/DWM1001_on_board_package_R2.0/dwm/examples/dwm-twr-ranges/../../lib/libdwm.a(shell.o)
 .text.shell_thread_entry
                0x00049c78       0x88 C:/Users/Marius/Documents/DWM1001/Source_Code/DWM1001_on_board_package/DWM1001_on_board_package_R2.0/dwm/examples/dwm-twr-ranges/../../lib/libdwm.a(shell.o)
                0x00049c78                shell_thread_entry
 .text.dwm_shell_init
                0x00049d00       0x10 C:/Users/Marius/Documents/DWM1001/Source_Code/DWM1001_on_board_package/DWM1001_on_board_package_R2.0/dwm/examples/dwm-twr-ranges/../../lib/libdwm.a(shell.o)
                0x00049d00                dwm_shell_init
 .text.shell_init
                0x00049d10       0x10 C:/Users/Marius/Documents/DWM1001/Source_Code/DWM1001_on_board_package/DWM1001_on_board_package_R2.0/dwm/examples/dwm-twr-ranges/../../lib/libdwm.a(shell.o)
                0x00049d10                shell_init
 .text.shell_uninit
                0x00049d20       0x10 C:/Users/Marius/Documents/DWM1001/Source_Code/DWM1001_on_board_package/DWM1001_on_board_package_R2.0/dwm/examples/dwm-twr-ranges/../../lib/libdwm.a(shell.o)
                0x00049d20                shell_uninit
 .text._shell_delete_if_unused
                0x00049d30       0x2c C:/Users/Marius/Documents/DWM1001/Source_Code/DWM1001_on_board_package/DWM1001_on_board_package_R2.0/dwm/examples/dwm-twr-ranges/../../lib/libdwm.a(shell.o)
 .text.shell_start
                0x00049d5c       0x10 C:/Users/Marius/Documents/DWM1001/Source_Code/DWM1001_on_board_package/DWM1001_on_board_package_R2.0/dwm/examples/dwm-twr-ranges/../../lib/libdwm.a(shell.o)
                0x00049d5c                shell_start
 .text.shell_stop
                0x00049d6c       0x10 C:/Users/Marius/Documents/DWM1001/Source_Code/DWM1001_on_board_package/DWM1001_on_board_package_R2.0/dwm/examples/dwm-twr-ranges/../../lib/libdwm.a(shell.o)
                0x00049d6c                shell_stop
 .text.shell_quit
                0x00049d7c       0x14 C:/Users/Marius/Documents/DWM1001/Source_Code/DWM1001_on_board_package/DWM1001_on_board_package_R2.0/dwm/examples/dwm-twr-ranges/../../lib/libdwm.a(shell.o)
 .text.shell_delete_if_unused
                0x00049d90       0x10 C:/Users/Marius/Documents/DWM1001/Source_Code/DWM1001_on_board_package/DWM1001_on_board_package_R2.0/dwm/examples/dwm-twr-ranges/../../lib/libdwm.a(shell.o)
                0x00049d90                shell_delete_if_unused
 .text.shell_add_cmds
                0x00049da0       0x10 C:/Users/Marius/Documents/DWM1001/Source_Code/DWM1001_on_board_package/DWM1001_on_board_package_R2.0/dwm/examples/dwm-twr-ranges/../../lib/libdwm.a(shell.o)
                0x00049da0                shell_add_cmds
 .text.get_argc
                0x00049db0       0x10 C:/Users/Marius/Documents/DWM1001/Source_Code/DWM1001_on_board_package/DWM1001_on_board_package_R2.0/dwm/examples/dwm-twr-ranges/../../lib/libdwm.a(shell.o)
                0x00049db0                get_argc
 .text.shell_get_arg
                0x00049dc0       0x10 C:/Users/Marius/Documents/DWM1001/Source_Code/DWM1001_on_board_package/DWM1001_on_board_package_R2.0/dwm/examples/dwm-twr-ranges/../../lib/libdwm.a(shell.o)
                0x00049dc0                shell_get_arg
 .text._get_argv
                0x00049dd0        0x4 C:/Users/Marius/Documents/DWM1001/Source_Code/DWM1001_on_board_package/DWM1001_on_board_package_R2.0/dwm/examples/dwm-twr-ranges/../../lib/libdwm.a(shell.o)
 .text.shell_get_arg_int
                0x00049dd4       0x10 C:/Users/Marius/Documents/DWM1001/Source_Code/DWM1001_on_board_package/DWM1001_on_board_package_R2.0/dwm/examples/dwm-twr-ranges/../../lib/libdwm.a(shell.o)
                0x00049dd4                shell_get_arg_int
 .text.shell_set_init_print
                0x00049de4       0x10 C:/Users/Marius/Documents/DWM1001/Source_Code/DWM1001_on_board_package/DWM1001_on_board_package_R2.0/dwm/examples/dwm-twr-ranges/../../lib/libdwm.a(shell.o)
                0x00049de4                shell_set_init_print
 .text._dwm_shell_init
                0x00049df4       0x70 C:/Users/Marius/Documents/DWM1001/Source_Code/DWM1001_on_board_package/DWM1001_on_board_package_R2.0/dwm/examples/dwm-twr-ranges/../../lib/libdwm.a(shell.o)
                0x00049df4                _dwm_shell_init
 .text.shell_show_hidden
                0x00049e64       0x10 C:/Users/Marius/Documents/DWM1001/Source_Code/DWM1001_on_board_package/DWM1001_on_board_package_R2.0/dwm/examples/dwm-twr-ranges/../../lib/libdwm.a(shell.o)
                0x00049e64                shell_show_hidden
 .text.shell_help
                0x00049e74       0xa8 C:/Users/Marius/Documents/DWM1001/Source_Code/DWM1001_on_board_package/DWM1001_on_board_package_R2.0/dwm/examples/dwm-twr-ranges/../../lib/libdwm.a(shell.o)
 .text.shell_show_hidden_enabled
                0x00049f1c       0x14 C:/Users/Marius/Documents/DWM1001/Source_Code/DWM1001_on_board_package/DWM1001_on_board_package_R2.0/dwm/examples/dwm-twr-ranges/../../lib/libdwm.a(shell.o)
                0x00049f1c                shell_show_hidden_enabled
 .text.shell_is_compiled
                0x00049f30        0xc C:/Users/Marius/Documents/DWM1001/Source_Code/DWM1001_on_board_package/DWM1001_on_board_package_R2.0/dwm/examples/dwm-twr-ranges/../../lib/libdwm.a(shell.o)
                0x00049f30                shell_is_compiled
 .text.shell_compile
                0x00049f3c       0xe0 C:/Users/Marius/Documents/DWM1001/Source_Code/DWM1001_on_board_package/DWM1001_on_board_package_R2.0/dwm/examples/dwm-twr-ranges/../../lib/libdwm.a(shell.o)
                0x00049f3c                shell_compile
 .text.cmd_twi  0x0004a01c       0xc4 C:/Users/Marius/Documents/DWM1001/Source_Code/DWM1001_on_board_package/DWM1001_on_board_package_R2.0/dwm/examples/dwm-twr-ranges/../../lib/libdwm.a(shell-sens.o)
                0x0004a01c                cmd_twi
 .text.cmd_stnry_cfg_get
                0x0004a0e0       0x2c C:/Users/Marius/Documents/DWM1001/Source_Code/DWM1001_on_board_package/DWM1001_on_board_package_R2.0/dwm/examples/dwm-twr-ranges/../../lib/libdwm.a(shell-sens.o)
                0x0004a0e0                cmd_stnry_cfg_get
 .text.cmd_acc_xyz
                0x0004a10c       0x48 C:/Users/Marius/Documents/DWM1001/Source_Code/DWM1001_on_board_package/DWM1001_on_board_package_R2.0/dwm/examples/dwm-twr-ranges/../../lib/libdwm.a(shell-sens.o)
 .text.cmd_acc_id
                0x0004a154       0x24 C:/Users/Marius/Documents/DWM1001/Source_Code/DWM1001_on_board_package/DWM1001_on_board_package_R2.0/dwm/examples/dwm-twr-ranges/../../lib/libdwm.a(shell-sens.o)
 .text.cmd_stnry_cfg_set
                0x0004a178       0x60 C:/Users/Marius/Documents/DWM1001/Source_Code/DWM1001_on_board_package/DWM1001_on_board_package_R2.0/dwm/examples/dwm-twr-ranges/../../lib/libdwm.a(shell-sens.o)
                0x0004a178                cmd_stnry_cfg_set
 .text.NVIC_SystemReset
                0x0004a1d8       0x24 C:/Users/Marius/Documents/DWM1001/Source_Code/DWM1001_on_board_package/DWM1001_on_board_package_R2.0/dwm/examples/dwm-twr-ranges/../../lib/libdwm.a(shell-sys.o)
 .text.cmd_reset
                0x0004a1fc        0x6 C:/Users/Marius/Documents/DWM1001/Source_Code/DWM1001_on_board_package/DWM1001_on_board_package_R2.0/dwm/examples/dwm-twr-ranges/../../lib/libdwm.a(shell-sys.o)
                0x0004a1fc                cmd_reset
 .text.cmd_free
                0x0004a202        0x4 C:/Users/Marius/Documents/DWM1001/Source_Code/DWM1001_on_board_package/DWM1001_on_board_package_R2.0/dwm/examples/dwm-twr-ranges/../../lib/libdwm.a(shell-sys.o)
                0x0004a202                cmd_free
 .text.cmd_ps   0x0004a206        0x4 C:/Users/Marius/Documents/DWM1001/Source_Code/DWM1001_on_board_package/DWM1001_on_board_package_R2.0/dwm/examples/dwm-twr-ranges/../../lib/libdwm.a(shell-sys.o)
                0x0004a206                cmd_ps
 .text.cmd_pm_show
                0x0004a20a        0x4 C:/Users/Marius/Documents/DWM1001/Source_Code/DWM1001_on_board_package/DWM1001_on_board_package_R2.0/dwm/examples/dwm-twr-ranges/../../lib/libdwm.a(shell-sys.o)
                0x0004a20a                cmd_pm_show
 .text.cmd_uptime
                0x0004a20e        0x4 C:/Users/Marius/Documents/DWM1001/Source_Code/DWM1001_on_board_package/DWM1001_on_board_package_R2.0/dwm/examples/dwm-twr-ranges/../../lib/libdwm.a(shell-sys.o)
                0x0004a20e                cmd_uptime
 *fill*         0x0004a212        0x2 
 .text.cmd_boot_addr_toggle