Archive member included to satisfy reference by file (symbol)

C:/Users/Marius/Documents/DWM1001/Source_Code/DWM1001_on_board_package/DWM1001_on_board_package_R2.0/dwm/examples/dwm-twr-ranges/../../lib/libdwm.a(ble-server.o)
                              C:/Users/Marius/Documents/DWM1001/Source_Code/DWM1001_on_board_package/DWM1001_on_board_package_R2.0/dwm/examples/dwm-twr-ranges/../../lib/dwm.o (ble_add_shell_cmds)
C:/Users/Marius/Documents/DWM1001/Source_Code/DWM1001_on_board_package/DWM1001_on_board_package_R2.0/dwm/examples/dwm-twr-ranges/../../lib/libdwm.a(ble_srv_common.o)
                              C:/Users/Marius/Documents/DWM1001/Source_Code/DWM1001_on_board_package/DWM1001_on_board_package_R2.0/dwm/examples/dwm-twr-ranges/../../lib/libdwm.a(ble-server.o) (ble_srv_is_notification_enabled)
C:/Users/Marius/Documents/DWM1001/Source_Code/DWM1001_on_board_package/DWM1001_on_board_package_R2.0/dwm/examples/dwm-twr-ranges/../../lib/libdwm.a(dw1000.o)
                              C:/Users/Marius/Documents/DWM1001/Source_Code/DWM1001_on_board_package/DWM1001_on_board_package_R2.0/dwm/examples/dwm-twr-ranges/../../lib/libdwm.a(ble-server.o) (dw_rand)
C:/Users/Marius/Documents/DWM1001/Source_Code/DWM1001_on_board_package/DWM1001_on_board_package_R2.0/dwm/examples/dwm-twr-ranges/../../lib/libdwm.a(dwm-math.o)
                              C:/Users/Marius/Documents/DWM1001/Source_Code/DWM1001_on_board_package/DWM1001_on_board_package_R2.0/dwm/examples/dwm-twr-ranges/../../lib/libdwm.a(dw1000.o) (flog10)
C:/Users/Marius/Documents/DWM1001/Source_Code/DWM1001_on_board_package/DWM1001_on_board_package_R2.0/dwm/examples/dwm-twr-ranges/../../lib/libdwm.a(dwm.o)
                              C:/Users/Marius/Documents/DWM1001/Source_Code/DWM1001_on_board_package/DWM1001_on_board_package_R2.0/dwm/examples/dwm-twr-ranges/output/compiler/dwm-simple.o (dwm_thread_create)
C:/Users/Marius/Documents/DWM1001/Source_Code/DWM1001_on_board_package/DWM1001_on_board_package_R2.0/dwm/examples/dwm-twr-ranges/../../lib/libdwm.a(env-tlv.o)
                              C:/Users/Marius/Documents/DWM1001/Source_Code/DWM1001_on_board_package/DWM1001_on_board_package_R2.0/dwm/examples/dwm-twr-ranges/../../lib/dwm.o (env_load)
C:/Users/Marius/Documents/DWM1001/Source_Code/DWM1001_on_board_package/DWM1001_on_board_package_R2.0/dwm/examples/dwm-twr-ranges/../../lib/libdwm.a(fwup.o)
                              C:/Users/Marius/Documents/DWM1001/Source_Code/DWM1001_on_board_package/DWM1001_on_board_package_R2.0/dwm/examples/dwm-twr-ranges/../../lib/libdwm.a(ble-server.o) (fwup_rcvr_in_progress)
C:/Users/Marius/Documents/DWM1001/Source_Code/DWM1001_on_board_package/DWM1001_on_board_package_R2.0/dwm/examples/dwm-twr-ranges/../../lib/libdwm.a(hal.o)
                              C:/Users/Marius/Documents/DWM1001/Source_Code/DWM1001_on_board_package/DWM1001_on_board_package_R2.0/dwm/examples/dwm-twr-ranges/../../lib/libdwm.a(dwm.o) (hal_factory_reset)
C:/Users/Marius/Documents/DWM1001/Source_Code/DWM1001_on_board_package/DWM1001_on_board_package_R2.0/dwm/examples/dwm-twr-ranges/../../lib/libdwm.a(nrf_drv_rng.o)
                              C:/Users/Marius/Documents/DWM1001/Source_Code/DWM1001_on_board_package/DWM1001_on_board_package_R2.0/dwm/examples/dwm-twr-ranges/../../lib/libdwm.a(hal.o) (nrf_drv_rng_init)
C:/Users/Marius/Documents/DWM1001/Source_Code/DWM1001_on_board_package/DWM1001_on_board_package_R2.0/dwm/examples/dwm-twr-ranges/../../lib/libdwm.a(pm.o)
                              C:/Users/Marius/Documents/DWM1001/Source_Code/DWM1001_on_board_package/DWM1001_on_board_package_R2.0/dwm/examples/dwm-twr-ranges/../../lib/libdwm.a(ble-server.o) (pm_sched_signal)
C:/Users/Marius/Documents/DWM1001/Source_Code/DWM1001_on_board_package/DWM1001_on_board_package_R2.0/dwm/examples/dwm-twr-ranges/../../lib/libdwm.a(process-api.o)
                              C:/Users/Marius/Documents/DWM1001/Source_Code/DWM1001_on_board_package/DWM1001_on_board_package_R2.0/dwm/examples/dwm-twr-ranges/../../lib/dwm.o (api_thread_start)
C:/Users/Marius/Documents/DWM1001/Source_Code/DWM1001_on_board_package/DWM1001_on_board_package_R2.0/dwm/examples/dwm-twr-ranges/../../lib/libdwm.a(process-ble.o)
                              C:/Users/Marius/Documents/DWM1001/Source_Code/DWM1001_on_board_package/DWM1001_on_board_package_R2.0/dwm/examples/dwm-twr-ranges/../../lib/libdwm.a(ble-server.o) (ble_server_evt_put)
C:/Users/Marius/Documents/DWM1001/Source_Code/DWM1001_on_board_package/DWM1001_on_board_package_R2.0/dwm/examples/dwm-twr-ranges/../../lib/libdwm.a(process-le.o)
                              C:/Users/Marius/Documents/DWM1001/Source_Code/DWM1001_on_board_package/DWM1001_on_board_package_R2.0/dwm/examples/dwm-twr-ranges/../../lib/dwm.o (le_init)
C:/Users/Marius/Documents/DWM1001/Source_Code/DWM1001_on_board_package/DWM1001_on_board_package_R2.0/dwm/examples/dwm-twr-ranges/../../lib/libdwm.a(process-pm.o)
[...]
Memory Configuration

Name             Origin             Length             Attributes
sram             0x200035e0         0x0000ba20
flash            0x00044000         0x0003c000
*default*        0x00000000         0xffffffff

Linker script and memory map

LOAD C:/Users/Marius/Documents/DWM1001/Source_Code/DWM1001_on_board_package/DWM1001_on_board_package_R2.0/dwm/examples/dwm-twr-ranges/../../lib\vectors.o
LOAD C:/Users/Marius/Documents/DWM1001/Source_Code/DWM1001_on_board_package/DWM1001_on_board_package_R2.0/dwm/examples/dwm-twr-ranges/output/compiler/dwm-simple.o
LOAD C:/Users/Marius/Documents/DWM1001/Source_Code/DWM1001_on_board_package/DWM1001_on_board_package_R2.0/dwm/examples/dwm-twr-ranges/../../lib/dwm.o
LOAD C:/Users/Marius/Documents/DWM1001/Source_Code/DWM1001_on_board_package/DWM1001_on_board_package_R2.0/dwm/examples/dwm-twr-ranges/../../lib/libdwm.a
LOAD c:/program files (x86)/gnu tools arm embedded/5.4 2016q3/bin/../lib/gcc/arm-none-eabi/5.4.1/../../../../arm-none-eabi/lib/armv7e-m/fpu\libm.a
LOAD c:/program files (x86)/gnu tools arm embedded/5.4 2016q3/bin/../lib/gcc/arm-none-eabi/5.4.1/armv7e-m/fpu\libgcc.a
LOAD c:/program files (x86)/gnu tools arm embedded/5.4 2016q3/bin/../lib/gcc/arm-none-eabi/5.4.1/../../../../arm-none-eabi/lib/armv7e-m/fpu\libc.a
LOAD c:/program files (x86)/gnu tools arm embedded/5.4 2016q3/bin/../lib/gcc/arm-none-eabi/5.4.1/../../../../arm-none-eabi/lib/armv7e-m/fpu\libnosys.a
LOAD C:/Users/Marius/Documents/DWM1001/Source_Code/DWM1001_on_board_package/DWM1001_on_board_package_R2.0/dwm/examples/dwm-twr-ranges/../../lib\extras.o
START GROUP
LOAD C:/Users/Marius/Documents/DWM1001/Source_Code/DWM1001_on_board_package/DWM1001_on_board_package_R2.0/dwm/examples/dwm-twr-ranges/../../lib\libtarget.a
LOAD c:/program files (x86)/gnu tools arm embedded/5.4 2016q3/bin/../lib/gcc/arm-none-eabi/5.4.1/armv7e-m/fpu\libgcc.a
LOAD c:/program files (x86)/gnu tools arm embedded/5.4 2016q3/bin/../lib/gcc/arm-none-eabi/5.4.1/../../../../arm-none-eabi/lib/armv7e-m/fpu\libsupc++.a
END GROUP

.debug_aranges  0x00000000       0x38
 *(.debug_aranges)
 .debug_aranges
                0x00000000       0x38 C:/Users/Marius/Documents/DWM1001/Source_Code/DWM1001_on_board_package/DWM1001_on_board_package_R2.0/dwm/examples/dwm-twr-ranges/output/compiler/dwm-simple.o

.debug_pubnames
 *(.debug_pubnames)

.debug_info     0x00000000      0x64b
 *(.debug_info)
 .debug_info    0x00000000      0x64b C:/Users/Marius/Documents/DWM1001/Source_Code/DWM1001_on_board_package/DWM1001_on_board_package_R2.0/dwm/examples/dwm-twr-ranges/output/compiler/dwm-simple.o

.debug_abbrev   0x00000000      0x18e
 *(.debug_abbrev)
 .debug_abbrev  0x00000000      0x18e C:/Users/Marius/Documents/DWM1001/Source_Code/DWM1001_on_board_package/DWM1001_on_board_package_R2.0/dwm/examples/dwm-twr-ranges/output/compiler/dwm-simple.o

.debug_line     0x00000000      0x211
 *(.debug_line)
 .debug_line    0x00000000      0x211 C:/Users/Marius/Documents/DWM1001/Source_Code/DWM1001_on_board_package/DWM1001_on_board_package_R2.0/dwm/examples/dwm-twr-ranges/output/compiler/dwm-simple.o

.debug_frame    0x00000000     0x180c
 *(.debug_frame)
 .debug_frame   0x00000000       0x9c C:/Users/Marius/Documents/DWM1001/Source_Code/DWM1001_on_board_package/DWM1001_on_board_package_R2.0/dwm/examples/dwm-twr-ranges/output/compiler/dwm-simple.o
 .debug_frame   0x0000009c       0x30 c:/program files (x86)/gnu tools arm embedded/5.4 2016q3/bin/../lib/gcc/arm-none-eabi/5.4.1/../../../../arm-none-eabi/lib/armv7e-m/fpu\libm.a(lib_a-s_ceil.o)
 .debug_frame   0x000000cc       0x30 c:/program files (x86)/gnu tools arm embedded/5.4 2016q3/bin/../lib/gcc/arm-none-eabi/5.4.1/../../../../arm-none-eabi/lib/armv7e-m/fpu\libm.a(lib_a-s_floor.o)
 .debug_frame   0x000000fc       0x58 c:/program files (x86)/gnu tools arm embedded/5.4 2016q3/bin/../lib/gcc/arm-none-eabi/5.4.1/../../../../arm-none-eabi/lib/armv7e-m/fpu\libm.a(lib_a-w_sqrt.o)
 .debug_frame   0x00000154       0x30 c:/program files (x86)/gnu tools arm embedded/5.4 2016q3/bin/../lib/gcc/arm-none-eabi/5.4.1/../../../../arm-none-eabi/lib/armv7e-m/fpu\libm.a(lib_a-e_sqrt.o)
 .debug_frame   0x00000184       0x20 c:/program files (x86)/gnu tools arm embedded/5.4 2016q3/bin/../lib/gcc/arm-none-eabi/5.4.1/../../../../arm-none-eabi/lib/armv7e-m/fpu\libm.a(lib_a-s_matherr.o)
 .debug_frame   0x000001a4       0x44 c:/program files (x86)/gnu tools arm embedded/5.4 2016q3/bin/../lib/gcc/arm-none-eabi/5.4.1/armv7e-m/fpu\libgcc.a(_aeabi_ldivmod.o)
 .debug_frame   0x000001e8       0x2c c:/program files (x86)/gnu tools arm embedded/5.4 2016q3/bin/../lib/gcc/arm-none-eabi/5.4.1/armv7e-m/fpu\libgcc.a(_aeabi_uldivmod.o)
 .debug_frame   0x00000214       0x2c c:/program files (x86)/gnu tools arm embedded/5.4 2016q3/bin/../lib/gcc/arm-none-eabi/5.4.1/armv7e-m/fpu\libgcc.a(_fixunssfdi.o)
 .debug_frame   0x00000240       0x2c c:/program files (x86)/gnu tools arm embedded/5.4 2016q3/bin/../lib/gcc/arm-none-eabi/5.4.1/armv7e-m/fpu\libgcc.a(_fixunsdfdi.o)
 .debug_frame   0x0000026c       0x34 c:/program files (x86)/gnu tools arm embedded/5.4 2016q3/bin/../lib/gcc/arm-none-eabi/5.4.1/armv7e-m/fpu\libgcc.a(_udivmoddi4.o)
 .debug_frame   0x000002a0       0x30 c:/program files (x86)/gnu tools arm embedded/5.4 2016q3/bin/../lib/gcc/arm-none-eabi/5.4.1/../../../../arm-none-eabi/lib/armv7e-m/fpu\libc.a(lib_a-atoi.o)
 .debug_frame   0x000002d0       0x20 c:/program files (x86)/gnu tools arm embedded/5.4 2016q3/bin/../lib/gcc/arm-none-eabi/5.4.1/../../../../arm-none-eabi/lib/armv7e-m/fpu\libc.a(lib_a-calloc.o)
 .debug_frame   0x000002f0       0x28 c:/program files (x86)/gnu tools arm embedded/5.4 2016q3/bin/../lib/gcc/arm-none-eabi/5.4.1/../../../../arm-none-eabi/lib/armv7e-m/fpu\libc.a(lib_a-callocr.o)
 .debug_frame   0x00000318       0x20 c:/program files (x86)/gnu tools arm embedded/5.4 2016q3/bin/../lib/gcc/arm-none-eabi/5.4.1/../../../../arm-none-eabi/lib/armv7e-m/fpu\libc.a(lib_a-errno.o)
 .debug_frame   0x00000338       0x6c c:/program files (x86)/gnu tools arm embedded/5.4 2016q3/bin/../lib/gcc/arm-none-eabi/5.4.1/../../../../arm-none-eabi/lib/armv7e-m/fpu\libc.a(lib_a-fflush.o)
 .debug_frame   0x000003a4      0x124 c:/program files (x86)/gnu tools arm embedded/5.4 2016q3/bin/../lib/gcc/arm-none-eabi/5.4.1/../../../../arm-none-eabi/lib/armv7e-m/fpu\libc.a(lib_a-findfp.o)
 .debug_frame   0x000004c8       0x74 c:/program files (x86)/gnu tools arm embedded/5.4 2016q3/bin/../lib/gcc/arm-none-eabi/5.4.1/../../../../arm-none-eabi/lib/armv7e-m/fpu\libc.a(lib_a-freer.o)
 .debug_frame   0x0000053c       0x54 c:/program files (x86)/gnu tools arm embedded/5.4 2016q3/bin/../lib/gcc/arm-none-eabi/5.4.1/../../../../arm-none-eabi/lib/armv7e-m/fpu\libc.a(lib_a-fwalk.o)
 .debug_frame   0x00000590       0x30 c:/program files (x86)/gnu tools arm embedded/5.4 2016q3/bin/../lib/gcc/arm-none-eabi/5.4.1/../../../../arm-none-eabi/lib/armv7e-m/fpu\libc.a(lib_a-malloc.o)
 .debug_frame   0x000005c0       0x58 c:/program files (x86)/gnu tools arm embedded/5.4 2016q3/bin/../lib/gcc/arm-none-eabi/5.4.1/../../../../arm-none-eabi/lib/armv7e-m/fpu\libc.a(lib_a-mallocr.o)
 .debug_frame   0x00000618       0x38 c:/program files (x86)/gnu tools arm embedded/5.4 2016q3/bin/../lib/gcc/arm-none-eabi/5.4.1/../../../../arm-none-eabi/lib/armv7e-m/fpu\libc.a(lib_a-memcmp.o)
 .debug_frame   0x00000650       0x34 c:/program files (x86)/gnu tools arm embedded/5.4 2016q3/bin/../lib/gcc/arm-none-eabi/5.4.1/../../../../arm-none-eabi/lib/armv7e-m/fpu\libc.a(lib_a-memset.o)
 .debug_frame   0x00000684       0x30 c:/program files (x86)/gnu tools arm embedded/5.4 2016q3/bin/../lib/gcc/arm-none-eabi/5.4.1/../../../../arm-none-eabi/lib/armv7e-m/fpu\libc.a(lib_a-mlock.o)
 .debug_frame   0x000006b4       0x80 c:/program files (x86)/gnu tools arm embedded/5.4 2016q3/bin/../lib/gcc/arm-none-eabi/5.4.1/../../../../arm-none-eabi/lib/armv7e-m/fpu\libc.a(lib_a-mstats.o)
 .debug_frame   0x00000734       0x74 c:/program files (x86)/gnu tools arm embedded/5.4 2016q3/bin/../lib/gcc/arm-none-eabi/5.4.1/../../../../arm-none-eabi/lib/armv7e-m/fpu\libc.a(lib_a-printf.o)
 .debug_frame   0x000007a8       0x30 c:/program files (x86)/gnu tools arm embedded/5.4 2016q3/bin/../lib/gcc/arm-none-eabi/5.4.1/../../../../arm-none-eabi/lib/armv7e-m/fpu\libc.a(lib_a-putchar.o)
 .debug_frame   0x000007d8       0x48 c:/program files (x86)/gnu tools arm embedded/5.4 2016q3/bin/../lib/gcc/arm-none-eabi/5.4.1/../../../../arm-none-eabi/lib/armv7e-m/fpu\libc.a(lib_a-puts.o)
 .debug_frame   0x00000820       0x2c c:/program files (x86)/gnu tools arm embedded/5.4 2016q3/bin/../lib/gcc/arm-none-eabi/5.4.1/../../../../arm-none-eabi/lib/armv7e-m/fpu\libc.a(lib_a-sbrkr.o)
 .debug_frame   0x0000084c       0xd0 c:/program files (x86)/gnu tools arm embedded/5.4 2016q3/bin/../lib/gcc/arm-none-eabi/5.4.1/../../../../arm-none-eabi/lib/armv7e-m/fpu\libc.a(lib_a-snprintf.o)
 .debug_frame   0x0000091c       0x88 c:/program files (x86)/gnu tools arm embedded/5.4 2016q3/bin/../lib/gcc/arm-none-eabi/5.4.1/../../../../arm-none-eabi/lib/armv7e-m/fpu\libc.a(lib_a-stdio.o)
 .debug_frame   0x000009a4       0x68 c:/program files (x86)/gnu tools arm embedded/5.4 2016q3/bin/../lib/gcc/arm-none-eabi/5.4.1/../../../../arm-none-eabi/lib/armv7e-m/fpu\libc.a(lib_a-strcmp.o)
 .debug_frame   0x00000a0c       0x54 c:/program files (x86)/gnu tools arm embedded/5.4 2016q3/bin/../lib/gcc/arm-none-eabi/5.4.1/../../../../arm-none-eabi/lib/armv7e-m/fpu\libc.a(lib_a-strncmp.o)
 .debug_frame   0x00000a60       0x30 c:/program files (x86)/gnu tools arm embedded/5.4 2016q3/bin/../lib/gcc/arm-none-eabi/5.4.1/../../../../arm-none-eabi/lib/armv7e-m/fpu\libc.a(lib_a-strnlen.o)
 .debug_frame   0x00000a90       0x20 c:/program files (x86)/gnu tools arm embedded/5.4 2016q3/bin/../lib/gcc/arm-none-eabi/5.4.1/../../../../arm-none-eabi/lib/armv7e-m/fpu\libc.a(lib_a-strtok.o)
 .debug_frame   0x00000ab0       0x48 c:/program files (x86)/gnu tools arm embedded/5.4 2016q3/bin/../lib/gcc/arm-none-eabi/5.4.1/../../../../arm-none-eabi/lib/armv7e-m/fpu\libc.a(lib_a-strtok_r.o)
 .debug_frame   0x00000af8       0x98 c:/program files (x86)/gnu tools arm embedded/5.4 2016q3/bin/../lib/gcc/arm-none-eabi/5.4.1/../../../../arm-none-eabi/lib/armv7e-m/fpu\libc.a(lib_a-strtol.o)
 .debug_frame   0x00000b90       0x98 c:/program files (x86)/gnu tools arm embedded/5.4 2016q3/bin/../lib/gcc/arm-none-eabi/5.4.1/../../../../arm-none-eabi/lib/armv7e-m/fpu\libc.a(lib_a-strtoul.o)
 .debug_frame   0x00000c28       0x44 c:/program files (x86)/gnu tools arm embedded/5.4 2016q3/bin/../lib/gcc/arm-none-eabi/5.4.1/../../../../arm-none-eabi/lib/armv7e-m/fpu\libc.a(lib_a-svfprintf.o)
 .debug_frame   0x00000c6c       0x88 c:/program files (x86)/gnu tools arm embedded/5.4 2016q3/bin/../lib/gcc/arm-none-eabi/5.4.1/../../../../arm-none-eabi/lib/armv7e-m/fpu\libc.a(lib_a-vfprintf.o)
 .debug_frame   0x00000cf4       0x2c c:/program files (x86)/gnu tools arm embedded/5.4 2016q3/bin/../lib/gcc/arm-none-eabi/5.4.1/../../../../arm-none-eabi/lib/armv7e-m/fpu\libc.a(lib_a-writer.o)
 .debug_frame   0x00000d20       0x2c c:/program files (x86)/gnu tools arm embedded/5.4 2016q3/bin/../lib/gcc/arm-none-eabi/5.4.1/../../../../arm-none-eabi/lib/armv7e-m/fpu\libc.a(lib_a-wsetup.o)
 .debug_frame   0x00000d4c       0x2c c:/program files (x86)/gnu tools arm embedded/5.4 2016q3/bin/../lib/gcc/arm-none-eabi/5.4.1/../../../../arm-none-eabi/lib/armv7e-m/fpu\libc.a(lib_a-closer.o)
 .debug_frame   0x00000d78       0x88 c:/program files (x86)/gnu tools arm embedded/5.4 2016q3/bin/../lib/gcc/arm-none-eabi/5.4.1/../../../../arm-none-eabi/lib/armv7e-m/fpu\libc.a(lib_a-dtoa.o)
 .debug_frame   0x00000e00       0x44 c:/program files (x86)/gnu tools arm embedded/5.4 2016q3/bin/../lib/gcc/arm-none-eabi/5.4.1/../../../../arm-none-eabi/lib/armv7e-m/fpu\libc.a(lib_a-fclose.o)
 .debug_frame   0x00000e44       0x68 c:/program files (x86)/gnu tools arm embedded/5.4 2016q3/bin/../lib/gcc/arm-none-eabi/5.4.1/../../../../arm-none-eabi/lib/armv7e-m/fpu\libc.a(lib_a-fvwrite.o)
 .debug_frame   0x00000eac       0x84 c:/program files (x86)/gnu tools arm embedded/5.4 2016q3/bin/../lib/gcc/arm-none-eabi/5.4.1/../../../../arm-none-eabi/lib/armv7e-m/fpu\libc.a(lib_a-locale.o)
 .debug_frame   0x00000f30       0x40 c:/program files (x86)/gnu tools arm embedded/5.4 2016q3/bin/../lib/gcc/arm-none-eabi/5.4.1/../../../../arm-none-eabi/lib/armv7e-m/fpu\libc.a(lib_a-localeconv.o)
 .debug_frame   0x00000f70       0x2c c:/program files (x86)/gnu tools arm embedded/5.4 2016q3/bin/../lib/gcc/arm-none-eabi/5.4.1/../../../../arm-none-eabi/lib/armv7e-m/fpu\libc.a(lib_a-lseekr.o)
 .debug_frame   0x00000f9c       0x68 c:/program files (x86)/gnu tools arm embedded/5.4 2016q3/bin/../lib/gcc/arm-none-eabi/5.4.1/../../../../arm-none-eabi/lib/armv7e-m/fpu\libc.a(lib_a-makebuf.o)
 .debug_frame   0x00001004       0x50 c:/program files (x86)/gnu tools arm embedded/5.4 2016q3/bin/../lib/gcc/arm-none-eabi/5.4.1/../../../../arm-none-eabi/lib/armv7e-m/fpu\libc.a(lib_a-mallinfor.o)
 .debug_frame   0x00001054       0x4c c:/program files (x86)/gnu tools arm embedded/5.4 2016q3/bin/../lib/gcc/arm-none-eabi/5.4.1/../../../../arm-none-eabi/lib/armv7e-m/fpu\libc.a(lib_a-mbtowc_r.o)
 .debug_frame   0x000010a0       0x30 c:/program files (x86)/gnu tools arm embedded/5.4 2016q3/bin/../lib/gcc/arm-none-eabi/5.4.1/../../../../arm-none-eabi/lib/armv7e-m/fpu\libc.a(lib_a-memmove.o)
 .debug_frame   0x000010d0      0x264 c:/program files (x86)/gnu tools arm embedded/5.4 2016q3/bin/../lib/gcc/arm-none-eabi/5.4.1/../../../../arm-none-eabi/lib/armv7e-m/fpu\libc.a(lib_a-mprec.o)
 .debug_frame   0x00001334       0x58 c:/program files (x86)/gnu tools arm embedded/5.4 2016q3/bin/../lib/gcc/arm-none-eabi/5.4.1/../../../../arm-none-eabi/lib/armv7e-m/fpu\libc.a(lib_a-putc.o)
 .debug_frame   0x0000138c       0x2c c:/program files (x86)/gnu tools arm embedded/5.4 2016q3/bin/../lib/gcc/arm-none-eabi/5.4.1/../../../../arm-none-eabi/lib/armv7e-m/fpu\libc.a(lib_a-readr.o)
 .debug_frame   0x000013b8       0x60 c:/program files (x86)/gnu tools arm embedded/5.4 2016q3/bin/../lib/gcc/arm-none-eabi/5.4.1/../../../../arm-none-eabi/lib/armv7e-m/fpu\libc.a(lib_a-reallocr.o)
 .debug_frame   0x00001418       0x58 c:/program files (x86)/gnu tools arm embedded/5.4 2016q3/bin/../lib/gcc/arm-none-eabi/5.4.1/../../../../arm-none-eabi/lib/armv7e-m/fpu\libc.a(lib_a-reent.o)
 .debug_frame   0x00001470       0x78 c:/program files (x86)/gnu tools arm embedded/5.4 2016q3/bin/../lib/gcc/arm-none-eabi/5.4.1/../../../../arm-none-eabi/lib/armv7e-m/fpu\libc.a(lib_a-svfiprintf.o)
 .debug_frame   0x000014e8       0xc8 c:/program files (x86)/gnu tools arm embedded/5.4 2016q3/bin/../lib/gcc/arm-none-eabi/5.4.1/../../../../arm-none-eabi/lib/armv7e-m/fpu\libc.a(lib_a-vfiprintf.o)
 .debug_frame   0x000015b0       0x40 c:/program files (x86)/gnu tools arm embedded/5.4 2016q3/bin/../lib/gcc/arm-none-eabi/5.4.1/../../../../arm-none-eabi/lib/armv7e-m/fpu\libc.a(lib_a-wbuf.o)
 .debug_frame   0x000015f0       0x3c c:/program files (x86)/gnu tools arm embedded/5.4 2016q3/bin/../lib/gcc/arm-none-eabi/5.4.1/../../../../arm-none-eabi/lib/armv7e-m/fpu\libc.a(lib_a-wctomb_r.o)
 .debug_frame   0x0000162c       0x8c c:/program files (x86)/gnu tools arm embedded/5.4 2016q3/bin/../lib/gcc/arm-none-eabi/5.4.1/../../../../arm-none-eabi/lib/armv7e-m/fpu\libc.a(lib_a-fputwc.o)
 .debug_frame   0x000016b8       0x2c c:/program files (x86)/gnu tools arm embedded/5.4 2016q3/bin/../lib/gcc/arm-none-eabi/5.4.1/../../../../arm-none-eabi/lib/armv7e-m/fpu\libc.a(lib_a-fstatr.o)
 .debug_frame   0x000016e4       0x2c c:/program files (x86)/gnu tools arm embedded/5.4 2016q3/bin/../lib/gcc/arm-none-eabi/5.4.1/../../../../arm-none-eabi/lib/armv7e-m/fpu\libc.a(lib_a-isattyr.o)
 .debug_frame   0x00001710       0x5c c:/program files (x86)/gnu tools arm embedded/5.4 2016q3/bin/../lib/gcc/arm-none-eabi/5.4.1/../../../../arm-none-eabi/lib/armv7e-m/fpu\libc.a(lib_a-wcrtomb.o)
 .debug_frame   0x0000176c       0x20 c:/program files (x86)/gnu tools arm embedded/5.4 2016q3/bin/../lib/gcc/arm-none-eabi/5.4.1/../../../../arm-none-eabi/lib/armv7e-m/fpu\libnosys.a(close.o)
 .debug_frame   0x0000178c       0x20 c:/program files (x86)/gnu tools arm embedded/5.4 2016q3/bin/../lib/gcc/arm-none-eabi/5.4.1/../../../../arm-none-eabi/lib/armv7e-m/fpu\libnosys.a(fstat.o)
 .debug_frame   0x000017ac       0x20 c:/program files (x86)/gnu tools arm embedded/5.4 2016q3/bin/../lib/gcc/arm-none-eabi/5.4.1/../../../../arm-none-eabi/lib/armv7e-m/fpu\libnosys.a(isatty.o)
 .debug_frame   0x000017cc       0x20 c:/program files (x86)/gnu tools arm embedded/5.4 2016q3/bin/../lib/gcc/arm-none-eabi/5.4.1/../../../../arm-none-eabi/lib/armv7e-m/fpu\libnosys.a(lseek.o)
 .debug_frame   0x000017ec       0x20 c:/program files (x86)/gnu tools arm embedded/5.4 2016q3/bin/../lib/gcc/arm-none-eabi/5.4.1/../../../../arm-none-eabi/lib/armv7e-m/fpu\libsupc++.a(atexit_arm.o)

.debug_str      0x00000000      0x511
 *(.debug_str)
 .debug_str     0x00000000      0x511 C:/Users/Marius/Documents/DWM1001/Source_Code/DWM1001_on_board_package/DWM1001_on_board_package_R2.0/dwm/examples/dwm-twr-ranges/output/compiler/dwm-simple.o
                                0x58c (size before relaxing)

.debug_loc
 *(.debug_loc)

.debug_macinfo
 *(.debug_macinfo)

.note.arm.ident
 *(.note.arm.ident)

/DISCARD/
 *(.fini_array*)

.rom_vectors    0x00044000        0x8
                0x00044000                __rom_vectors_vma = ABSOLUTE (.)
                0x00044000                . = .
 *(.vectors)
 .vectors       0x00044000        0x8 C:/Users/Marius/Documents/DWM1001/Source_Code/DWM1001_on_board_package/DWM1001_on_board_package_R2.0/dwm/examples/dwm-twr-ranges/../../lib\vectors.o
                0x00044000                __rom_vectors_lma = LOADADDR (.rom_vectors)

.rel.text
 *(.rel.text)
 *(.rel.text.*)
 *(.rel.gnu.linkonce.t*)

.rela.text
 *(.rela.text)
 *(.rela.text.*)
 *(.rela.gnu.linkonce.t*)

.rel.data
 *(.rel.data)
 *(.rel.data.*)
 *(.rel.gnu.linkonce.d*)

.rela.data
 *(.rela.data)
 *(.rela.data.*)
 *(.rela.gnu.linkonce.d*)

.rel.rodata
 *(.rel.rodata)
 *(.rel.rodata.*)
 *(.rel.gnu.linkonce.r*)

.rela.rodata
 *(.rela.rodata)
 *(.rela.rodata.*)
 *(.rela.gnu.linkonce.r*)

.rel.got
 *(.rel.got)

.rela.got
 *(.rela.got)

.rel.ctors
 *(.rel.ctors)

.rela.ctors
 *(.rela.ctors)

.rel.dtors
 *(.rel.dtors)

.rela.dtors
 *(.rela.dtors)

.rel.init
 *(.rel.init)

.rela.init
 *(.rela.init)

.rel.fini
 *(.rel.fini)

.rela.fini
 *(.rela.fini)

.rel.bss
 *(.rel.bss)

.rela.bss
 *(.rela.bss)

.rel.plt
 *(.rel.plt)

.rela.plt
 *(.rela.plt)

.rel.dyn        0x00044008        0x0
 *(.rel.dyn)
 .rel.iplt      0x00044008        0x0 C:/Users/Marius/Documents/DWM1001/Source_Code/DWM1001_on_board_package/DWM1001_on_board_package_R2.0/dwm/examples/dwm-twr-ranges/../../lib\vectors.o

.ARM.extab      0x00044008        0x0
                [!provide]                PROVIDE (__stext, ABSOLUTE (.))
                0x00044008                _stext = ABSOLUTE (.)
                0x00044008                . = .
 *(.ARM.extab* .gnu.linkonce.armextab.*)
                0x00044008                . = ALIGN (0x8)
                0x00044008                __exidx_start = ABSOLUTE (.)

.ARM.exidx      0x00044008        0x8
 *(.ARM.exidx* .gnu.linkonce.armexidx.*)
 .ARM.exidx     0x00044008        0x8 c:/program files (x86)/gnu tools arm embedded/5.4 2016q3/bin/../lib/gcc/arm-none-eabi/5.4.1/armv7e-m/fpu\libgcc.a(_udivmoddi4.o)
 .ARM.exidx.text.__aeabi_atexit
                0x00044010        0x0 c:/program files (x86)/gnu tools arm embedded/5.4 2016q3/bin/../lib/gcc/arm-none-eabi/5.4.1/../../../../arm-none-eabi/lib/armv7e-m/fpu\libsupc++.a(atexit_arm.o)
                                  0x8 (size before relaxing)
                0x00044010                . = .
                0x00044010                __exidx_end = ABSOLUTE (.)

.text           0x00044010    0x29d24
 *(.text*)
 .text          0x00044010       0xec C:/Users/Marius/Documents/DWM1001/Source_Code/DWM1001_on_board_package/DWM1001_on_board_package_R2.0/dwm/examples/dwm-twr-ranges/../../lib\vectors.o
                0x00044010                reset_vector
                0x0004401c                hal_switch_state_vsr
                0x0004403c                hal_default_exception_vsr
                0x0004406e                hal_default_interrupt_vsr
                0x00044082                hal_pendable_svc_vsr
                0x000440a8                hal_interrupt_end_done
                0x000440ac                hal_interrupt_end_vsr
                0x000440ba                hal_call_dsrs_vsr
                0x000440be                hal_default_svc_vsr
                0x000440cc                hal_usagefault_exception_vsr
                0x000440f4                hal_boot_jump_asm
 .text.on_dwm_evt
                0x000440fc       0xcc C:/Users/Marius/Documents/DWM1001/Source_Code/DWM1001_on_board_package/DWM1001_on_board_package_R2.0/dwm/examples/dwm-twr-ranges/output/compiler/dwm-simple.o
                0x000440fc                on_dwm_evt
 .text.config_tag
                0x000441c8      0x1cc C:/Users/Marius/Documents/DWM1001/Source_Code/DWM1001_on_board_package/DWM1001_on_board_package_R2.0/dwm/examples/dwm-twr-ranges/output/compiler/dwm-simple.o
                0x000441c8                config_tag
 .text.app_thread_entry
                0x00044394       0x60 C:/Users/Marius/Documents/DWM1001/Source_Code/DWM1001_on_board_package/DWM1001_on_board_package_R2.0/dwm/examples/dwm-twr-ranges/output/compiler/dwm-simple.o
                0x00044394                app_thread_entry
 .text.dwm_user_start
                0x000443f4       0x58 C:/Users/Marius/Documents/DWM1001/Source_Code/DWM1001_on_board_package/DWM1001_on_board_package_R2.0/dwm/examples/dwm-twr-ranges/output/compiler/dwm-simple.o
                0x000443f4                dwm_user_start
 .text.user_thread_create
                0x0004444c       0x84 C:/Users/Marius/Documents/DWM1001/Source_Code/DWM1001_on_board_package/DWM1001_on_board_package_R2.0/dwm/examples/dwm-twr-ranges/../../lib/dwm.o
                0x0004444c                user_thread_create
 .text.user_thread_resume
                0x000444d0       0x38 C:/Users/Marius/Documents/DWM1001/Source_Code/DWM1001_on_board_package/DWM1001_on_board_package_R2.0/dwm/examples/dwm-twr-ranges/../../lib/dwm.o
                0x000444d0                user_thread_resume
 .text.dwm_shell_add_commands
                0x00044508       0x6c C:/Users/Marius/Documents/DWM1001/Source_Code/DWM1001_on_board_package/DWM1001_on_board_package_R2.0/dwm/examples/dwm-twr-ranges/../../lib/dwm.o
                0x00044508                dwm_shell_add_commands
 .text.cyg_user_start
                0x00044574      0x13c C:/Users/Marius/Documents/DWM1001/Source_Code/DWM1001_on_board_package/DWM1001_on_board_package_R2.0/dwm/examples/dwm-twr-ranges/../../lib/dwm.o
                0x00044574                cyg_user_start
 .text.ble_adv_is_enabled
                0x000446b0        0xc C:/Users/Marius/Documents/DWM1001/Source_Code/DWM1001_on_board_package/DWM1001_on_board_package_R2.0/dwm/examples/dwm-twr-ranges/../../lib/libdwm.a(ble-server.o)
                0x000446b0                ble_adv_is_enabled
 .text.ble_add_shell_cmds
                0x000446bc       0x10 C:/Users/Marius/Documents/DWM1001/Source_Code/DWM1001_on_board_package/DWM1001_on_board_package_R2.0/dwm/examples/dwm-twr-ranges/../../lib/libdwm.a(ble-server.o)
                0x000446bc                ble_add_shell_cmds
 .text.ble_start
                0x000446cc       0x10 C:/Users/Marius/Documents/DWM1001/Source_Code/DWM1001_on_board_package/DWM1001_on_board_package_R2.0/dwm/examples/dwm-twr-ranges/../../lib/libdwm.a(ble-server.o)
                0x000446cc                ble_start
 .text.ble_stop
                0x000446dc       0x10 C:/Users/Marius/Documents/DWM1001/Source_Code/DWM1001_on_board_package/DWM1001_on_board_package_R2.0/dwm/examples/dwm-twr-ranges/../../lib/libdwm.a(ble-server.o)
                0x000446dc                ble_stop
 .text.ble_req_stop
                0x000446ec       0x10 C:/Users/Marius/Documents/DWM1001/Source_Code/DWM1001_on_board_package/DWM1001_on_board_package_R2.0/dwm/examples/dwm-twr-ranges/../../lib/libdwm.a(ble-server.o)
                0x000446ec                ble_req_stop
 .text.ble_stop_is_needed
                0x000446fc        0xc C:/Users/Marius/Documents/DWM1001/Source_Code/DWM1001_on_board_package/DWM1001_on_board_package_R2.0/dwm/examples/dwm-twr-ranges/../../lib/libdwm.a(ble-server.o)
                0x000446fc                ble_stop_is_needed
 .text.ble_autosuspend_disable
                0x00044708        0xc C:/Users/Marius/Documents/DWM1001/Source_Code/DWM1001_on_board_package/DWM1001_on_board_package_R2.0/dwm/examples/dwm-twr-ranges/../../lib/libdwm.a(ble-server.o)
                0x00044708                ble_autosuspend_disable
 .text.ble_autosuspend_enable
                0x00044714        0xc C:/Users/Marius/Documents/DWM1001/Source_Code/DWM1001_on_board_package/DWM1001_on_board_package_R2.0/dwm/examples/dwm-twr-ranges/../../lib/libdwm.a(ble-server.o)
                0x00044714                ble_autosuspend_enable
 .text.ble_label_set
                0x00044720       0x10 C:/Users/Marius/Documents/DWM1001/Source_Code/DWM1001_on_board_package/DWM1001_on_board_package_R2.0/dwm/examples/dwm-twr-ranges/../../lib/libdwm.a(ble-server.o)
                0x00044720                ble_label_set
 .text.ble_ur_set
                0x00044730       0x10 C:/Users/Marius/Documents/DWM1001/Source_Code/DWM1001_on_board_package/DWM1001_on_board_package_R2.0/dwm/examples/dwm-twr-ranges/../../lib/libdwm.a(ble-server.o)
                0x00044730                ble_ur_set
 .text.ble_pan_id_set
                0x00044740       0x10 C:/Users/Marius/Documents/DWM1001/Source_Code/DWM1001_on_board_package/DWM1001_on_board_package_R2.0/dwm/examples/dwm-twr-ranges/../../lib/libdwm.a(ble-server.o)
                0x00044740                ble_pan_id_set
 .text.ble_addr_set
                0x00044750       0x14 C:/Users/Marius/Documents/DWM1001/Source_Code/DWM1001_on_board_package/DWM1001_on_board_package_R2.0/dwm/examples/dwm-twr-ranges/../../lib/libdwm.a(ble-server.o)
                0x00044750                ble_addr_set
 .text.ble_addr_get
                0x00044764       0x14 C:/Users/Marius/Documents/DWM1001/Source_Code/DWM1001_on_board_package/DWM1001_on_board_package_R2.0/dwm/examples/dwm-twr-ranges/../../lib/libdwm.a(ble-server.o)
                0x00044764                ble_addr_get
 .text.ble_an_list_set
                0x00044778       0x10 C:/Users/Marius/Documents/DWM1001/Source_Code/DWM1001_on_board_package/DWM1001_on_board_package_R2.0/dwm/examples/dwm-twr-ranges/../../lib/libdwm.a(ble-server.o)
                0x00044778                ble_an_list_set
 .text.ble_mac_cl_info_set
                0x00044788       0x10 C:/Users/Marius/Documents/DWM1001/Source_Code/DWM1001_on_board_package/DWM1001_on_board_package_R2.0/dwm/examples/dwm-twr-ranges/../../lib/libdwm.a(ble-server.o)
                0x00044788                ble_mac_cl_info_set
 .text.ble_mac_stat_set
                0x00044798       0x10 C:/Users/Marius/Documents/DWM1001/Source_Code/DWM1001_on_board_package/DWM1001_on_board_package_R2.0/dwm/examples/dwm-twr-ranges/../../lib/libdwm.a(ble-server.o)
                0x00044798                ble_mac_stat_set
 .text.ble_proxy_set
                0x000447a8       0x14 C:/Users/Marius/Documents/DWM1001/Source_Code/DWM1001_on_board_package/DWM1001_on_board_package_R2.0/dwm/examples/dwm-twr-ranges/../../lib/libdwm.a(ble-server.o)
                0x000447a8                ble_proxy_set
 .text.ble_sys_info
                0x000447bc       0x10 C:/Users/Marius/Documents/DWM1001/Source_Code/DWM1001_on_board_package/DWM1001_on_board_package_R2.0/dwm/examples/dwm-twr-ranges/../../lib/libdwm.a(ble-server.o)
                0x000447bc                ble_sys_info
 *fill*         0x000447cc        0x4 
 .text.dw_usec_to_devt
                0x000447d0       0x20 C:/Users/Marius/Documents/DWM1001/Source_Code/DWM1001_on_board_package/DWM1001_on_board_package_R2.0/dwm/examples/dwm-twr-ranges/../../lib/libdwm.a(dw1000.o)
                0x000447d0                dw_usec_to_devt
 .text.dw_read_sys_time
                0x000447f0       0x40 C:/Users/Marius/Documents/DWM1001/Source_Code/DWM1001_on_board_package/DWM1001_on_board_package_R2.0/dwm/examples/dwm-twr-ranges/../../lib/libdwm.a(dw1000.o)
                0x000447f0                dw_read_sys_time
 .text.dw_rand  0x00044830       0x18 C:/Users/Marius/Documents/DWM1001/Source_Code/DWM1001_on_board_package/DWM1001_on_board_package_R2.0/dwm/examples/dwm-twr-ranges/../../lib/libdwm.a(dw1000.o)
                0x00044830                dw_rand
 .text.dw_near_timeout
                0x00044848       0x50 C:/Users/Marius/Documents/DWM1001/Source_Code/DWM1001_on_board_package/DWM1001_on_board_package_R2.0/dwm/examples/dwm-twr-ranges/../../lib/libdwm.a(dw1000.o)
                0x00044848                dw_near_timeout
 .text.dw_tx_reset
                0x00044898       0x3a C:/Users/Marius/Documents/DWM1001/Source_Code/DWM1001_on_board_package/DWM1001_on_board_package_R2.0/dwm/examples/dwm-twr-ranges/../../lib/libdwm.a(dw1000.o)
                0x00044898                dw_tx_reset
 .text.dw_buf_write
                0x000448d2       0xd4 C:/Users/Marius/Documents/DWM1001/Source_Code/DWM1001_on_board_package/DWM1001_on_board_package_R2.0/dwm/examples/dwm-twr-ranges/../../lib/libdwm.a(dw1000.o)
                0x000448d2                dw_buf_write
 .text.dw_buf_start
                0x000449a6       0x90 C:/Users/Marius/Documents/DWM1001/Source_Code/DWM1001_on_board_package/DWM1001_on_board_package_R2.0/dwm/examples/dwm-twr-ranges/../../lib/libdwm.a(dw1000.o)
                0x000449a6                dw_buf_start
 .text.dw_buf_await_send
                0x00044a36       0x54 C:/Users/Marius/Documents/DWM1001/Source_Code/DWM1001_on_board_package/DWM1001_on_board_package_R2.0/dwm/examples/dwm-twr-ranges/../../lib/libdwm.a(dw1000.o)
                0x00044a36                dw_buf_await_send
 .text.dw_buf_send
                0x00044a8a       0x1e C:/Users/Marius/Documents/DWM1001/Source_Code/DWM1001_on_board_package/DWM1001_on_board_package_R2.0/dwm/examples/dwm-twr-ranges/../../lib/libdwm.a(dw1000.o)
                0x00044a8a                dw_buf_send
 .text.dw_rx_on
                0x00044aa8       0x20 C:/Users/Marius/Documents/DWM1001/Source_Code/DWM1001_on_board_package/DWM1001_on_board_package_R2.0/dwm/examples/dwm-twr-ranges/../../lib/libdwm.a(dw1000.o)
                0x00044aa8                dw_rx_on
 .text.dw_rxto_on
                0x00044ac8       0x40 C:/Users/Marius/Documents/DWM1001/Source_Code/DWM1001_on_board_package/DWM1001_on_board_package_R2.0/dwm/examples/dwm-twr-ranges/../../lib/libdwm.a(dw1000.o)
                0x00044ac8                dw_rxto_on
 .text.dw_get_preamble_len
                0x00044b08       0x18 C:/Users/Marius/Documents/DWM1001/Source_Code/DWM1001_on_board_package/DWM1001_on_board_package_R2.0/dwm/examples/dwm-twr-ranges/../../lib/libdwm.a(dw1000.o)
                0x00044b08                dw_get_preamble_len
 .text.dw_get_frame_len
                0x00044b20      0x124 C:/Users/Marius/Documents/DWM1001/Source_Code/DWM1001_on_board_package/DWM1001_on_board_package_R2.0/dwm/examples/dwm-twr-ranges/../../lib/libdwm.a(dw1000.o)
                0x00044b20                dw_get_frame_len
 *fill*         0x00044c44        0x4 
 .text.dw_get_qf
                0x00044c48      0x16c C:/Users/Marius/Documents/DWM1001/Source_Code/DWM1001_on_board_package/DWM1001_on_board_package_R2.0/dwm/examples/dwm-twr-ranges/../../lib/libdwm.a(dw1000.o)
                0x00044c48                dw_get_qf
 *fill*         0x00044db4        0x4 
 .text.dw_get_rssi
                0x00044db8       0xb8 C:/Users/Marius/Documents/DWM1001/Source_Code/DWM1001_on_board_package/DWM1001_on_board_package_R2.0/dwm/examples/dwm-twr-ranges/../../lib/libdwm.a(dw1000.o)
                0x00044db8                dw_get_rssi
 .text.dw_set_ch_cfg
                0x00044e70        0xa C:/Users/Marius/Documents/DWM1001/Source_Code/DWM1001_on_board_package/DWM1001_on_board_package_R2.0/dwm/examples/dwm-twr-ranges/../../lib/libdwm.a(dw1000.o)
                0x00044e70                dw_set_ch_cfg
 .text.dw_set_tx_cfg
                0x00044e7a       0x1a C:/Users/Marius/Documents/DWM1001/Source_Code/DWM1001_on_board_package/DWM1001_on_board_package_R2.0/dwm/examples/dwm-twr-ranges/../../lib/libdwm.a(dw1000.o)
                0x00044e7a                dw_set_tx_cfg
 .text.dw_set_ant_tx_delay
                0x00044e94        0x8 C:/Users/Marius/Documents/DWM1001/Source_Code/DWM1001_on_board_package/DWM1001_on_board_package_R2.0/dwm/examples/dwm-twr-ranges/../../lib/libdwm.a(dw1000.o)
                0x00044e94                dw_set_ant_tx_delay
 .text.dw_get_temp
                0x00044e9c       0x36 C:/Users/Marius/Documents/DWM1001/Source_Code/DWM1001_on_board_package/DWM1001_on_board_package_R2.0/dwm/examples/dwm-twr-ranges/../../lib/libdwm.a(dw1000.o)
                0x00044e9c                dw_get_temp
 .text.dw_rsl_workaround
                0x00044ed2       0x1c C:/Users/Marius/Documents/DWM1001/Source_Code/DWM1001_on_board_package/DWM1001_on_board_package_R2.0/dwm/examples/dwm-twr-ranges/../../lib/libdwm.a(dw1000.o)
                0x00044ed2                dw_rsl_workaround
 *fill*         0x00044eee        0x2 
 .text.dw_bw_txpwr_comp
                0x00044ef0      0x1f8 C:/Users/Marius/Documents/DWM1001/Source_Code/DWM1001_on_board_package/DWM1001_on_board_package_R2.0/dwm/examples/dwm-twr-ranges/../../lib/libdwm.a(dw1000.o)
                0x00044ef0                dw_bw_txpwr_comp
 .text.dw_tx_cb
                0x000450e8       0x7c C:/Users/Marius/Documents/DWM1001/Source_Code/DWM1001_on_board_package/DWM1001_on_board_package_R2.0/dwm/examples/dwm-twr-ranges/../../lib/libdwm.a(dw1000.o)
                0x000450e8                dw_tx_cb
 .text.dw_rx_cb
                0x00045164      0x18a C:/Users/Marius/Documents/DWM1001/Source_Code/DWM1001_on_board_package/DWM1001_on_board_package_R2.0/dwm/examples/dwm-twr-ranges/../../lib/libdwm.a(dw1000.o)
                0x00045164                dw_rx_cb
 .text.dw_sleep
                0x000452ee       0x54 C:/Users/Marius/Documents/DWM1001/Source_Code/DWM1001_on_board_package/DWM1001_on_board_package_R2.0/dwm/examples/dwm-twr-ranges/../../lib/libdwm.a(dw1000.o)
                0x000452ee                dw_sleep
 .text.dw_rxdata_read
                0x00045342       0x10 C:/Users/Marius/Documents/DWM1001/Source_Code/DWM1001_on_board_package/DWM1001_on_board_package_R2.0/dwm/examples/dwm-twr-ranges/../../lib/libdwm.a(dw1000.o)
                0x00045342                dw_rxdata_read
 *fill*         0x00045352        0x2 
 .text.dw_init  0x00045354       0xac C:/Users/Marius/Documents/DWM1001/Source_Code/DWM1001_on_board_package/DWM1001_on_board_package_R2.0/dwm/examples/dwm-twr-ranges/../../lib/libdwm.a(dw1000.o)
                0x00045354                dw_init
 .text.dw_set_src_addr
                0x00045400       0x7a C:/Users/Marius/Documents/DWM1001/Source_Code/DWM1001_on_board_package/DWM1001_on_board_package_R2.0/dwm/examples/dwm-twr-ranges/../../lib/libdwm.a(dw1000.o)
                0x00045400                dw_set_src_addr
 .text.dw_get_src_addr
                0x0004547a        0xc C:/Users/Marius/Documents/DWM1001/Source_Code/DWM1001_on_board_package/DWM1001_on_board_package_R2.0/dwm/examples/dwm-twr-ranges/../../lib/libdwm.a(dw1000.o)
                0x0004547a                dw_get_src_addr
 .text.dw_get_event
                0x00045486       0x70 C:/Users/Marius/Documents/DWM1001/Source_Code/DWM1001_on_board_package/DWM1001_on_board_package_R2.0/dwm/examples/dwm-twr-ranges/../../lib/libdwm.a(dw1000.o)
                0x00045486                dw_get_event
 *fill*         0x000454f6        0x2 
 .text.uwb_get_if
                0x000454f8       0x10 C:/Users/Marius/Documents/DWM1001/Source_Code/DWM1001_on_board_package/DWM1001_on_board_package_R2.0/dwm/examples/dwm-twr-ranges/../../lib/libdwm.a(dw1000.o)
                0x000454f8                uwb_get_if
 .text.dw1000_init
                0x00045508       0xd8 C:/Users/Marius/Documents/DWM1001/Source_Code/DWM1001_on_board_package/DWM1001_on_board_package_R2.0/dwm/examples/dwm-twr-ranges/../../lib/libdwm.a(dw1000.o)
                0x00045508                dw1000_init
 .text.dw_dump_cfg
                0x000455e0      0x278 C:/Users/Marius/Documents/DWM1001/Source_Code/DWM1001_on_board_package/DWM1001_on_board_package_R2.0/dwm/examples/dwm-twr-ranges/../../lib/libdwm.a(dw1000.o)
                0x000455e0                dw_dump_cfg
 .text.uwb_sys_info
                0x00045858      0x100 C:/Users/Marius/Documents/DWM1001/Source_Code/DWM1001_on_board_package/DWM1001_on_board_package_R2.0/dwm/examples/dwm-twr-ranges/../../lib/libdwm.a(dw1000.o)
                0x00045858                uwb_sys_info
 .text.fact     0x00045958       0x12 C:/Users/Marius/Documents/DWM1001/Source_Code/DWM1001_on_board_package/DWM1001_on_board_package_R2.0/dwm/examples/dwm-twr-ranges/../../lib/libdwm.a(dwm-math.o)
                0x00045958                fact
 *fill*         0x0004596a        0x2 
 .text.flog10   0x0004596c       0x28 C:/Users/Marius/Documents/DWM1001/Source_Code/DWM1001_on_board_package/DWM1001_on_board_package_R2.0/dwm/examples/dwm-twr-ranges/../../lib/libdwm.a(dwm-math.o)
                0x0004596c                flog10
 .text.get_dist
                0x00045994       0xc4 C:/Users/Marius/Documents/DWM1001/Source_Code/DWM1001_on_board_package/DWM1001_on_board_package_R2.0/dwm/examples/dwm-twr-ranges/../../lib/libdwm.a(dwm-math.o)
                0x00045994                get_dist
 .text.dwm_pm_init
                0x00045a58       0x34 C:/Users/Marius/Documents/DWM1001/Source_Code/DWM1001_on_board_package/DWM1001_on_board_package_R2.0/dwm/examples/dwm-twr-ranges/../../lib/libdwm.a(dwm.o)
 .text.uwbmac_cb
                0x00045a8c      0x204 C:/Users/Marius/Documents/DWM1001/Source_Code/DWM1001_on_board_package/DWM1001_on_board_package_R2.0/dwm/examples/dwm-twr-ranges/../../lib/libdwm.a(dwm.o)
 .text.dwm_pm_lock
                0x00045c90       0x20 C:/Users/Marius/Documents/DWM1001/Source_Code/DWM1001_on_board_package/DWM1001_on_board_package_R2.0/dwm/examples/dwm-twr-ranges/../../lib/libdwm.a(dwm.o)
 .text.dwm_thread_create
                0x00045cb0       0x20 C:/Users/Marius/Documents/DWM1001/Source_Code/DWM1001_on_board_package/DWM1001_on_board_package_R2.0/dwm/examples/dwm-twr-ranges/../../lib/libdwm.a(dwm.o)
                0x00045cb0                dwm_thread_create
 .text.dwm_thread_resume
                0x00045cd0       0x10 C:/Users/Marius/Documents/DWM1001/Source_Code/DWM1001_on_board_package/DWM1001_on_board_package_R2.0/dwm/examples/dwm-twr-ranges/../../lib/libdwm.a(dwm.o)
                0x00045cd0                dwm_thread_resume
 .text.dwm_reset
                0x00045ce0       0x24 C:/Users/Marius/Documents/DWM1001/Source_Code/DWM1001_on_board_package/DWM1001_on_board_package_R2.0/dwm/examples/dwm-twr-ranges/../../lib/libdwm.a(dwm.o)
                0x00045ce0                dwm_reset
 .text.dwm_cfg_anchor_set
                0x00045d04       0x52 C:/Users/Marius/Documents/DWM1001/Source_Code/DWM1001_on_board_package/DWM1001_on_board_package_R2.0/dwm/examples/dwm-twr-ranges/../../lib/libdwm.a(dwm.o)
                0x00045d04                dwm_cfg_anchor_set
 .text.dwm_cfg_tag_set
                0x00045d56       0x66 C:/Users/Marius/Documents/DWM1001/Source_Code/DWM1001_on_board_package/DWM1001_on_board_package_R2.0/dwm/examples/dwm-twr-ranges/../../lib/libdwm.a(dwm.o)
                0x00045d56                dwm_cfg_tag_set
 .text.dwm_cfg_get
                0x00045dbc       0x72 C:/Users/Marius/Documents/DWM1001/Source_Code/DWM1001_on_board_package/DWM1001_on_board_package_R2.0/dwm/examples/dwm-twr-ranges/../../lib/libdwm.a(dwm.o)
                0x00045dbc                dwm_cfg_get
 .text.dwm_pos_set
                0x00045e2e       0x2e C:/Users/Marius/Documents/DWM1001/Source_Code/DWM1001_on_board_package/DWM1001_on_board_package_R2.0/dwm/examples/dwm-twr-ranges/../../lib/libdwm.a(dwm.o)
                0x00045e2e                dwm_pos_set
 .text.dwm_pos_get
                0x00045e5c       0x36 C:/Users/Marius/Documents/DWM1001/Source_Code/DWM1001_on_board_package/DWM1001_on_board_package_R2.0/dwm/examples/dwm-twr-ranges/../../lib/libdwm.a(dwm.o)
                0x00045e5c                dwm_pos_get
 .text.dwm_upd_rate_set
                0x00045e92       0x20 C:/Users/Marius/Documents/DWM1001/Source_Code/DWM1001_on_board_package/DWM1001_on_board_package_R2.0/dwm/examples/dwm-twr-ranges/../../lib/libdwm.a(dwm.o)
                0x00045e92                dwm_upd_rate_set
 .text.dwm_upd_rate_get
                0x00045eb2       0x34 C:/Users/Marius/Documents/DWM1001/Source_Code/DWM1001_on_board_package/DWM1001_on_board_package_R2.0/dwm/examples/dwm-twr-ranges/../../lib/libdwm.a(dwm.o)
                0x00045eb2                dwm_upd_rate_get
 .text.dwm_nvm_usr_data_get
                0x00045ee6       0x2c C:/Users/Marius/Documents/DWM1001/Source_Code/DWM1001_on_board_package/DWM1001_on_board_package_R2.0/dwm/examples/dwm-twr-ranges/../../lib/libdwm.a(dwm.o)
                0x00045ee6                dwm_nvm_usr_data_get
 .text.dwm_nvm_usr_data_set
                0x00045f12       0x22 C:/Users/Marius/Documents/DWM1001/Source_Code/DWM1001_on_board_package/DWM1001_on_board_package_R2.0/dwm/examples/dwm-twr-ranges/../../lib/libdwm.a(dwm.o)
                0x00045f12                dwm_nvm_usr_data_set
 .text.dwm_evt_listener_register
                0x00045f34       0x20 C:/Users/Marius/Documents/DWM1001/Source_Code/DWM1001_on_board_package/DWM1001_on_board_package_R2.0/dwm/examples/dwm-twr-ranges/../../lib/libdwm.a(dwm.o)
                0x00045f34                dwm_evt_listener_register
 .text.dwm_evt_wait
                0x00045f54       0x78 C:/Users/Marius/Documents/DWM1001/Source_Code/DWM1001_on_board_package/DWM1001_on_board_package_R2.0/dwm/examples/dwm-twr-ranges/../../lib/libdwm.a(dwm.o)
                0x00045f54                dwm_evt_wait
 .text.dwm_le_compile
                0x00045fcc        0x4 C:/Users/Marius/Documents/DWM1001/Source_Code/DWM1001_on_board_package/DWM1001_on_board_package_R2.0/dwm/examples/dwm-twr-ranges/../../lib/libdwm.a(dwm.o)
                0x00045fcc                dwm_le_compile
 .text.dwm_serial_spi_compile
                0x00045fd0        0x4 C:/Users/Marius/Documents/DWM1001/Source_Code/DWM1001_on_board_package/DWM1001_on_board_package_R2.0/dwm/examples/dwm-twr-ranges/../../lib/libdwm.a(dwm.o)
                0x00045fd0                dwm_serial_spi_compile
 .text.dwm_shell_compile
                0x00045fd4        0x4 C:/Users/Marius/Documents/DWM1001/Source_Code/DWM1001_on_board_package/DWM1001_on_board_package_R2.0/dwm/examples/dwm-twr-ranges/../../lib/libdwm.a(dwm.o)
                0x00045fd4                dwm_shell_compile
 .text.env_get_end
                0x00045fd8       0x28 C:/Users/Marius/Documents/DWM1001/Source_Code/DWM1001_on_board_package/DWM1001_on_board_package_R2.0/dwm/examples/dwm-twr-ranges/../../lib/libdwm.a(env-tlv.o)
 .text.env_save
                0x00046000       0x60 C:/Users/Marius/Documents/DWM1001/Source_Code/DWM1001_on_board_package/DWM1001_on_board_package_R2.0/dwm/examples/dwm-twr-ranges/../../lib/libdwm.a(env-tlv.o)
                0x00046000                env_save
 .text.env_load
                0x00046060       0xe4 C:/Users/Marius/Documents/DWM1001/Source_Code/DWM1001_on_board_package/DWM1001_on_board_package_R2.0/dwm/examples/dwm-twr-ranges/../../lib/libdwm.a(env-tlv.o)
                0x00046060                env_load
 .text.env_clear
                0x00046144       0x48 C:/Users/Marius/Documents/DWM1001/Source_Code/DWM1001_on_board_package/DWM1001_on_board_package_R2.0/dwm/examples/dwm-twr-ranges/../../lib/libdwm.a(env-tlv.o)
                0x00046144                env_clear
 .text.env_get  0x0004618c       0x30 C:/Users/Marius/Documents/DWM1001/Source_Code/DWM1001_on_board_package/DWM1001_on_board_package_R2.0/dwm/examples/dwm-twr-ranges/../../lib/libdwm.a(env-tlv.o)
                0x0004618c                env_get
 .text.env_set  0x000461bc       0xa8 C:/Users/Marius/Documents/DWM1001/Source_Code/DWM1001_on_board_package/DWM1001_on_board_package_R2.0/dwm/examples/dwm-twr-ranges/../../lib/libdwm.a(env-tlv.o)
                0x000461bc                env_set
 .text.fwup_reset
                0x00046264        0x8 C:/Users/Marius/Documents/DWM1001/Source_Code/DWM1001_on_board_package/DWM1001_on_board_package_R2.0/dwm/examples/dwm-twr-ranges/../../lib/libdwm.a(fwup.o)
                0x00046264                fwup_reset
 .text.fwup_sndr_init
                0x0004626c       0x6a C:/Users/Marius/Documents/DWM1001/Source_Code/DWM1001_on_board_package/DWM1001_on_board_package_R2.0/dwm/examples/dwm-twr-ranges/../../lib/libdwm.a(fwup.o)
                0x0004626c                fwup_sndr_init
 .text.fwup_rcvr_in_progress
                0x000462d6       0x1a C:/Users/Marius/Documents/DWM1001/Source_Code/DWM1001_on_board_package/DWM1001_on_board_package_R2.0/dwm/examples/dwm-twr-ranges/../../lib/libdwm.a(fwup.o)
                0x000462d6                fwup_rcvr_in_progress
 .text.fwup_rcvr_stop
                0x000462f0       0x16 C:/Users/Marius/Documents/DWM1001/Source_Code/DWM1001_on_board_package/DWM1001_on_board_package_R2.0/dwm/examples/dwm-twr-ranges/../../lib/libdwm.a(fwup.o)
                0x000462f0                fwup_rcvr_stop
 .text.fwup_rcvr_start
                0x00046306       0x4c C:/Users/Marius/Documents/DWM1001/Source_Code/DWM1001_on_board_package/DWM1001_on_board_package_R2.0/dwm/examples/dwm-twr-ranges/../../lib/libdwm.a(fwup.o)
                0x00046306                fwup_rcvr_start
 .text.fwup_rcvr_rxbuf_space
                0x00046352       0x12 C:/Users/Marius/Documents/DWM1001/Source_Code/DWM1001_on_board_package/DWM1001_on_board_package_R2.0/dwm/examples/dwm-twr-ranges/../../lib/libdwm.a(fwup.o)
                0x00046352                fwup_rcvr_rxbuf_space
 .text.fwup_rcvr_data_handler
                0x00046364       0x60 C:/Users/Marius/Documents/DWM1001/Source_Code/DWM1001_on_board_package/DWM1001_on_board_package_R2.0/dwm/examples/dwm-twr-ranges/../../lib/libdwm.a(fwup.o)
                0x00046364                fwup_rcvr_data_handler
 .text.fwup_rcvr_data_write
                0x000463c4      0x160 C:/Users/Marius/Documents/DWM1001/Source_Code/DWM1001_on_board_package/DWM1001_on_board_package_R2.0/dwm/examples/dwm-twr-ranges/../../lib/libdwm.a(fwup.o)
                0x000463c4                fwup_rcvr_data_write
 .text.fwup_rcvr_is_finished
                0x00046524       0x36 C:/Users/Marius/Documents/DWM1001/Source_Code/DWM1001_on_board_package/DWM1001_on_board_package_R2.0/dwm/examples/dwm-twr-ranges/../../lib/libdwm.a(fwup.o)
                0x00046524                fwup_rcvr_is_finished
 .text.nrf_gpio_pins_toggle
                0x0004655a       0x18 C:/Users/Marius/Documents/DWM1001/Source_Code/DWM1001_on_board_package/DWM1001_on_board_package_R2.0/dwm/examples/dwm-twr-ranges/../../lib/libdwm.a(hal.o)
 .text.sd_rand_application_bytes_available_get
                0x00046572        0x4 C:/Users/Marius/Documents/DWM1001/Source_Code/DWM1001_on_board_package/DWM1001_on_board_package_R2.0/dwm/examples/dwm-twr-ranges/../../lib/libdwm.a(hal.o)
 .text.sd_rand_application_vector_get
                0x00046576        0x4 C:/Users/Marius/Documents/DWM1001/Source_Code/DWM1001_on_board_package/DWM1001_on_board_package_R2.0/dwm/examples/dwm-twr-ranges/../../lib/libdwm.a(hal.o)
 .text.sd_clock_hfclk_request
                0x0004657a        0x4 C:/Users/Marius/Documents/DWM1001/Source_Code/DWM1001_on_board_package/DWM1001_on_board_package_R2.0/dwm/examples/dwm-twr-ranges/../../lib/libdwm.a(hal.o)
 .text.sd_clock_hfclk_release
                0x0004657e        0x4 C:/Users/Marius/Documents/DWM1001/Source_Code/DWM1001_on_board_package/DWM1001_on_board_package_R2.0/dwm/examples/dwm-twr-ranges/../../lib/libdwm.a(hal.o)
 .text.sd_app_evt_wait
                0x00046582        0x4 C:/Users/Marius/Documents/DWM1001/Source_Code/DWM1001_on_board_package/DWM1001_on_board_package_R2.0/dwm/examples/dwm-twr-ranges/../../lib/libdwm.a(hal.o)
 .text.sd_ecb_block_encrypt
                0x00046586        0x4 C:/Users/Marius/Documents/DWM1001/Source_Code/DWM1001_on_board_package/DWM1001_on_board_package_R2.0/dwm/examples/dwm-twr-ranges/../../lib/libdwm.a(hal.o)
 .text.sd_temp_get
                0x0004658a        0x4 C:/Users/Marius/Documents/DWM1001/Source_Code/DWM1001_on_board_package/DWM1001_on_board_package_R2.0/dwm/examples/dwm-twr-ranges/../../lib/libdwm.a(hal.o)
 .text._led_dummy
                0x0004658e        0x2 C:/Users/Marius/Documents/DWM1001/Source_Code/DWM1001_on_board_package/DWM1001_on_board_package_R2.0/dwm/examples/dwm-twr-ranges/../../lib/libdwm.a(hal.o)
 .text._led_orange_on
                0x00046590        0xe C:/Users/Marius/Documents/DWM1001/Source_Code/DWM1001_on_board_package/DWM1001_on_board_package_R2.0/dwm/examples/dwm-twr-ranges/../../lib/libdwm.a(hal.o)
 .text._led_orange_off
                0x0004659e        0xe C:/Users/Marius/Documents/DWM1001/Source_Code/DWM1001_on_board_package/DWM1001_on_board_package_R2.0/dwm/examples/dwm-twr-ranges/../../lib/libdwm.a(hal.o)
 .text._led_orange_toggle
                0x000465ac        0x8 C:/Users/Marius/Documents/DWM1001/Source_Code/DWM1001_on_board_package/DWM1001_on_board_package_R2.0/dwm/examples/dwm-twr-ranges/../../lib/libdwm.a(hal.o)
 .text._led_red_on
                0x000465b4        0xe C:/Users/Marius/Documents/DWM1001/Source_Code/DWM1001_on_board_package/DWM1001_on_board_package_R2.0/dwm/examples/dwm-twr-ranges/../../lib/libdwm.a(hal.o)
 .text._led_red_off
                0x000465c2        0xe C:/Users/Marius/Documents/DWM1001/Source_Code/DWM1001_on_board_package/DWM1001_on_board_package_R2.0/dwm/examples/dwm-twr-ranges/../../lib/libdwm.a(hal.o)
 .text._led_red_toggle
                0x000465d0        0x8 C:/Users/Marius/Documents/DWM1001/Source_Code/DWM1001_on_board_package/DWM1001_on_board_package_R2.0/dwm/examples/dwm-twr-ranges/../../lib/libdwm.a(hal.o)
 .text._led_green_on
                0x000465d8        0xe C:/Users/Marius/Documents/DWM1001/Source_Code/DWM1001_on_board_package/DWM1001_on_board_package_R2.0/dwm/examples/dwm-twr-ranges/../../lib/libdwm.a(hal.o)
 .text._led_green_off
                0x000465e6        0xe C:/Users/Marius/Documents/DWM1001/Source_Code/DWM1001_on_board_package/DWM1001_on_board_package_R2.0/dwm/examples/dwm-twr-ranges/../../lib/libdwm.a(hal.o)
 .text._led_green_toggle
                0x000465f4        0x8 C:/Users/Marius/Documents/DWM1001/Source_Code/DWM1001_on_board_package/DWM1001_on_board_package_R2.0/dwm/examples/dwm-twr-ranges/../../lib/libdwm.a(hal.o)
 .text.wdt_handler
                0x000465fc        0x2 C:/Users/Marius/Documents/DWM1001/Source_Code/DWM1001_on_board_package/DWM1001_on_board_package_R2.0/dwm/examples/dwm-twr-ranges/../../lib/libdwm.a(hal.o)
 *fill*         0x000465fe        0x2 
 .text.hal_factory_reset
                0x00046600       0x30 C:/Users/Marius/Documents/DWM1001/Source_Code/DWM1001_on_board_package/DWM1001_on_board_package_R2.0/dwm/examples/dwm-twr-ranges/../../lib/libdwm.a(hal.o)
                0x00046600                hal_factory_reset
 .text.is_user_app_pin
                0x00046630       0x5c C:/Users/Marius/Documents/DWM1001/Source_Code/DWM1001_on_board_package/DWM1001_on_board_package_R2.0/dwm/examples/dwm-twr-ranges/../../lib/libdwm.a(hal.o)
                0x00046630                is_user_app_pin
 .text.hal_sd_enabled
                0x0004668c        0x8 C:/Users/Marius/Documents/DWM1001/Source_Code/DWM1001_on_board_package/DWM1001_on_board_package_R2.0/dwm/examples/dwm-twr-ranges/../../lib/libdwm.a(hal.o)
                0x0004668c                hal_sd_enabled
 .text.hal_flash_erase
                0x00046694       0x14 C:/Users/Marius/Documents/DWM1001/Source_Code/DWM1001_on_board_package/DWM1001_on_board_package_R2.0/dwm/examples/dwm-twr-ranges/../../lib/libdwm.a(hal.o)
                0x00046694                hal_flash_erase
 .text.hal_flash_write_page
                0x000466a8        0x6 C:/Users/Marius/Documents/DWM1001/Source_Code/DWM1001_on_board_package/DWM1001_on_board_package_R2.0/dwm/examples/dwm-twr-ranges/../../lib/libdwm.a(hal.o)
                0x000466a8                hal_flash_write_page
 .text.hal_fw_get_chksum
                0x000466ae       0x42 C:/Users/Marius/Documents/DWM1001/Source_Code/DWM1001_on_board_package/DWM1001_on_board_package_R2.0/dwm/examples/dwm-twr-ranges/../../lib/libdwm.a(hal.o)
                0x000466ae                hal_fw_get_chksum
 .text.hal_fw_is_compat
                0x000466f0       0x10 C:/Users/Marius/Documents/DWM1001/Source_Code/DWM1001_on_board_package/DWM1001_on_board_package_R2.0/dwm/examples/dwm-twr-ranges/../../lib/libdwm.a(hal.o)
                0x000466f0                hal_fw_is_compat
 .text.hal_time_hfclk_start
                0x00046700       0x1a C:/Users/Marius/Documents/DWM1001/Source_Code/DWM1001_on_board_package/DWM1001_on_board_package_R2.0/dwm/examples/dwm-twr-ranges/../../lib/libdwm.a(hal.o)
                0x00046700                hal_time_hfclk_start
 .text.hal_time_hfclk_stop
                0x0004671a       0x1c C:/Users/Marius/Documents/DWM1001/Source_Code/DWM1001_on_board_package/DWM1001_on_board_package_R2.0/dwm/examples/dwm-twr-ranges/../../lib/libdwm.a(hal.o)
                0x0004671a                hal_time_hfclk_stop
 *fill*         0x00046736        0x2 
 .text.hal_wdt_app_init
                0x00046738       0x10 C:/Users/Marius/Documents/DWM1001/Source_Code/DWM1001_on_board_package/DWM1001_on_board_package_R2.0/dwm/examples/dwm-twr-ranges/../../lib/libdwm.a(hal.o)
                0x00046738                hal_wdt_app_init
 .text.hal_wdt_app_reset
                0x00046748        0x4 C:/Users/Marius/Documents/DWM1001/Source_Code/DWM1001_on_board_package/DWM1001_on_board_package_R2.0/dwm/examples/dwm-twr-ranges/../../lib/libdwm.a(hal.o)
                0x00046748                hal_wdt_app_reset
 .text.hal_temp_get
                0x0004674c       0x80 C:/Users/Marius/Documents/DWM1001/Source_Code/DWM1001_on_board_package/DWM1001_on_board_package_R2.0/dwm/examples/dwm-twr-ranges/../../lib/libdwm.a(hal.o)
                0x0004674c                hal_temp_get
 .text.hal_sleep
                0x000467cc       0xe4 C:/Users/Marius/Documents/DWM1001/Source_Code/DWM1001_on_board_package/DWM1001_on_board_package_R2.0/dwm/examples/dwm-twr-ranges/../../lib/libdwm.a(hal.o)
                0x000467cc                hal_sleep
 .text.hal_uptime
                0x000468b0       0x20 C:/Users/Marius/Documents/DWM1001/Source_Code/DWM1001_on_board_package/DWM1001_on_board_package_R2.0/dwm/examples/dwm-twr-ranges/../../lib/libdwm.a(hal.o)
                0x000468b0                hal_uptime
 .text.hal_print_ps
                0x000468d0       0x80 C:/Users/Marius/Documents/DWM1001/Source_Code/DWM1001_on_board_package/DWM1001_on_board_package_R2.0/dwm/examples/dwm-twr-ranges/../../lib/libdwm.a(hal.o)
                0x000468d0                hal_print_ps
 .text.hal_print_free
                0x00046950       0x50 C:/Users/Marius/Documents/DWM1001/Source_Code/DWM1001_on_board_package/DWM1001_on_board_package_R2.0/dwm/examples/dwm-twr-ranges/../../lib/libdwm.a(hal.o)
                0x00046950                hal_print_free
 .text.hal_print_uptime
                0x000469a0       0xbc C:/Users/Marius/Documents/DWM1001/Source_Code/DWM1001_on_board_package/DWM1001_on_board_package_R2.0/dwm/examples/dwm-twr-ranges/../../lib/libdwm.a(hal.o)
                0x000469a0                hal_print_uptime
 .text.hal_print_sys_info
                0x00046a5c      0x130 C:/Users/Marius/Documents/DWM1001/Source_Code/DWM1001_on_board_package/DWM1001_on_board_package_R2.0/dwm/examples/dwm-twr-ranges/../../lib/libdwm.a(hal.o)
                0x00046a5c                hal_print_sys_info
 .text.hal_critical_region_enter
                0x00046b8c       0x58 C:/Users/Marius/Documents/DWM1001/Source_Code/DWM1001_on_board_package/DWM1001_on_board_package_R2.0/dwm/examples/dwm-twr-ranges/../../lib/libdwm.a(hal.o)
                0x00046b8c                hal_critical_region_enter
 .text.hal_critical_region_exit
                0x00046be4       0x38 C:/Users/Marius/Documents/DWM1001/Source_Code/DWM1001_on_board_package/DWM1001_on_board_package_R2.0/dwm/examples/dwm-twr-ranges/../../lib/libdwm.a(hal.o)
                0x00046be4                hal_critical_region_exit
 .text.leds_enable
                0x00046c1c       0xbc C:/Users/Marius/Documents/DWM1001/Source_Code/DWM1001_on_board_package/DWM1001_on_board_package_R2.0/dwm/examples/dwm-twr-ranges/../../lib/libdwm.a(hal.o)
                0x00046c1c                leds_enable
 .text.leds_disable
                0x00046cd8       0x74 C:/Users/Marius/Documents/DWM1001/Source_Code/DWM1001_on_board_package/DWM1001_on_board_package_R2.0/dwm/examples/dwm-twr-ranges/../../lib/libdwm.a(hal.o)
                0x00046cd8                leds_disable
 .text.hal_crypto_rng_get
                0x00046d4c       0xa8 C:/Users/Marius/Documents/DWM1001/Source_Code/DWM1001_on_board_package/DWM1001_on_board_package_R2.0/dwm/examples/dwm-twr-ranges/../../lib/libdwm.a(hal.o)
                0x00046d4c                hal_crypto_rng_get
 .text.hal_crypto_set_key
                0x00046df4       0x60 C:/Users/Marius/Documents/DWM1001/Source_Code/DWM1001_on_board_package/DWM1001_on_board_package_R2.0/dwm/examples/dwm-twr-ranges/../../lib/libdwm.a(hal.o)
                0x00046df4                hal_crypto_set_key
 .text.hal_crypto_mac_get
                0x00046e54      0x128 C:/Users/Marius/Documents/DWM1001/Source_Code/DWM1001_on_board_package/DWM1001_on_board_package_R2.0/dwm/examples/dwm-twr-ranges/../../lib/libdwm.a(hal.o)
                0x00046e54                hal_crypto_mac_get
 .text.hal_crypto_crypt
                0x00046f7c       0xc8 C:/Users/Marius/Documents/DWM1001/Source_Code/DWM1001_on_board_package/DWM1001_on_board_package_R2.0/dwm/examples/dwm-twr-ranges/../../lib/libdwm.a(hal.o)
                0x00046f7c                hal_crypto_crypt
 .text._read    0x00047044        0x8 C:/Users/Marius/Documents/DWM1001/Source_Code/DWM1001_on_board_package/DWM1001_on_board_package_R2.0/dwm/examples/dwm-twr-ranges/../../lib/libdwm.a(hal.o)
                0x00047044                _read
 .text._write   0x0004704c       0x2a C:/Users/Marius/Documents/DWM1001/Source_Code/DWM1001_on_board_package/DWM1001_on_board_package_R2.0/dwm/examples/dwm-twr-ranges/../../lib/libdwm.a(hal.o)
                0x0004704c                _write
 *fill*         0x00047076        0x2 
 .text._sbrk    0x00047078       0x2c C:/Users/Marius/Documents/DWM1001/Source_Code/DWM1001_on_board_package/DWM1001_on_board_package_R2.0/dwm/examples/dwm-twr-ranges/../../lib/libdwm.a(hal.o)
                0x00047078                _sbrk
 .text.rng_isr  0x000470a4       0x14 C:/Users/Marius/Documents/DWM1001/Source_Code/DWM1001_on_board_package/DWM1001_on_board_package_R2.0/dwm/examples/dwm-twr-ranges/../../lib/libdwm.a(nrf_drv_rng.o)
 .text.rng_start
                0x000470b8       0x38 C:/Users/Marius/Documents/DWM1001/Source_Code/DWM1001_on_board_package/DWM1001_on_board_package_R2.0/dwm/examples/dwm-twr-ranges/../../lib/libdwm.a(nrf_drv_rng.o)
 .text.nrf_drv_rng_init
                0x000470f0       0x98 C:/Users/Marius/Documents/DWM1001/Source_Code/DWM1001_on_board_package/DWM1001_on_board_package_R2.0/dwm/examples/dwm-twr-ranges/../../lib/libdwm.a(nrf_drv_rng.o)
                0x000470f0                nrf_drv_rng_init
 .text.nrf_drv_rng_bytes_available
                0x00047188       0x14 C:/Users/Marius/Documents/DWM1001/Source_Code/DWM1001_on_board_package/DWM1001_on_board_package_R2.0/dwm/examples/dwm-twr-ranges/../../lib/libdwm.a(nrf_drv_rng.o)
                0x00047188                nrf_drv_rng_bytes_available
 .text.nrf_drv_rng_rand
                0x0004719c       0x3c C:/Users/Marius/Documents/DWM1001/Source_Code/DWM1001_on_board_package/DWM1001_on_board_package_R2.0/dwm/examples/dwm-twr-ranges/../../lib/libdwm.a(nrf_drv_rng.o)
                0x0004719c                nrf_drv_rng_rand
 .text.RNG_IRQHandler
                0x000471d8       0x54 C:/Users/Marius/Documents/DWM1001/Source_Code/DWM1001_on_board_package/DWM1001_on_board_package_R2.0/dwm/examples/dwm-twr-ranges/../../lib/libdwm.a(nrf_drv_rng.o)
                0x000471d8                RNG_IRQHandler
 .text.rng_dsr  0x0004722c       0x10 C:/Users/Marius/Documents/DWM1001/Source_Code/DWM1001_on_board_package/DWM1001_on_board_package_R2.0/dwm/examples/dwm-twr-ranges/../../lib/libdwm.a(nrf_drv_rng.o)
 .text.pm_can_sleep
                0x0004723c       0x44 C:/Users/Marius/Documents/DWM1001/Source_Code/DWM1001_on_board_package/DWM1001_on_board_package_R2.0/dwm/examples/dwm-twr-ranges/../../lib/libdwm.a(pm.o)
                0x0004723c                pm_can_sleep
 .text.pm_task_get_next
                0x00047280       0x54 C:/Users/Marius/Documents/DWM1001/Source_Code/DWM1001_on_board_package/DWM1001_on_board_package_R2.0/dwm/examples/dwm-twr-ranges/../../lib/libdwm.a(pm.o)
                0x00047280                pm_task_get_next
 .text.pm_sched_signal
                0x000472d4        0xc C:/Users/Marius/Documents/DWM1001/Source_Code/DWM1001_on_board_package/DWM1001_on_board_package_R2.0/dwm/examples/dwm-twr-ranges/../../lib/libdwm.a(pm.o)
                0x000472d4                pm_sched_signal
 .text.pm_sched_wait
                0x000472e0        0xc C:/Users/Marius/Documents/DWM1001/Source_Code/DWM1001_on_board_package/DWM1001_on_board_package_R2.0/dwm/examples/dwm-twr-ranges/../../lib/libdwm.a(pm.o)
                0x000472e0                pm_sched_wait
 .text.pm_task_lock
                0x000472ec       0x26 C:/Users/Marius/Documents/DWM1001/Source_Code/DWM1001_on_board_package/DWM1001_on_board_package_R2.0/dwm/examples/dwm-twr-ranges/../../lib/libdwm.a(pm.o)
                0x000472ec                pm_task_lock
 .text.pm_task_unlock
                0x00047312       0x2c C:/Users/Marius/Documents/DWM1001/Source_Code/DWM1001_on_board_package/DWM1001_on_board_package_R2.0/dwm/examples/dwm-twr-ranges/../../lib/libdwm.a(pm.o)
                0x00047312                pm_task_unlock
 *fill*         0x0004733e        0x2 
 .text.pm_task_unlock_set_alarm
                0x00047340       0x98 C:/Users/Marius/Documents/DWM1001/Source_Code/DWM1001_on_board_package/DWM1001_on_board_package_R2.0/dwm/examples/dwm-twr-ranges/../../lib/libdwm.a(pm.o)
                0x00047340                pm_task_unlock_set_alarm
 .text.pm_task_wakeup
                0x000473d8        0x4 C:/Users/Marius/Documents/DWM1001/Source_Code/DWM1001_on_board_package/DWM1001_on_board_package_R2.0/dwm/examples/dwm-twr-ranges/../../lib/libdwm.a(pm.o)
                0x000473d8                pm_task_wakeup
 .text.pm_task_alloc
                0x000473dc       0x64 C:/Users/Marius/Documents/DWM1001/Source_Code/DWM1001_on_board_package/DWM1001_on_board_package_R2.0/dwm/examples/dwm-twr-ranges/../../lib/libdwm.a(pm.o)
                0x000473dc                pm_task_alloc
 .text.pm_task_free
                0x00047440       0x58 C:/Users/Marius/Documents/DWM1001/Source_Code/DWM1001_on_board_package/DWM1001_on_board_package_R2.0/dwm/examples/dwm-twr-ranges/../../lib/libdwm.a(pm.o)
                0x00047440                pm_task_free
 .text.pm_init  0x00047498       0x54 C:/Users/Marius/Documents/DWM1001/Source_Code/DWM1001_on_board_package/DWM1001_on_board_package_R2.0/dwm/examples/dwm-twr-ranges/../../lib/libdwm.a(pm.o)
                0x00047498                pm_init
 .text.pm_dump  0x000474ec       0x84 C:/Users/Marius/Documents/DWM1001/Source_Code/DWM1001_on_board_package/DWM1001_on_board_package_R2.0/dwm/examples/dwm-twr-ranges/../../lib/libdwm.a(pm.o)
                0x000474ec                pm_dump
 .text.api_thread_start
                0x00047570       0x10 C:/Users/Marius/Documents/DWM1001/Source_Code/DWM1001_on_board_package/DWM1001_on_board_package_R2.0/dwm/examples/dwm-twr-ranges/../../lib/libdwm.a(process-api.o)
                0x00047570                api_thread_start
 .text.api_thread_init
                0x00047580       0x3c C:/Users/Marius/Documents/DWM1001/Source_Code/DWM1001_on_board_package/DWM1001_on_board_package_R2.0/dwm/examples/dwm-twr-ranges/../../lib/libdwm.a(process-api.o)
                0x00047580                api_thread_init
 .text.ble_init_ready
                0x000475bc        0xc C:/Users/Marius/Documents/DWM1001/Source_Code/DWM1001_on_board_package/DWM1001_on_board_package_R2.0/dwm/examples/dwm-twr-ranges/../../lib/libdwm.a(process-ble.o)
                0x000475bc                ble_init_ready
 .text.le_print_disable
                0x000475c8       0x10 C:/Users/Marius/Documents/DWM1001/Source_Code/DWM1001_on_board_package/DWM1001_on_board_package_R2.0/dwm/examples/dwm-twr-ranges/../../lib/libdwm.a(process-le.o)
 .text.nole_thread_entry
                0x000475d8      0x2a8 C:/Users/Marius/Documents/DWM1001/Source_Code/DWM1001_on_board_package/DWM1001_on_board_package_R2.0/dwm/examples/dwm-twr-ranges/../../lib/libdwm.a(process-le.o)
 .text.le_thread_entry
                0x00047880      0x48c C:/Users/Marius/Documents/DWM1001/Source_Code/DWM1001_on_board_package/DWM1001_on_board_package_R2.0/dwm/examples/dwm-twr-ranges/../../lib/libdwm.a(process-le.o)
 .text.le_post_loc_data
                0x00047d0c       0x60 C:/Users/Marius/Documents/DWM1001/Source_Code/DWM1001_on_board_package/DWM1001_on_board_package_R2.0/dwm/examples/dwm-twr-ranges/../../lib/libdwm.a(process-le.o)
                0x00047d0c                le_post_loc_data
 .text.le_init  0x00047d6c       0x7c C:/Users/Marius/Documents/DWM1001/Source_Code/DWM1001_on_board_package/DWM1001_on_board_package_R2.0/dwm/examples/dwm-twr-ranges/../../lib/libdwm.a(process-le.o)
                0x00047d6c                le_init
 .text.le_start
                0x00047de8       0x18 C:/Users/Marius/Documents/DWM1001/Source_Code/DWM1001_on_board_package/DWM1001_on_board_package_R2.0/dwm/examples/dwm-twr-ranges/../../lib/libdwm.a(process-le.o)
                0x00047de8                le_start
 .text.le_post_meas
                0x00047e00       0x78 C:/Users/Marius/Documents/DWM1001/Source_Code/DWM1001_on_board_package/DWM1001_on_board_package_R2.0/dwm/examples/dwm-twr-ranges/../../lib/libdwm.a(process-le.o)
                0x00047e00                le_post_meas
 .text.le_pos_get
                0x00047e78       0x64 C:/Users/Marius/Documents/DWM1001/Source_Code/DWM1001_on_board_package/DWM1001_on_board_package_R2.0/dwm/examples/dwm-twr-ranges/../../lib/libdwm.a(process-le.o)
                0x00047e78                le_pos_get
 .text.le_loc_get
                0x00047edc      0x104 C:/Users/Marius/Documents/DWM1001/Source_Code/DWM1001_on_board_package/DWM1001_on_board_package_R2.0/dwm/examples/dwm-twr-ranges/../../lib/libdwm.a(process-le.o)
                0x00047edc                le_loc_get
 .text.le_loc_print_toggle
                0x00047fe0       0x28 C:/Users/Marius/Documents/DWM1001/Source_Code/DWM1001_on_board_package/DWM1001_on_board_package_R2.0/dwm/examples/dwm-twr-ranges/../../lib/libdwm.a(process-le.o)
                0x00047fe0                le_loc_print_toggle
 .text.le_loc_ts_print_toggle
                0x00048008       0x24 C:/Users/Marius/Documents/DWM1001/Source_Code/DWM1001_on_board_package/DWM1001_on_board_package_R2.0/dwm/examples/dwm-twr-ranges/../../lib/libdwm.a(process-le.o)
                0x00048008                le_loc_ts_print_toggle
 .text.le_loc_csv_print_toggle
                0x0004802c       0x28 C:/Users/Marius/Documents/DWM1001/Source_Code/DWM1001_on_board_package/DWM1001_on_board_package_R2.0/dwm/examples/dwm-twr-ranges/../../lib/libdwm.a(process-le.o)
                0x0004802c                le_loc_csv_print_toggle
 .text.le_loc_csv_ts_print_toggle
                0x00048054       0x28 C:/Users/Marius/Documents/DWM1001/Source_Code/DWM1001_on_board_package/DWM1001_on_board_package_R2.0/dwm/examples/dwm-twr-ranges/../../lib/libdwm.a(process-le.o)
                0x00048054                le_loc_csv_ts_print_toggle
 .text.le_pos_csv_print_toggle
                0x0004807c       0x24 C:/Users/Marius/Documents/DWM1001/Source_Code/DWM1001_on_board_package/DWM1001_on_board_package_R2.0/dwm/examples/dwm-twr-ranges/../../lib/libdwm.a(process-le.o)
                0x0004807c                le_pos_csv_print_toggle
 .text.le_compile
                0x000480a0       0x18 C:/Users/Marius/Documents/DWM1001/Source_Code/DWM1001_on_board_package/DWM1001_on_board_package_R2.0/dwm/examples/dwm-twr-ranges/../../lib/libdwm.a(process-le.o)
                0x000480a0                le_compile
 .text.pm_thread_entry
                0x000480b8       0x98 C:/Users/Marius/Documents/DWM1001/Source_Code/DWM1001_on_board_package/DWM1001_on_board_package_R2.0/dwm/examples/dwm-twr-ranges/../../lib/libdwm.a(process-pm.o)
 .text.hal_pm_init
                0x00048150       0x70 C:/Users/Marius/Documents/DWM1001/Source_Code/DWM1001_on_board_package/DWM1001_on_board_package_R2.0/dwm/examples/dwm-twr-ranges/../../lib/libdwm.a(process-pm.o)
                0x00048150                hal_pm_init
 .text.hal_pm_start
                0x000481c0        0xc C:/Users/Marius/Documents/DWM1001/Source_Code/DWM1001_on_board_package/DWM1001_on_board_package_R2.0/dwm/examples/dwm-twr-ranges/../../lib/libdwm.a(process-pm.o)
                0x000481c0                hal_pm_start
 .text.uwb0_recover.part.0
                0x000481cc       0x1c C:/Users/Marius/Documents/DWM1001/Source_Code/DWM1001_on_board_package/DWM1001_on_board_package_R2.0/dwm/examples/dwm-twr-ranges/../../lib/libdwm.a(process-svc.o)
 .text.svc_thread_entry
                0x000481e8      0x2b0 C:/Users/Marius/Documents/DWM1001/Source_Code/DWM1001_on_board_package/DWM1001_on_board_package_R2.0/dwm/examples/dwm-twr-ranges/../../lib/libdwm.a(process-svc.o)
 .text.svc_init
                0x00048498       0x3c C:/Users/Marius/Documents/DWM1001/Source_Code/DWM1001_on_board_package/DWM1001_on_board_package_R2.0/dwm/examples/dwm-twr-ranges/../../lib/libdwm.a(process-svc.o)
                0x00048498                svc_init
 .text.svc_start
                0x000484d4        0xc C:/Users/Marius/Documents/DWM1001/Source_Code/DWM1001_on_board_package/DWM1001_on_board_package_R2.0/dwm/examples/dwm-twr-ranges/../../lib/libdwm.a(process-svc.o)
                0x000484d4                svc_start
 .text.svc_post_event
                0x000484e0       0x64 C:/Users/Marius/Documents/DWM1001/Source_Code/DWM1001_on_board_package/DWM1001_on_board_package_R2.0/dwm/examples/dwm-twr-ranges/../../lib/libdwm.a(process-svc.o)
                0x000484e0                svc_post_event
 .text.svc_suspend
                0x00048544       0x30 C:/Users/Marius/Documents/DWM1001/Source_Code/DWM1001_on_board_package/DWM1001_on_board_package_R2.0/dwm/examples/dwm-twr-ranges/../../lib/libdwm.a(process-svc.o)
                0x00048544                svc_suspend
 .text.svc_resume
                0x00048574       0x28 C:/Users/Marius/Documents/DWM1001/Source_Code/DWM1001_on_board_package/DWM1001_on_board_package_R2.0/dwm/examples/dwm-twr-ranges/../../lib/libdwm.a(process-svc.o)
                0x00048574                svc_resume
 .text.uwbmac_wkr_thread_entry
                0x0004859c       0x1c C:/Users/Marius/Documents/DWM1001/Source_Code/DWM1001_on_board_package/DWM1001_on_board_package_R2.0/dwm/examples/dwm-twr-ranges/../../lib/libdwm.a(process-uwbmac.o)
 .text.uwbmac_thread_entry
                0x000485b8      0x12c C:/Users/Marius/Documents/DWM1001/Source_Code/DWM1001_on_board_package/DWM1001_on_board_package_R2.0/dwm/examples/dwm-twr-ranges/../../lib/libdwm.a(process-uwbmac.o)
 .text.uwbmac_init
                0x000486e4       0x6c C:/Users/Marius/Documents/DWM1001/Source_Code/DWM1001_on_board_package/DWM1001_on_board_package_R2.0/dwm/examples/dwm-twr-ranges/../../lib/libdwm.a(process-uwbmac.o)
                0x000486e4                uwbmac_init
 .text.uwbmac_start
                0x00048750       0x18 C:/Users/Marius/Documents/DWM1001/Source_Code/DWM1001_on_board_package/DWM1001_on_board_package_R2.0/dwm/examples/dwm-twr-ranges/../../lib/libdwm.a(process-uwbmac.o)
                0x00048750                uwbmac_start
 .text.dw_intr  0x00048768        0xc C:/Users/Marius/Documents/DWM1001/Source_Code/DWM1001_on_board_package/DWM1001_on_board_package_R2.0/dwm/examples/dwm-twr-ranges/../../lib/libdwm.a(process-uwb.o)
                0x00048768                dw_intr
 .text.uwb_init_uwb0
                0x00048774      0x42c C:/Users/Marius/Documents/DWM1001/Source_Code/DWM1001_on_board_package/DWM1001_on_board_package_R2.0/dwm/examples/dwm-twr-ranges/../../lib/libdwm.a(process-uwb.o)
                0x00048774                uwb_init_uwb0
 .text.uwb_thread_entry
                0x00048ba0       0xac C:/Users/Marius/Documents/DWM1001/Source_Code/DWM1001_on_board_package/DWM1001_on_board_package_R2.0/dwm/examples/dwm-twr-ranges/../../lib/libdwm.a(process-uwb.o)
 .text.uwb_init
                0x00048c4c       0x3c C:/Users/Marius/Documents/DWM1001/Source_Code/DWM1001_on_board_package/DWM1001_on_board_package_R2.0/dwm/examples/dwm-twr-ranges/../../lib/libdwm.a(process-uwb.o)
                0x00048c4c                uwb_init
 .text.uwb_start
                0x00048c88        0xc C:/Users/Marius/Documents/DWM1001/Source_Code/DWM1001_on_board_package/DWM1001_on_board_package_R2.0/dwm/examples/dwm-twr-ranges/../../lib/libdwm.a(process-uwb.o)
                0x00048c88                uwb_start
 .text.uwb_init_ready_await
                0x00048c94       0x18 C:/Users/Marius/Documents/DWM1001/Source_Code/DWM1001_on_board_package/DWM1001_on_board_package_R2.0/dwm/examples/dwm-twr-ranges/../../lib/libdwm.a(process-uwb.o)
                0x00048c94                uwb_init_ready_await
 .text.uart_timeout_handler
                0x00048cac       0x10 C:/Users/Marius/Documents/DWM1001/Source_Code/DWM1001_on_board_package/DWM1001_on_board_package_R2.0/dwm/examples/dwm-twr-ranges/../../lib/libdwm.a(serial.o)
 .text.uart_init
                0x00048cbc       0x10 C:/Users/Marius/Documents/DWM1001/Source_Code/DWM1001_on_board_package/DWM1001_on_board_package_R2.0/dwm/examples/dwm-twr-ranges/../../lib/libdwm.a(serial.o)
 .text.spis_gpio_set
                0x00048ccc       0x20 C:/Users/Marius/Documents/DWM1001/Source_Code/DWM1001_on_board_package/DWM1001_on_board_package_R2.0/dwm/examples/dwm-twr-ranges/../../lib/libdwm.a(serial.o)
 .text.spis_init
                0x00048cec       0x10 C:/Users/Marius/Documents/DWM1001/Source_Code/DWM1001_on_board_package/DWM1001_on_board_package_R2.0/dwm/examples/dwm-twr-ranges/../../lib/libdwm.a(serial.o)
 .text.pm_serial_suspend
                0x00048cfc       0x58 C:/Users/Marius/Documents/DWM1001/Source_Code/DWM1001_on_board_package/DWM1001_on_board_package_R2.0/dwm/examples/dwm-twr-ranges/../../lib/libdwm.a(serial.o)
 .text.gpio_wakeup_intr
                0x00048d54        0xc C:/Users/Marius/Documents/DWM1001/Source_Code/DWM1001_on_board_package/DWM1001_on_board_package_R2.0/dwm/examples/dwm-twr-ranges/../../lib/libdwm.a(serial.o)
 .text._serial_status_change_ntfy
                0x00048d60       0x3c C:/Users/Marius/Documents/DWM1001/Source_Code/DWM1001_on_board_package/DWM1001_on_board_package_R2.0/dwm/examples/dwm-twr-ranges/../../lib/libdwm.a(serial.o)
 .text._serial_start
                0x00048d9c       0x1c C:/Users/Marius/Documents/DWM1001/Source_Code/DWM1001_on_board_package/DWM1001_on_board_package_R2.0/dwm/examples/dwm-twr-ranges/../../lib/libdwm.a(serial.o)
 .text._on_spis_evt
                0x00048db8       0x78 C:/Users/Marius/Documents/DWM1001/Source_Code/DWM1001_on_board_package/DWM1001_on_board_package_R2.0/dwm/examples/dwm-twr-ranges/../../lib/libdwm.a(serial.o)
 .text.spis_api_cb
                0x00048e30       0x60 C:/Users/Marius/Documents/DWM1001/Source_Code/DWM1001_on_board_package/DWM1001_on_board_package_R2.0/dwm/examples/dwm-twr-ranges/../../lib/libdwm.a(serial.o)
 .text._spis_init
                0x00048e90       0x2c C:/Users/Marius/Documents/DWM1001/Source_Code/DWM1001_on_board_package/DWM1001_on_board_package_R2.0/dwm/examples/dwm-twr-ranges/../../lib/libdwm.a(serial.o)
 .text._serial_sleep
                0x00048ebc       0x1c C:/Users/Marius/Documents/DWM1001/Source_Code/DWM1001_on_board_package/DWM1001_on_board_package_R2.0/dwm/examples/dwm-twr-ranges/../../lib/libdwm.a(serial.o)
 .text.spis_event_handler
                0x00048ed8      0x1d0 C:/Users/Marius/Documents/DWM1001/Source_Code/DWM1001_on_board_package/DWM1001_on_board_package_R2.0/dwm/examples/dwm-twr-ranges/../../lib/libdwm.a(serial.o)
 .text.serial_sleep
                0x000490a8       0x10 C:/Users/Marius/Documents/DWM1001/Source_Code/DWM1001_on_board_package/DWM1001_on_board_package_R2.0/dwm/examples/dwm-twr-ranges/../../lib/libdwm.a(serial.o)
                0x000490a8                serial_sleep
 .text.serial_uart_reinit
                0x000490b8       0x10 C:/Users/Marius/Documents/DWM1001/Source_Code/DWM1001_on_board_package/DWM1001_on_board_package_R2.0/dwm/examples/dwm-twr-ranges/../../lib/libdwm.a(serial.o)
                0x000490b8                serial_uart_reinit
 .text.serial_status_change_ntfy
                0x000490c8       0x10 C:/Users/Marius/Documents/DWM1001/Source_Code/DWM1001_on_board_package/DWM1001_on_board_package_R2.0/dwm/examples/dwm-twr-ranges/../../lib/libdwm.a(serial.o)
                0x000490c8                serial_status_change_ntfy
 .text.serial_thread_entry
                0x000490d8      0x168 C:/Users/Marius/Documents/DWM1001/Source_Code/DWM1001_on_board_package/DWM1001_on_board_package_R2.0/dwm/examples/dwm-twr-ranges/../../lib/libdwm.a(serial.o)
                0x000490d8                serial_thread_entry
 .text.serial_start
                0x00049240       0x10 C:/Users/Marius/Documents/DWM1001/Source_Code/DWM1001_on_board_package/DWM1001_on_board_package_R2.0/dwm/examples/dwm-twr-ranges/../../lib/libdwm.a(serial.o)
                0x00049240                serial_start
 .text.serial_compile_spi
                0x00049250       0x58 C:/Users/Marius/Documents/DWM1001/Source_Code/DWM1001_on_board_package/DWM1001_on_board_package_R2.0/dwm/examples/dwm-twr-ranges/../../lib/libdwm.a(serial.o)
                0x00049250                serial_compile_spi
 .text.serial_is_uart_compiled
                0x000492a8        0xc C:/Users/Marius/Documents/DWM1001/Source_Code/DWM1001_on_board_package/DWM1001_on_board_package_R2.0/dwm/examples/dwm-twr-ranges/../../lib/libdwm.a(serial.o)
                0x000492a8                serial_is_uart_compiled
 .text.serial_is_compiled
                0x000492b4        0xc C:/Users/Marius/Documents/DWM1001/Source_Code/DWM1001_on_board_package/DWM1001_on_board_package_R2.0/dwm/examples/dwm-twr-ranges/../../lib/libdwm.a(serial.o)
                0x000492b4                serial_is_compiled
 .text.cmd_enc_key_clear
                0x000492c0       0x34 C:/Users/Marius/Documents/DWM1001/Source_Code/DWM1001_on_board_package/DWM1001_on_board_package_R2.0/dwm/examples/dwm-twr-ranges/../../lib/libdwm.a(shell-api.o)
                0x000492c0                cmd_enc_key_clear
 .text.cmd_nvm_usr_data_clear
                0x000492f4       0x38 C:/Users/Marius/Documents/DWM1001/Source_Code/DWM1001_on_board_package/DWM1001_on_board_package_R2.0/dwm/examples/dwm-twr-ranges/../../lib/libdwm.a(shell-api.o)
 .text.cmd_nvm_usr_data_set
                0x0004932c       0xb8 C:/Users/Marius/Documents/DWM1001/Source_Code/DWM1001_on_board_package/DWM1001_on_board_package_R2.0/dwm/examples/dwm-twr-ranges/../../lib/libdwm.a(shell-api.o)
 .text.cmd_tlv  0x000493e4       0xb0 C:/Users/Marius/Documents/DWM1001/Source_Code/DWM1001_on_board_package/DWM1001_on_board_package_R2.0/dwm/examples/dwm-twr-ranges/../../lib/libdwm.a(shell-api.o)
 .text.api_cb   0x00049494       0x44 C:/Users/Marius/Documents/DWM1001/Source_Code/DWM1001_on_board_package/DWM1001_on_board_package_R2.0/dwm/examples/dwm-twr-ranges/../../lib/libdwm.a(shell-api.o)
 .text.cmd_enc_key_set
                0x000494d8       0x94 C:/Users/Marius/Documents/DWM1001/Source_Code/DWM1001_on_board_package/DWM1001_on_board_package_R2.0/dwm/examples/dwm-twr-ranges/../../lib/libdwm.a(shell-api.o)
                0x000494d8                cmd_enc_key_set
 .text.cmd_nvm_usr_data_get
                0x0004956c       0x64 C:/Users/Marius/Documents/DWM1001/Source_Code/DWM1001_on_board_package/DWM1001_on_board_package_R2.0/dwm/examples/dwm-twr-ranges/../../lib/libdwm.a(shell-api.o)
 .text.cmd_cfg_tn_set
                0x000495d0      0x120 C:/Users/Marius/Documents/DWM1001/Source_Code/DWM1001_on_board_package/DWM1001_on_board_package_R2.0/dwm/examples/dwm-twr-ranges/../../lib/libdwm.a(shell-api.o)
 .text.cmd_cfg_an_set
                0x000496f0       0xf4 C:/Users/Marius/Documents/DWM1001/Source_Code/DWM1001_on_board_package/DWM1001_on_board_package_R2.0/dwm/examples/dwm-twr-ranges/../../lib/libdwm.a(shell-api.o)
 .text.cmd_pos_set
                0x000497e4       0x88 C:/Users/Marius/Documents/DWM1001/Source_Code/DWM1001_on_board_package/DWM1001_on_board_package_R2.0/dwm/examples/dwm-twr-ranges/../../lib/libdwm.a(shell-api.o)
 .text.cmd_pos_get
                0x0004986c       0x48 C:/Users/Marius/Documents/DWM1001/Source_Code/DWM1001_on_board_package/DWM1001_on_board_package_R2.0/dwm/examples/dwm-twr-ranges/../../lib/libdwm.a(shell-api.o)
 .text.cmd_ur_get
                0x000498b4       0x4c C:/Users/Marius/Documents/DWM1001/Source_Code/DWM1001_on_board_package/DWM1001_on_board_package_R2.0/dwm/examples/dwm-twr-ranges/../../lib/libdwm.a(shell-api.o)
 .text.cmd_ur_set
                0x00049900       0x7c C:/Users/Marius/Documents/DWM1001/Source_Code/DWM1001_on_board_package/DWM1001_on_board_package_R2.0/dwm/examples/dwm-twr-ranges/../../lib/libdwm.a(shell-api.o)
 .text.cmd_le_show_loc
                0x0004997c       0x2c C:/Users/Marius/Documents/DWM1001/Source_Code/DWM1001_on_board_package/DWM1001_on_board_package_R2.0/dwm/examples/dwm-twr-ranges/../../lib/libdwm.a(shell-le.o)
                0x0004997c                cmd_le_show_loc
 .text.cmd_le_show_loc_csv
                0x000499a8       0x2c C:/Users/Marius/Documents/DWM1001/Source_Code/DWM1001_on_board_package/DWM1001_on_board_package_R2.0/dwm/examples/dwm-twr-ranges/../../lib/libdwm.a(shell-le.o)
                0x000499a8                cmd_le_show_loc_csv
 .text.cmd_le_show_pos_csv
                0x000499d4        0x4 C:/Users/Marius/Documents/DWM1001/Source_Code/DWM1001_on_board_package/DWM1001_on_board_package_R2.0/dwm/examples/dwm-twr-ranges/../../lib/libdwm.a(shell-le.o)
                0x000499d4                cmd_le_show_pos_csv
 .text._shell_stop
                0x000499d8        0xc C:/Users/Marius/Documents/DWM1001/Source_Code/DWM1001_on_board_package/DWM1001_on_board_package_R2.0/dwm/examples/dwm-twr-ranges/../../lib/libdwm.a(shell.o)
 .text._shell_add_cmds
                0x000499e4       0x24 C:/Users/Marius/Documents/DWM1001/Source_Code/DWM1001_on_board_package/DWM1001_on_board_package_R2.0/dwm/examples/dwm-twr-ranges/../../lib/libdwm.a(shell.o)
 .text._get_argc
                0x00049a08       0x1c C:/Users/Marius/Documents/DWM1001/Source_Code/DWM1001_on_board_package/DWM1001_on_board_package_R2.0/dwm/examples/dwm-twr-ranges/../../lib/libdwm.a(shell.o)
 .text._shell_get_arg
                0x00049a24       0x14 C:/Users/Marius/Documents/DWM1001/Source_Code/DWM1001_on_board_package/DWM1001_on_board_package_R2.0/dwm/examples/dwm-twr-ranges/../../lib/libdwm.a(shell.o)
 .text._shell_set_init_print
                0x00049a38        0xc C:/Users/Marius/Documents/DWM1001/Source_Code/DWM1001_on_board_package/DWM1001_on_board_package_R2.0/dwm/examples/dwm-twr-ranges/../../lib/libdwm.a(shell.o)
 .text._shell_show_hidden
                0x00049a44        0xc C:/Users/Marius/Documents/DWM1001/Source_Code/DWM1001_on_board_package/DWM1001_on_board_package_R2.0/dwm/examples/dwm-twr-ranges/../../lib/libdwm.a(shell.o)
 .text._shell_init_ready_await
                0x00049a50       0x18 C:/Users/Marius/Documents/DWM1001/Source_Code/DWM1001_on_board_package/DWM1001_on_board_package_R2.0/dwm/examples/dwm-twr-ranges/../../lib/libdwm.a(shell.o)
 .text.shell_init_print_fnc
                0x00049a68        0xc C:/Users/Marius/Documents/DWM1001/Source_Code/DWM1001_on_board_package/DWM1001_on_board_package_R2.0/dwm/examples/dwm-twr-ranges/../../lib/libdwm.a(shell.o)
 .text._shell_print_hex
                0x00049a74       0x48 C:/Users/Marius/Documents/DWM1001/Source_Code/DWM1001_on_board_package/DWM1001_on_board_package_R2.0/dwm/examples/dwm-twr-ranges/../../lib/libdwm.a(shell.o)
 .text._shell_get_arg_int
                0x00049abc       0x4c C:/Users/Marius/Documents/DWM1001/Source_Code/DWM1001_on_board_package/DWM1001_on_board_package_R2.0/dwm/examples/dwm-twr-ranges/../../lib/libdwm.a(shell.o)
 .text._shell_start
                0x00049b08        0x4 C:/Users/Marius/Documents/DWM1001/Source_Code/DWM1001_on_board_package/DWM1001_on_board_package_R2.0/dwm/examples/dwm-twr-ranges/../../lib/libdwm.a(shell.o)
 .text._shell_uninit
                0x00049b0c       0x3c C:/Users/Marius/Documents/DWM1001/Source_Code/DWM1001_on_board_package/DWM1001_on_board_package_R2.0/dwm/examples/dwm-twr-ranges/../../lib/libdwm.a(shell.o)
 .text._shell_init
                0x00049b48       0x44 C:/Users/Marius/Documents/DWM1001/Source_Code/DWM1001_on_board_package/DWM1001_on_board_package_R2.0/dwm/examples/dwm-twr-ranges/../../lib/libdwm.a(shell.o)
 .text.shell_fsm_entry
                0x00049b8c      0x29c C:/Users/Marius/Documents/DWM1001/Source_Code/DWM1001_on_board_package/DWM1001_on_board_package_R2.0/dwm/examples/dwm-twr-ranges/../../lib/libdwm.a(shell.o)
 .text.shell_thread_entry
                0x00049e28       0x88 C:/Users/Marius/Documents/DWM1001/Source_Code/DWM1001_on_board_package/DWM1001_on_board_package_R2.0/dwm/examples/dwm-twr-ranges/../../lib/libdwm.a(shell.o)
                0x00049e28                shell_thread_entry
 .text.dwm_shell_init
                0x00049eb0       0x10 C:/Users/Marius/Documents/DWM1001/Source_Code/DWM1001_on_board_package/DWM1001_on_board_package_R2.0/dwm/examples/dwm-twr-ranges/../../lib/libdwm.a(shell.o)
                0x00049eb0                dwm_shell_init
 .text.shell_init
                0x00049ec0       0x10 C:/Users/Marius/Documents/DWM1001/Source_Code/DWM1001_on_board_package/DWM1001_on_board_package_R2.0/dwm/examples/dwm-twr-ranges/../../lib/libdwm.a(shell.o)
                0x00049ec0                shell_init
 .text.shell_uninit
                0x00049ed0       0x10 C:/Users/Marius/Documents/DWM1001/Source_Code/DWM1001_on_board_package/DWM1001_on_board_package_R2.0/dwm/examples/dwm-twr-ranges/../../lib/libdwm.a(shell.o)
                0x00049ed0                shell_uninit
 .text._shell_delete_if_unused
                0x00049ee0       0x2c C:/Users/Marius/Documents/DWM1001/Source_Code/DWM1001_on_board_package/DWM1001_on_board_package_R2.0/dwm/examples/dwm-twr-ranges/../../lib/libdwm.a(shell.o)
 .text.shell_start
                0x00049f0c       0x10 C:/Users/Marius/Documents/DWM1001/Source_Code/DWM1001_on_board_package/DWM1001_on_board_package_R2.0/dwm/examples/dwm-twr-ranges/../../lib/libdwm.a(shell.o)
                0x00049f0c                shell_start
 .text.shell_stop
                0x00049f1c       0x10 C:/Users/Marius/Documents/DWM1001/Source_Code/DWM1001_on_board_package/DWM1001_on_board_package_R2.0/dwm/examples/dwm-twr-ranges/../../lib/libdwm.a(shell.o)
                0x00049f1c                shell_stop
 .text.shell_quit
                0x00049f2c       0x14 C:/Users/Marius/Documents/DWM1001/Source_Code/DWM1001_on_board_package/DWM1001_on_board_package_R2.0/dwm/examples/dwm-twr-ranges/../../lib/libdwm.a(shell.o)
 .text.shell_delete_if_unused
                0x00049f40       0x10 C:/Users/Marius/Documents/DWM1001/Source_Code/DWM1001_on_board_package/DWM1001_on_board_package_R2.0/dwm/examples/dwm-twr-ranges/../../lib/libdwm.a(shell.o)
                0x00049f40                shell_delete_if_unused
 .text.shell_add_cmds
                0x00049f50       0x10 C:/Users/Marius/Documents/DWM1001/Source_Code/DWM1001_on_board_package/DWM1001_on_board_package_R2.0/dwm/examples/dwm-twr-ranges/../../lib/libdwm.a(shell.o)
                0x00049f50                shell_add_cmds
 .text.get_argc
                0x00049f60       0x10 C:/Users/Marius/Documents/DWM1001/Source_Code/DWM1001_on_board_package/DWM1001_on_board_package_R2.0/dwm/examples/dwm-twr-ranges/../../lib/libdwm.a(shell.o)
                0x00049f60                get_argc
 .text.shell_get_arg
                0x00049f70       0x10 C:/Users/Marius/Documents/DWM1001/Source_Code/DWM1001_on_board_package/DWM1001_on_board_package_R2.0/dwm/examples/dwm-twr-ranges/../../lib/libdwm.a(shell.o)
                0x00049f70                shell_get_arg
 .text._get_argv
                0x00049f80        0x4 C:/Users/Marius/Documents/DWM1001/Source_Code/DWM1001_on_board_package/DWM1001_on_board_package_R2.0/dwm/examples/dwm-twr-ranges/../../lib/libdwm.a(shell.o)
 .text.shell_get_arg_int
                0x00049f84       0x10 C:/Users/Marius/Documents/DWM1001/Source_Code/DWM1001_on_board_package/DWM1001_on_board_package_R2.0/dwm/examples/dwm-twr-ranges/../../lib/libdwm.a(shell.o)
                0x00049f84                shell_get_arg_int
 .text.shell_set_init_print
                0x00049f94       0x10 C:/Users/Marius/Documents/DWM1001/Source_Code/DWM1001_on_board_package/DWM1001_on_board_package_R2.0/dwm/examples/dwm-twr-ranges/../../lib/libdwm.a(shell.o)
                0x00049f94                shell_set_init_print
 .text._dwm_shell_init
                0x00049fa4       0x70 C:/Users/Marius/Documents/DWM1001/Source_Code/DWM1001_on_board_package/DWM1001_on_board_package_R2.0/dwm/examples/dwm-twr-ranges/../../lib/libdwm.a(shell.o)
                0x00049fa4                _dwm_shell_init
 .text.shell_show_hidden
                0x0004a014       0x10 C:/Users/Marius/Documents/DWM1001/Source_Code/DWM1001_on_board_package/DWM1001_on_board_package_R2.0/dwm/examples/dwm-twr-ranges/../../lib/libdwm.a(shell.o)
                0x0004a014                shell_show_hidden
 .text.shell_help
                0x0004a024       0xa8 C:/Users/Marius/Documents/DWM1001/Source_Code/DWM1001_on_board_package/DWM1001_on_board_package_R2.0/dwm/examples/dwm-twr-ranges/../../lib/libdwm.a(shell.o)
 .text.shell_show_hidden_enabled
                0x0004a0cc       0x14 C:/Users/Marius/Documents/DWM1001/Source_Code/DWM1001_on_board_package/DWM1001_on_board_package_R2.0/dwm/examples/dwm-twr-ranges/../../lib/libdwm.a(shell.o)
                0x0004a0cc                shell_show_hidden_enabled
 .text.shell_is_compiled
                0x0004a0e0        0xc C:/Users/Marius/Documents/DWM1001/Source_Code/DWM1001_on_board_package/DWM1001_on_board_package_R2.0/dwm/examples/dwm-twr-ranges/../../lib/libdwm.a(shell.o)
                0x0004a0e0                shell_is_compiled
 .text.shell_compile
                0x0004a0ec       0xe0 C:/Users/Marius/Documents/DWM1001/Source_Code/DWM1001_on_board_package/DWM1001_on_board_package_R2.0/dwm/examples/dwm-twr-ranges/../../lib/libdwm.a(shell.o)
                0x0004a0ec                shell_compile
 .text.cmd_twi  0x0004a1cc       0xc4 C:/Users/Marius/Documents/DWM1001/Source_Code/DWM1001_on_board_package/DWM1001_on_board_package_R2.0/dwm/examples/dwm-twr-ranges/../../lib/libdwm.a(shell-sens.o)
                0x0004a1cc                cmd_twi
 .text.cmd_stnry_cfg_get
                0x0004a290       0x2c C:/Users/Marius/Documents/DWM1001/Source_Code/DWM1001_on_board_package/DWM1001_on_board_package_R2.0/dwm/examples/dwm-twr-ranges/../../lib/libdwm.a(shell-sens.o)
                0x0004a290                cmd_stnry_cfg_get
 .text.cmd_acc_xyz
                0x0004a2bc       0x48 C:/Users/Marius/Documents/DWM1001/Source_Code/DWM1001_on_board_package/DWM1001_on_board_package_R2.0/dwm/examples/dwm-twr-ranges/../../lib/libdwm.a(shell-sens.o)
 .text.cmd_acc_id
                0x0004a304       0x24 C:/Users/Marius/Documents/DWM1001/Source_Code/DWM1001_on_board_package/DWM1001_on_board_package_R2.0/dwm/examples/dwm-twr-ranges/../../lib/libdwm.a(shell-sens.o)
 .text.cmd_stnry_cfg_set
                0x0004a328       0x60 C:/Users/Marius/Documents/DWM1001/Source_Code/DWM1001_on_board_package/DWM1001_on_board_package_R2.0/dwm/examples/dwm-twr-ranges/../../lib/libdwm.a(shell-sens.o)
                0x0004a328                cmd_stnry_cfg_set
 .text.NVIC_SystemReset
                0x0004a388       0x24 C:/Users/Marius/Documents/DWM1001/Source_Code/DWM1001_on_board_package/DWM1001_on_board_package_R2.0/dwm/examples/dwm-twr-ranges/../../lib/libdwm.a(shell-sys.o)
 .text.cmd_reset
                0x0004a3ac        0x6 C:/Users/Marius/Documents/DWM1001/Source_Code/DWM1001_on_board_package/DWM1001_on_board_package_R2.0/dwm/examples/dwm-twr-ranges/../../lib/libdwm.a(shell-sys.o)
                0x0004a3ac                cmd_reset
 .text.cmd_free
                0x0004a3b2        0x4 C:/Users/Marius/Documents/DWM1001/Source_Code/DWM1001_on_board_package/DWM1001_on_board_package_R2.0/dwm/examples/dwm-twr-ranges/../../lib/libdwm.a(shell-sys.o)
                0x0004a3b2                cmd_free
 .text.cmd_ps   0x0004a3b6        0x4 C:/Users/Marius/Documents/DWM1001/Source_Code/DWM1001_on_board_package/DWM1001_on_board_package_R2.0/dwm/examples/dwm-twr-ranges/../../lib/libdwm.a(shell-sys.o)
                0x0004a3b6                cmd_ps
 .text.cmd_pm_show
                0x0004a3ba        0x4 C:/Users/Marius/Documents/DWM1001/Source_Code/DWM1001_on_board_package/DWM1001_on_board_package_R2.0/dwm/examples/dwm-twr-ranges/../../lib/libdwm.a(shell-sys.o)
                0x0004a3ba                cmd_pm_show
 .text.cmd_uptime
                0x0004a3be        0x4 C:/Users/Marius/Documents/DWM1001/Source_Code/DWM1001_on_board_package/DWM1001_on_board_package_R2.0/dwm/examples/dwm-twr-ranges/../../lib/libdwm.a(shell-sys.o)
                0x0004a3be                cmd_uptime